###############################################################################
#
# IAR ELF Linker V9.30.1.335/W64 for ARM                  05/Mar/2023  08:39:36
# Copyright 2007-2022 IAR Systems AB.
#
#    Output file  =  R:\POIP\POIP\Project_8\Debug\Exe\Project_8.out
#    Map file     =  R:\POIP\POIP\Project_8\Debug\List\Project_8.map
#    Command line =
#        -f R:\POIP\POIP\Project_8\Debug\Exe\Project_8.out.rsp
#        (R:\POIP\POIP\Project_8\Debug\Obj\Modes\AllMode\AllMode.o
#        R:\POIP\POIP\Project_8\Debug\Obj\Components\Button\Button.o
#        R:\POIP\POIP\Project_8\Debug\Obj\Modes\ChessMode\ChessMode.o
#        R:\POIP\POIP\Project_8\Debug\Obj\Components\LED\LED.o
#        R:\POIP\POIP\Project_8\Debug\Obj\main.o
#        R:\POIP\POIP\Project_8\Debug\Obj\Modes\SlideMode\SlideMode.o
#        R:\POIP\POIP\Project_8\Debug\Obj\Modes\TreeMode\TreeMode.o
#        --no_out_extension -o R:\POIP\POIP\Project_8\Debug\Exe\Project_8.out
#        --map R:\POIP\POIP\Project_8\Debug\List\Project_8.map --config
#        R:\POIP\POIP\Project_8\Project_8.icf --semihosting --entry
#        __iar_program_start --vfe --text_out locale --cpu=Cortex-M4
#        --fpu=VFPv4_sp)
#
###############################################################################

*******************************************************************************
*** RUNTIME MODEL ATTRIBUTES
***

CppFlavor                     = *
__CPP_Exceptions              = Disabled
__CPP_Language                = C++14
__CPP_Library                 = DLib
__CPP_Runtime                 = 1
__Heap_Handler                = Basic
__SystemLibrary               = DLib
__dlib_dynamic_initialization = normal
__dlib_version                = 6


*******************************************************************************
*** HEAP SELECTION
***

The basic heap was selected because --advanced_heap
was not specified and the application did not appear to
be primarily optimized for speed.


*******************************************************************************
*** PLACEMENT SUMMARY
***

"A0":  place at address 0x800'0000 { ro section .intvec };
"P1":  place in [from 0x800'0000 to 0x803'ffff] { ro };
define block CSTACK with size = 8K, alignment = 8 { };
define block HEAP with size = 0, alignment = 8 { };
"P2":  place in [from 0x2000'0000 to 0x2001'ffff] {
          rw, block CSTACK, block HEAP };
initialize by copy { rw };

  Section                Kind         Address    Size  Object
  -------                ----         -------    ----  ------
"A0":                                            0x40
  .intvec                ro code   0x800'0000    0x40  vector_table_M.o [12]
                                 - 0x800'0040    0x40

"P1":                                           0xa1a
  .text                  ro code   0x800'0040    0xf8  main.o [1]
  .text                  ro code   0x800'0138    0x3c  LED.o [3]
  .text                  ro code   0x800'0174    0x96  Button.o [2]
  .text                  ro code   0x800'020a    0x2a  copy_init3.o [12]
  .text                  ro code   0x800'0234    0x1c  AllMode.o [4]
  .text                  ro code   0x800'0250    0x4a  ChessMode.o [5]
  .text                  ro code   0x800'029a     0x2  vectortrap_M.o [12]
  .text                  ro code   0x800'029c    0x54  TreeMode.o [7]
  .text                  ro code   0x800'02f0    0xa4  SlideMode.o [6]
  .text                  ro code   0x800'0394    0x20  main.o [1]
  .text                  ro code   0x800'03b4    0x14  main.o [1]
  .text                  ro code   0x800'03c8    0x14  main.o [1]
  .text                  ro code   0x800'03dc    0x14  main.o [1]
  .text                  ro code   0x800'03f0    0x14  main.o [1]
  .text                  ro code   0x800'0404    0x14  main.o [1]
  .text                  ro code   0x800'0418    0x16  main.o [1]
  .text                  ro code   0x800'042e     0xc  LED.o [3]
  .text                  ro code   0x800'043a     0xc  Button.o [2]
  .text                  ro code   0x800'0446     0xc  Button.o [2]
  .text                  ro code   0x800'0452     0x6  Button.o [2]
  .text                  ro code   0x800'0458     0x6  Button.o [2]
  .text                  ro code   0x800'045e     0xc  AllMode.o [4]
  .text                  ro code   0x800'046a     0xc  ChessMode.o [5]
  .text                  ro code   0x800'0476     0x6  ChessMode.o [5]
  .text                  ro code   0x800'047c    0x3e  AllMode.o [4]
  .text                  ro code   0x800'04ba     0xc  main.o [1]
  .text                  ro code   0x800'04c6     0x6  main.o [1]
  .text                  ro code   0x800'04cc     0x2  LED.o [3]
  .text                  ro code   0x800'04ce     0x2  Button.o [2]
  .text                  ro code   0x800'04d0     0x2  Button.o [2]
  .rodata                zero      0x800'04d2     0x1  AllMode.o [4]
  .rodata                const     0x800'04d3     0x1  unwind_debug.o [13]
  .text                  ro code   0x800'04d4     0xc  AllMode.o [4]
  .text                  ro code   0x800'04e0     0x6  ChessMode.o [5]
  .text                  ro code   0x800'04e6    0x18  AllMode.o [4]
  .text                  ro code   0x800'04fe    0x18  AllMode.o [4]
  .text                  ro code   0x800'0516    0x1c  AllMode.o [4]
  .text                  ro code   0x800'0532     0x4  AllMode.o [4]
  .text                  ro code   0x800'0536     0x8  AllMode.o [4]
  .text                  ro code   0x800'053e     0x2  main.o [1]
  .text                  ro code   0x800'0540    0x14  AllMode.o [4]
  .text                  ro code   0x800'0554     0x8  AllMode.o [4]
  .text                  ro code   0x800'055c    0x12  AllMode.o [4]
  .text                  ro code   0x800'056e     0x2  AllMode.o [4]
  .text                  ro code   0x800'0570    0x3e  AllMode.o [4]
  .text                  ro code   0x800'05ae    0x38  zero_init3.o [12]
  .text                  ro code   0x800'05e6    0x30  main.o [1]
  .text                  ro code   0x800'0616     0x6  main.o [1]
  .text                  ro code   0x800'061c    0x2c  iarttio.o [13]
  .text                  ro code   0x800'0648     0x8  XShttio.o [8]
  .text                  ro code   0x800'0650    0x28  data_init.o [12]
  Initializer bytes      const     0x800'0678    0x28  <for P2-1>
  .rodata                const     0x800'06a0    0x24  Button.o [2]
  .text                  ro code   0x800'06c4    0x22  fpinit_M.o [11]
  .iar.init_table        const     0x800'06e8    0x28  - Linker created -
  .rodata                const     0x800'0710    0x20  main.o [1]
  .rodata                const     0x800'0730    0x20  main.o [1]
  .rodata                const     0x800'0750    0x20  main.o [1]
  .rodata                const     0x800'0770    0x20  main.o [1]
  .rodata                const     0x800'0790    0x20  main.o [1]
  .text                  ro code   0x800'07b0    0x20  cmain_call_ctors.o [12]
  .text                  ro code   0x800'07d0    0x18  cppinit.o [8]
  .text                  ro code   0x800'07e8    0x1e  cmain.o [12]
  .text                  ro code   0x800'0806     0x4  low_level_init.o [8]
  .text                  ro code   0x800'080a     0x4  exit.o [8]
  .text                  ro code   0x800'0810     0xa  cexit.o [12]
  .text                  ro code   0x800'081c    0x14  exit.o [13]
  .text                  ro code   0x800'0830    0x1c  cstartup_M.o [12]
  .text                  ro code   0x800'084c    0x16  main.o [1]
  .text                  ro code   0x800'0864     0xc  main.o [1]
  .text                  ro code   0x800'0870     0xc  main.o [1]
  .text                  ro code   0x800'087c    0x16  main.o [1]
  .text                  ro code   0x800'0892    0x16  main.o [1]
  .text                  ro code   0x800'08a8    0x16  main.o [1]
  .text                  ro code   0x800'08be    0x16  main.o [1]
  .rodata                const     0x800'08d4    0x10  AllMode.o [4]
  .rodata                const     0x800'08e4    0x10  AllMode.o [4]
  .rodata                const     0x800'08f4    0x10  ChessMode.o [5]
  .rodata                const     0x800'0904    0x10  LED.o [3]
  .rodata                const     0x800'0914    0x10  SlideMode.o [6]
  .rodata                const     0x800'0924    0x10  TreeMode.o [7]
  .text                  ro code   0x800'0934    0x10  main.o [1]
  .text                  ro code   0x800'0944    0x10  main.o [1]
  .text                  ro code   0x800'0954     0xc  main.o [1]
  .text                  ro code   0x800'0960    0x10  main.o [1]
  .text                  ro code   0x800'0970    0x10  main.o [1]
  .text                  ro code   0x800'0980    0x10  main.o [1]
  .text                  ro code   0x800'0990    0x10  main.o [1]
  .text                  ro code   0x800'09a0    0x10  ios.o [9]
  .text                  ro code   0x800'09b0     0xe  main.o [1]
  .text                  ro code   0x800'09be     0xe  main.o [1]
  .text                  ro code   0x800'09cc     0xe  main.o [1]
  .rodata                const     0x800'09dc     0xc  main.o [1]
  .text                  ro code   0x800'09e8     0xc  main.o [1]
  .text                  ro code   0x800'09f4     0xc  main.o [1]
  .text                  ro code   0x800'0a00     0xc  main.o [1]
  .rodata                const     0x800'0a0c     0x8  main.o [1]
  .rodata                const     0x800'0a14     0x8  main.o [1]
  .rodata                const     0x800'0a1c     0x8  main.o [1]
  .rodata                const     0x800'0a24     0x8  main.o [1]
  .rodata                const     0x800'0a2c     0x8  main.o [1]
  SHT$$PREINIT_ARRAY               0x800'0a34     0x0  <Block>
  SHT$$INIT_ARRAY                  0x800'0a34     0x8  <Block>
    .init_array          const     0x800'0a34     0x4  main.o [1]
    .init_array          const     0x800'0a38     0x4  ios.o [9]
  __iar_tls$$INIT_ARRAY            0x800'0a3c     0x0  <Block>
  .text                  ro code   0x800'0a3c     0x6  main.o [1]
  .text                  ro code   0x800'0a42     0x6  main.o [1]
  .text                  ro code   0x800'0a48     0x6  main.o [1]
  .text                  ro code   0x800'0a4e     0x6  main.o [1]
  .text                  ro code   0x800'0a54     0x6  main.o [1]
  .rodata                const     0x800'0a5a     0x0  zero_init3.o [12]
  .rodata                const     0x800'0a5a     0x0  copy_init3.o [12]
                                 - 0x800'0a5a   0xa1a

"P2", part 1 of 3:                               0x28
  P2-1                            0x2000'0000    0x28  <Init block>
    .data                inited   0x2000'0000    0x10  main.o [1]
    .data                inited   0x2000'0010    0x10  main.o [1]
    .data                inited   0x2000'0020     0x8  XShttio.o [8]
                                - 0x2000'0028    0x28

"P2", part 2 of 3:                               0x88
  .bss                   zero     0x2000'0028    0x20  main.o [1]
  .bss                   zero     0x2000'0048    0x10  main.o [1]
  .bss                   zero     0x2000'0058    0x10  ios.o [9]
  .bss                   zero     0x2000'0068     0xc  main.o [1]
  .bss                   zero     0x2000'0074     0xc  main.o [1]
  .bss                   zero     0x2000'0080     0x8  main.o [1]
  .bss                   zero     0x2000'0088     0x8  main.o [1]
  .bss                   zero     0x2000'0090     0x8  main.o [1]
  .bss                   zero     0x2000'0098     0x8  main.o [1]
  .bss                   zero     0x2000'00a0     0x8  main.o [1]
  .bss                   zero     0x2000'00a8     0x8  main.o [1]
                                - 0x2000'00b0    0x88

"P2", part 3 of 3:                             0x2000
  CSTACK                          0x2000'00b0  0x2000  <Block>
    CSTACK               uninit   0x2000'00b0  0x2000  <Block tail>
                                - 0x2000'20b0  0x2000

Unused ranges:

         From           To      Size
         ----           --      ----
   0x800'0a5a   0x803'ffff  0x3'f5a6
  0x2000'20b0  0x2001'ffff  0x1'df50


*******************************************************************************
*** INIT TABLE
***

          Address      Size
          -------      ----
Zero (__iar_zero_init3)
    1 destination range, total size 0x88:
          0x2000'0028  0x88

Copy (__iar_copy_init3)
    1 source range, total size 0x28:
           0x800'0678  0x28
    1 destination range, total size 0x28:
          0x2000'0000  0x28

Extra (__iar_cstart_call_ctors)



*******************************************************************************
*** MODULE SUMMARY
***

    Module              ro code  ro data  rw data
    ------              -------  -------  -------
command line/config:
    ---------------------------------------------
    Total:

R:\POIP\POIP\Project_8\Debug\Obj: [1]
    main.o                  826      248      152
    ---------------------------------------------
    Total:                  826      248      152

R:\POIP\POIP\Project_8\Debug\Obj\Components\Button: [2]
    Button.o                190       36
    ---------------------------------------------
    Total:                  190       36

R:\POIP\POIP\Project_8\Debug\Obj\Components\LED: [3]
    LED.o                    74       16
    ---------------------------------------------
    Total:                   74       16

R:\POIP\POIP\Project_8\Debug\Obj\Modes\AllMode: [4]
    AllMode.o               312       32        1
    ---------------------------------------------
    Total:                  312       32        1

R:\POIP\POIP\Project_8\Debug\Obj\Modes\ChessMode: [5]
    ChessMode.o              98       16
    ---------------------------------------------
    Total:                   98       16

R:\POIP\POIP\Project_8\Debug\Obj\Modes\SlideMode: [6]
    SlideMode.o             164       16
    ---------------------------------------------
    Total:                  164       16

R:\POIP\POIP\Project_8\Debug\Obj\Modes\TreeMode: [7]
    TreeMode.o               84       16
    ---------------------------------------------
    Total:                   84       16

dl7M_tln.a: [8]
    XShttio.o                 8        8        8
    cppinit.o                24
    exit.o                    4
    low_level_init.o          4
    ---------------------------------------------
    Total:                   40        8        8

dlpp7M_tls_nc.a: [9]
    ios.o                    16        4       16
    ---------------------------------------------
    Total:                   16        4       16

dlpprt7M_tl_nc.a: [10]
    ---------------------------------------------
    Total:

m7M_tls.a: [11]
    fpinit_M.o               34
    ---------------------------------------------
    Total:                   34

rt7M_tl.a: [12]
    cexit.o                  10
    cmain.o                  30
    cmain_call_ctors.o       32
    copy_init3.o             42
    cstartup_M.o             28
    data_init.o              40
    vector_table_M.o         64
    vectortrap_M.o            2
    zero_init3.o             56
    ---------------------------------------------
    Total:                  304

shb_l.a: [13]
    exit.o                   20
    iarttio.o                44
    unwind_debug.o                     1
    ---------------------------------------------
    Total:                   64        1

    Gaps                      6        4
    Linker created                    40    8'192
-------------------------------------------------
    Grand Total:          2'212      437    8'369


*******************************************************************************
*** ENTRY LIST
***

Entry                       Address  Size  Type      Object
-----                       -------  ----  ----      ------
.iar.init_table$$Base    0x800'06e8         --   Gb  - Linker created -
.iar.init_table$$Limit   0x800'0710         --   Gb  - Linker created -
?main                    0x800'07e9        Code  Gb  cmain.o [12]
AllMode::AllMode(std::array<ILed *, (unsigned int)4> const &)
                         0x800'0235  0x16  Code  Gb  AllMode.o [4]
BusFault_Handler         0x800'029b        Code  Wk  vectortrap_M.o [12]
Button::AddObserver(IButtonObserver &)
                         0x800'01f1  0x1a  Code  Gb  Button.o [2]
Button::Button(IPinReadable const &)
                         0x800'0175  0x2a  Code  Gb  Button.o [2]
Button::IsPressed() const
                         0x800'01a5  0x4c  Code  Gb  Button.o [2]
CSTACK$$Base            0x2000'00b0         --   Gb  - Linker created -
CSTACK$$Limit           0x2000'20b0         --   Gb  - Linker created -
ChessMode::ChessMode(std::array<ILed *, (unsigned int)4> const &)
                         0x800'0251  0x1c  Code  Gb  ChessMode.o [5]
ChessMode::Clear()       0x800'0271  0x2a  Code  Gb  ChessMode.o [5]
DebugMon_Handler         0x800'029b        Code  Wk  vectortrap_M.o [12]
Delay(unsigned long long)
                         0x800'0097  0x20  Code  Gb  main.o [1]
Garland::Garland(std::array<IMode *, (unsigned int)4> const &)
                         0x800'0395  0x20  Code  Wk  main.o [1]
Garland::OnButtonPress()
                         0x800'0a01   0xc  Code  Wk  main.o [1]
Garland::SwitchNextMode()
                         0x800'05e7  0x30  Code  Wk  main.o [1]
Garland::UpdateCurrentMode() const
                         0x800'0419  0x16  Code  Wk  main.o [1]
HardFault_Handler        0x800'029b        Code  Wk  vectortrap_M.o [12]
IButton::IButton()       0x800'04cf   0x2  Code  Wk  Button.o [2]
IButton::IButton() [subobject]
                         0x800'043b   0xc  Code  Wk  Button.o [2]
IButtonObserver::IButtonObserver()
                         0x800'053f   0x2  Code  Wk  main.o [1]
IButtonObserver::IButtonObserver() [subobject]
                         0x800'04bb   0xc  Code  Wk  main.o [1]
ILed *const  * std::_Addressof<ILed *const >(ILed *const  &, std::integral_constant<bool, (bool)0>)
                         0x800'056f   0x2  Code  Wk  AllMode.o [4]
ILed *const  * std::addressof<ILed *const >(ILed *const  &)
                         0x800'0541  0x14  Code  Wk  AllMode.o [4]
ILed::ILed()             0x800'04cd   0x2  Code  Wk  LED.o [3]
ILed::ILed() [subobject]
                         0x800'042f   0xc  Code  Wk  LED.o [3]
IMode::Clear()           0x800'047d  0x3e  Code  Wk  AllMode.o [4]
IMode::IMode(std::array<ILed *, (unsigned int)4> const &)
                         0x800'04d5   0xc  Code  Wk  AllMode.o [4]
IMode::IMode(std::array<ILed *, (unsigned int)4> const &) [subobject]
                         0x800'045f   0xc  Code  Wk  AllMode.o [4]
IMode::Update()          0x800'0571  0x3e  Code  Wk  AllMode.o [4]
IObservable::IObservable()
                         0x800'04d1   0x2  Code  Wk  Button.o [2]
IObservable::IObservable() [subobject]
                         0x800'0447   0xc  Code  Wk  Button.o [2]
Led::Led(IPin const &)   0x800'0139  0x16  Code  Gb  LED.o [3]
Led::SwitchOff() const   0x800'0155  0x10  Code  Gb  LED.o [3]
Led::Toggle() const      0x800'0165  0x10  Code  Gb  LED.o [3]
MemManage_Handler        0x800'029b        Code  Wk  vectortrap_M.o [12]
NMI_Handler              0x800'029b        Code  Wk  vectortrap_M.o [12]
PendSV_Handler           0x800'029b        Code  Wk  vectortrap_M.o [12]
Pin<GPIOC, (int)13>::IsHigh() const
                         0x800'0991  0x10  Code  Wk  main.o [1]
Pin<GPIOC, (int)13>::Reset() const
                         0x800'08bf  0x16  Code  Wk  main.o [1]
Pin<GPIOC, (int)13>::Toggle() const
                         0x800'09cd   0xe  Code  Wk  main.o [1]
Pin<GPIOC, (int)6>::IsHigh() const
                         0x800'0945  0x10  Code  Wk  main.o [1]
Pin<GPIOC, (int)6>::Reset() const
                         0x800'084d  0x16  Code  Wk  main.o [1]
Pin<GPIOC, (int)6>::Toggle() const
                         0x800'09e9   0xc  Code  Wk  main.o [1]
Pin<GPIOC, (int)7>::IsHigh() const
                         0x800'0961  0x10  Code  Wk  main.o [1]
Pin<GPIOC, (int)7>::Reset() const
                         0x800'087d  0x16  Code  Wk  main.o [1]
Pin<GPIOC, (int)7>::Toggle() const
                         0x800'09f5   0xc  Code  Wk  main.o [1]
Pin<GPIOC, (int)8>::IsHigh() const
                         0x800'0971  0x10  Code  Wk  main.o [1]
Pin<GPIOC, (int)8>::Reset() const
                         0x800'0893  0x16  Code  Wk  main.o [1]
Pin<GPIOC, (int)8>::Toggle() const
                         0x800'09b1   0xe  Code  Wk  main.o [1]
Pin<GPIOC, (int)9>::IsHigh() const
                         0x800'0981  0x10  Code  Wk  main.o [1]
Pin<GPIOC, (int)9>::Reset() const
                         0x800'08a9  0x16  Code  Wk  main.o [1]
Pin<GPIOC, (int)9>::Toggle() const
                         0x800'09bf   0xe  Code  Wk  main.o [1]
Region$$Table$$Base      0x800'06e8         --   Gb  - Linker created -
Region$$Table$$Limit     0x800'0710         --   Gb  - Linker created -
SHT$$INIT_ARRAY$$Base    0x800'0a34         --   Gb  - Linker created -
SHT$$INIT_ARRAY$$Limit   0x800'0a3c         --   Gb  - Linker created -
SHT$$PREINIT_ARRAY$$Base
                         0x800'0a34         --   Gb  - Linker created -
SHT$$PREINIT_ARRAY$$Limit
                         0x800'0a34         --   Gb  - Linker created -
SVC_Handler              0x800'029b        Code  Wk  vectortrap_M.o [12]
SlideMode::CalculateNextIndex()
                         0x800'0357  0x3e  Code  Gb  SlideMode.o [6]
SlideMode::SlideMode(std::array<ILed *, (unsigned int)4> const &)
                         0x800'02f1  0x24  Code  Gb  SlideMode.o [6]
SlideMode::Update()      0x800'0319  0x3e  Code  Gb  SlideMode.o [6]
SysTick_Handler          0x800'029b        Code  Wk  vectortrap_M.o [12]
Thunk for (offset -4) Pin<GPIOC, (int)13>::IsHigh() const
                         0x800'0a55   0x6  Code  Wk  main.o [1]
Thunk for (offset -4) Pin<GPIOC, (int)6>::IsHigh() const
                         0x800'0a3d   0x6  Code  Wk  main.o [1]
Thunk for (offset -4) Pin<GPIOC, (int)7>::IsHigh() const
                         0x800'0a43   0x6  Code  Wk  main.o [1]
Thunk for (offset -4) Pin<GPIOC, (int)8>::IsHigh() const
                         0x800'0a49   0x6  Code  Wk  main.o [1]
Thunk for (offset -4) Pin<GPIOC, (int)9>::IsHigh() const
                         0x800'0a4f   0x6  Code  Wk  main.o [1]
TreeMode::TreeMode(std::array<ILed *, (unsigned int)4> const &)
                         0x800'029d  0x20  Code  Gb  TreeMode.o [7]
TreeMode::Update()       0x800'02c1  0x30  Code  Gb  TreeMode.o [7]
UsageFault_Handler       0x800'029b        Code  Wk  vectortrap_M.o [12]
Virtual function table for AllMode
                         0x800'08e4  0x10  Data  Wk  AllMode.o [4]
Virtual function table for Button
                         0x800'06a0  0x24  Data  Wk  Button.o [2]
Virtual function table for ChessMode
                         0x800'08f4  0x10  Data  Wk  ChessMode.o [5]
Virtual function table for Garland
                         0x800'09dc   0xc  Data  Wk  main.o [1]
Virtual function table for IMode
                         0x800'08d4  0x10  Data  Wk  AllMode.o [4]
Virtual function table for Led
                         0x800'0904  0x10  Data  Wk  LED.o [3]
Virtual function table for Pin<GPIOC, (int)13>
                         0x800'0790  0x20  Data  Wk  main.o [1]
Virtual function table for Pin<GPIOC, (int)6>
                         0x800'0710  0x20  Data  Wk  main.o [1]
Virtual function table for Pin<GPIOC, (int)7>
                         0x800'0730  0x20  Data  Wk  main.o [1]
Virtual function table for Pin<GPIOC, (int)8>
                         0x800'0750  0x20  Data  Wk  main.o [1]
Virtual function table for Pin<GPIOC, (int)9>
                         0x800'0770  0x20  Data  Wk  main.o [1]
Virtual function table for SlideMode
                         0x800'0914  0x10  Data  Wk  SlideMode.o [6]
Virtual function table for TreeMode
                         0x800'0924  0x10  Data  Wk  TreeMode.o [7]
__call_ctors             0x800'07d1  0x18  Code  Gb  cppinit.o [8]
__cmain                  0x800'07e9        Code  Gb  cmain.o [12]
__exit                   0x800'081d  0x14  Code  Gb  exit.o [13]
__iar_close_ttio         0x800'061d  0x2c  Code  Gb  iarttio.o [13]
__iar_copy_init3         0x800'020b  0x2a  Code  Gb  copy_init3.o [12]
__iar_cstart_call_ctors
                         0x800'07b1  0x20  Code  Gb  cmain_call_ctors.o [12]
__iar_data_init3         0x800'0651  0x28  Code  Gb  data_init.o [12]
__iar_debug_exceptions   0x800'04d3   0x1  Data  Gb  unwind_debug.o [13]
__iar_init_vfp           0x800'06c5        Code  Gb  fpinit_M.o [11]
__iar_lookup_ttioh       0x800'0649   0x8  Code  Gb  XShttio.o [8]
__iar_program_start      0x800'0831        Code  Gb  cstartup_M.o [12]
__iar_tls$$INIT_ARRAY$$Base
                         0x800'0a3c         --   Gb  - Linker created -
__iar_tls$$INIT_ARRAY$$Limit
                         0x800'0a3c         --   Gb  - Linker created -
__iar_ttio_handles      0x2000'0020   0x8  Data  Lc  XShttio.o [8]
__iar_zero_init3         0x800'05af  0x38  Code  Gb  zero_init3.o [12]
__low_level_init         0x800'0807   0x4  Code  Gb  low_level_init.o [8]
__sti__routine           0x800'0041  0x56  Code  Lc  main.o [1]
__sti__routine           0x800'09a1   0xa  Code  Lc  ios.o [9]
__vector_table           0x800'0000        Data  Gb  vector_table_M.o [12]
_call_main               0x800'07f5        Code  Gb  cmain.o [12]
_exit                    0x800'0811        Code  Gb  cexit.o [12]
allMode                 0x2000'00a0   0x8  Data  Gb  main.o [1]
chessMode               0x2000'00a8   0x8  Data  Gb  main.o [1]
decltype(((param#1.size)())) std::size<std::array<ILed *, (unsigned int)4>>(std::array<ILed *, (unsigned int)4> const &)
                         0x800'046b   0xc  Code  Wk  ChessMode.o [5]
exit                     0x800'080b   0x4  Code  Gb  exit.o [8]
garland                 0x2000'0074   0xc  Data  Gb  main.o [1]
led1                    0x2000'0080   0x8  Data  Gb  main.o [1]
led2                    0x2000'0088   0x8  Data  Gb  main.o [1]
led3                    0x2000'0090   0x8  Data  Gb  main.o [1]
led4                    0x2000'0098   0x8  Data  Gb  main.o [1]
leds                    0x2000'0000  0x10  Data  Gb  main.o [1]
main                     0x800'00b7  0x38  Code  Gb  main.o [1]
modes                   0x2000'0010  0x10  Data  Gb  main.o [1]
pinC13                   0x800'0a2c   0x8  Data  Wk  main.o [1]
pinC6                    0x800'0a0c   0x8  Data  Wk  main.o [1]
pinC7                    0x800'0a14   0x8  Data  Wk  main.o [1]
pinC8                    0x800'0a1c   0x8  Data  Wk  main.o [1]
pinC9                    0x800'0a24   0x8  Data  Wk  main.o [1]
slideMode               0x2000'0048  0x10  Data  Gb  main.o [1]
std::_Array_const_iterator<ILed *, (unsigned int)4>::_Array_const_iterator(ILed *const *, unsigned int)
                         0x800'0555   0x8  Code  Wk  AllMode.o [4]
std::_Array_const_iterator<ILed *, (unsigned int)4>::operator !=(const std::_Array_const_iterator<ILed *, (unsigned int)4>&) const
                         0x800'0517  0x1c  Code  Wk  AllMode.o [4]
std::_Array_const_iterator<ILed *, (unsigned int)4>::operator *() const
                         0x800'0533   0x4  Code  Wk  AllMode.o [4]
std::_Array_const_iterator<ILed *, (unsigned int)4>::operator ++()
                         0x800'0537   0x8  Code  Wk  AllMode.o [4]
std::_Array_const_iterator<ILed *, (unsigned int)4>::operator ==(const std::_Array_const_iterator<ILed *, (unsigned int)4>&) const
                         0x800'055d  0x12  Code  Wk  AllMode.o [4]
std::_Fpz               0x2000'0058  0x10  Data  Gb  ios.o [9]
std::array<IButtonObserver *, (unsigned int)4>::operator [](unsigned int)
                         0x800'0459   0x6  Code  Wk  Button.o [2]
std::array<IButtonObserver *, (unsigned int)4>::operator [](unsigned int) const
                         0x800'0453   0x6  Code  Wk  Button.o [2]
std::array<ILed *, (unsigned int)4>::begin() const
                         0x800'04e7  0x18  Code  Wk  AllMode.o [4]
std::array<ILed *, (unsigned int)4>::end() const
                         0x800'04ff  0x18  Code  Wk  AllMode.o [4]
std::array<ILed *, (unsigned int)4>::operator [](unsigned int) const
                         0x800'0477   0x6  Code  Wk  ChessMode.o [5]
std::array<ILed *, (unsigned int)4>::size() const
                         0x800'04e1   0x6  Code  Wk  ChessMode.o [5]
std::array<IMode *, (unsigned int)4>::operator [](unsigned int) const
                         0x800'04c7   0x6  Code  Wk  main.o [1]
std::array<IMode *, (unsigned int)4>::size() const
                         0x800'0617   0x6  Code  Wk  main.o [1]
treeMode                0x2000'0068   0xc  Data  Gb  main.o [1]
unsigned int RegisterBase<(unsigned int)1073874960, (unsigned int)32, ReadMode>::Get<ReadMode, void>()
                         0x800'0955   0xc  Code  Wk  main.o [1]
unsigned int RegisterBase<(unsigned int)1073874964, (unsigned int)32, ReadWriteMode>::Get<ReadWriteMode, void>()
                         0x800'0865   0xc  Code  Wk  main.o [1]
userButton1             0x2000'0028  0x20  Data  Gb  main.o [1]
void FieldValueBase<GPIOC_MODER_MODER15_Values<GPIOC::MODER, (unsigned int)12, (unsigned int)2, ReadWriteMode, GPIOC::GPIOCMODERBase>, GPIOC::GPIOCMODERBase, (unsigned int)1>::Set<ReadWriteMode, void>()
                         0x800'03c9  0x14  Code  Wk  main.o [1]
void FieldValueBase<GPIOC_MODER_MODER15_Values<GPIOC::MODER, (unsigned int)14, (unsigned int)2, ReadWriteMode, GPIOC::GPIOCMODERBase>, GPIOC::GPIOCMODERBase, (unsigned int)1>::Set<ReadWriteMode, void>()
                         0x800'03dd  0x14  Code  Wk  main.o [1]
void FieldValueBase<GPIOC_MODER_MODER15_Values<GPIOC::MODER, (unsigned int)16, (unsigned int)2, ReadWriteMode, GPIOC::GPIOCMODERBase>, GPIOC::GPIOCMODERBase, (unsigned int)1>::Set<ReadWriteMode, void>()
                         0x800'03f1  0x14  Code  Wk  main.o [1]
void FieldValueBase<GPIOC_MODER_MODER15_Values<GPIOC::MODER, (unsigned int)18, (unsigned int)2, ReadWriteMode, GPIOC::GPIOCMODERBase>, GPIOC::GPIOCMODERBase, (unsigned int)1>::Set<ReadWriteMode, void>()
                         0x800'0405  0x14  Code  Wk  main.o [1]
void FieldValueBase<RCC_AHB1ENR_GPIOCEN_Values<RCC::AHB1ENR, (unsigned int)2, (unsigned int)1, ReadWriteMode, RCC::RCCAHB1ENRBase>, RCC::RCCAHB1ENRBase, (unsigned int)1>::Set<ReadWriteMode, void>()
                         0x800'03b5  0x14  Code  Wk  main.o [1]
void RegisterBase<(unsigned int)1073874964, (unsigned int)32, ReadWriteMode>::Toggle<ReadWriteMode, void>(unsigned int)
                         0x800'0935  0x10  Code  Wk  main.o [1]
void RegisterBase<(unsigned int)1073874964, (unsigned int)32, ReadWriteMode>::Write<ReadWriteMode, void>(unsigned int)
                         0x800'0871   0xc  Code  Wk  main.o [1]


[1] = R:\POIP\POIP\Project_8\Debug\Obj
[2] = R:\POIP\POIP\Project_8\Debug\Obj\Components\Button
[3] = R:\POIP\POIP\Project_8\Debug\Obj\Components\LED
[4] = R:\POIP\POIP\Project_8\Debug\Obj\Modes\AllMode
[5] = R:\POIP\POIP\Project_8\Debug\Obj\Modes\ChessMode
[6] = R:\POIP\POIP\Project_8\Debug\Obj\Modes\SlideMode
[7] = R:\POIP\POIP\Project_8\Debug\Obj\Modes\TreeMode
[8] = dl7M_tln.a
[9] = dlpp7M_tls_nc.a
[10] = dlpprt7M_tl_nc.a
[11] = m7M_tls.a
[12] = rt7M_tl.a
[13] = shb_l.a

  2'212 bytes of readonly  code memory
    437 bytes of readonly  data memory
  8'369 bytes of readwrite data memory

Errors: none
Warnings: none
