###############################################################################
#
# IAR ELF Linker V9.30.1.335/W64 for ARM                  04/Nov/2022  10:05:24
# Copyright 2007-2022 IAR Systems AB.
#
#    Output file  =  R:\POIP\POIP\MySixProject\Debug\Exe\MySixProject.out
#    Map file     =  R:\POIP\POIP\MySixProject\Debug\List\MySixProject.map
#    Command line =
#        -f R:\POIP\POIP\MySixProject\Debug\Exe\MySixProject.out.rsp
#        (R:\POIP\POIP\MySixProject\Debug\Obj\main.o --no_out_extension -o
#        R:\POIP\POIP\MySixProject\Debug\Exe\MySixProject.out --map
#        R:\POIP\POIP\MySixProject\Debug\List\MySixProject.map --config
#        R:\POIP\POIP\MySixProject\MySixProject.icf --semihosting --entry
#        __iar_program_start --vfe --text_out locale --cpu=Cortex-M4
#        --fpu=VFPv4_sp)
#
###############################################################################

*******************************************************************************
*** RUNTIME MODEL ATTRIBUTES
***

CppFlavor                     = *
__CPP_Exceptions              = Disabled
__CPP_Language                = C++14
__CPP_Library                 = DLib
__CPP_Runtime                 = 1
__Heap_Handler                = Basic
__SystemLibrary               = DLib
__dlib_dynamic_initialization = normal
__dlib_version                = 6


*******************************************************************************
*** HEAP SELECTION
***

The basic heap was selected because --advanced_heap
was not specified and the application did not appear to
be primarily optimized for speed.


*******************************************************************************
*** PLACEMENT SUMMARY
***

"A0":  place at address 0x800'0000 { ro section .intvec };
"P1":  place in [from 0x800'0000 to 0x803'ffff] { ro };
define block CSTACK with size = 8K, alignment = 8 { };
define block HEAP with size = 0, alignment = 8 { };
"P2":  place in [from 0x2000'0000 to 0x2001'ffff] {
          rw, block CSTACK, block HEAP };
initialize by copy { rw };

  Section                Kind         Address    Size  Object
  -------                ----         -------    ----  ------
"A0":                                            0x40
  .intvec                ro code   0x800'0000    0x40  vector_table_M.o [6]
                                 - 0x800'0040    0x40

"P1":                                          0x3818
  .text                  ro code   0x800'0040   0xca6  xprintflarge_nomb.o [2]
  .text                  ro code   0x800'0ce6    0x2a  copy_init3.o [6]
  .text                  ro code   0x800'0d10    0x16  strchr.o [6]
  .text                  ro code   0x800'0d26     0xa  xsprout.o [2]
  .text                  ro code   0x800'0d30    0x40  xfail_s.o [2]
  .text                  ro code   0x800'0d70    0x36  strlen.o [6]
  .text                  ro code   0x800'0da6     0x6  iostream_cout.o [3]
  .text                  ro code   0x800'0dac    0x58  memchr.o [6]
  .text                  ro code   0x800'0e04    0x76  ABImemcpy_unaligned.o [6]
  .text                  ro code   0x800'0e7a     0x2  iostream_cout.o [3]
  .text                  ro code   0x800'0e7c    0x70  frexp.o [5]
  .text                  ro code   0x800'0eec   0x246  DblDiv.o [5]
  .text                  ro code   0x800'1132     0x2  iostream_cout.o [3]
  .text                  ro code   0x800'1134    0x22  DblToU32.o [5]
  .text                  ro code   0x800'1156     0x2  vectortrap_M.o [6]
  .text                  ro code   0x800'1158    0x1c  U32ToDbl.o [5]
  .text                  ro code   0x800'1174   0x24e  DblAddSub.o [5]
  .rodata                const     0x800'13c2     0x1  main.o [1]
  .rodata                zero      0x800'13c3     0x1  main.o [1]
  .text                  ro code   0x800'13c4   0x1aa  DblMul.o [5]
  .rodata                zero      0x800'156e     0x1  main.o [1]
  .rodata                const     0x800'156f     0x1  unwind_debug.o [7]
  .text                  ro code   0x800'1570   0x230  I64DivMod.o [6]
  .text                  ro code   0x800'17a0     0x6  abort.o [2]
  .text                  ro code   0x800'17a8     0x2  I64DivZer.o [6]
  .text                  ro code   0x800'17ac    0x14  exit.o [7]
  .text                  ro code   0x800'17c0    0x7c  iarttio.o [7]
  .text                  ro code   0x800'183c     0x8  XShttio.o [2]
  .text                  ro code   0x800'1844   0x234  main.o [1]
  .text                  ro code   0x800'1a78     0x4  main.o [1]
  .text                  ro code   0x800'1a7c     0x6  main.o [1]
  .text                  ro code   0x800'1a84    0x20  main.o [1]
  .text                  ro code   0x800'1aa4    0x2a  main.o [1]
  .text                  ro code   0x800'1ace     0xc  main.o [1]
  .text                  ro code   0x800'1ada    0x12  main.o [1]
  .text                  ro code   0x800'1aec    0x30  main.o [1]
  .text                  ro code   0x800'1b1c     0xa  main.o [1]
  .text                  ro code   0x800'1b26     0xc  main.o [1]
  .text                  ro code   0x800'1b32     0xa  main.o [1]
  .text                  ro code   0x800'1b3c    0x96  main.o [1]
  .text                  ro code   0x800'1bd2     0xa  main.o [1]
  .text                  ro code   0x800'1bdc     0x4  main.o [1]
  .text                  ro code   0x800'1be0    0x2e  main.o [1]
  .text                  ro code   0x800'1c0e    0x2e  main.o [1]
  .text                  ro code   0x800'1c3c     0x8  main.o [1]
  .text                  ro code   0x800'1c44    0x12  main.o [1]
  .text                  ro code   0x800'1c58    0x18  main.o [1]
  .text                  ro code   0x800'1c70     0x8  main.o [1]
  .text                  ro code   0x800'1c78    0x7a  main.o [1]
  .text                  ro code   0x800'1cf2    0x3a  main.o [1]
  .text                  ro code   0x800'1d2c     0xc  main.o [1]
  .text                  ro code   0x800'1d38    0x18  main.o [1]
  .text                  ro code   0x800'1d50     0xa  cxxabi.o [4]
  .text                  ro code   0x800'1d5a     0xc  main.o [1]
  .text                  ro code   0x800'1d66     0xa  main.o [1]
  .text                  ro code   0x800'1d70    0x7a  main.o [1]
  .text                  ro code   0x800'1dea     0xe  main.o [1]
  .text                  ro code   0x800'1df8    0x2a  main.o [1]
  .text                  ro code   0x800'1e22    0x28  main.o [1]
  .text                  ro code   0x800'1e4a     0xa  main.o [1]
  .text                  ro code   0x800'1e54     0x2  main.o [1]
  .text                  ro code   0x800'1e56    0x2e  main.o [1]
  .text                  ro code   0x800'1e84     0x2  main.o [1]
  .text                  ro code   0x800'1e86     0x8  main.o [1]
  .text                  ro code   0x800'1e90    0x18  main.o [1]
  .text                  ro code   0x800'1ea8     0xa  main.o [1]
  .text                  ro code   0x800'1eb2     0x8  main.o [1]
  .text                  ro code   0x800'1eba     0x8  main.o [1]
  .text                  ro code   0x800'1ec2     0x8  main.o [1]
  .text                  ro code   0x800'1ecc    0x10  main.o [1]
  .text                  ro code   0x800'1edc     0xe  main.o [1]
  .text                  ro code   0x800'1eea     0x8  main.o [1]
  .text                  ro code   0x800'1ef2     0x8  main.o [1]
  .text                  ro code   0x800'1efa    0x12  main.o [1]
  .text                  ro code   0x800'1f0c     0x8  main.o [1]
  .text                  ro code   0x800'1f14    0xa0  cppinit.o [2]
  .text                  ro code   0x800'1fb4     0x8  main.o [1]
  .text                  ro code   0x800'1fbc    0x12  main.o [1]
  .text                  ro code   0x800'1fce    0x18  main.o [1]
  .text                  ro code   0x800'1fe6    0xd6  main.o [1]
  .text                  ro code   0x800'20bc    0x78  ABImemmove_unaligned.o [6]
  .text                  ro code   0x800'2134     0x6  main.o [1]
  .text                  ro code   0x800'213a    0x10  main.o [1]
  .text                  ro code   0x800'214a    0x32  main.o [1]
  .text                  ro code   0x800'217c    0x12  main.o [1]
  .text                  ro code   0x800'2190     0xc  main.o [1]
  .text                  ro code   0x800'219c    0x1c  main.o [1]
  .text                  ro code   0x800'21b8     0x2  main.o [1]
  .text                  ro code   0x800'21ba     0x8  main.o [1]
  .text                  ro code   0x800'21c2     0x2  main.o [1]
  .text                  ro code   0x800'21c4     0xc  main.o [1]
  .text                  ro code   0x800'21d0     0x2  main.o [1]
  .text                  ro code   0x800'21d4    0x28  main.o [1]
  .text                  ro code   0x800'21fc     0x2  main.o [1]
  .text                  ro code   0x800'21fe     0x8  main.o [1]
  .text                  ro code   0x800'2206     0x8  main.o [1]
  .text                  ro code   0x800'220e     0x8  main.o [1]
  .text                  ro code   0x800'2216     0x2  main.o [1]
  .text                  ro code   0x800'2218    0x18  main.o [1]
  .text                  ro code   0x800'2230    0x66  ABImemset.o [6]
  .text                  ro code   0x800'2296    0x18  main.o [1]
  .text                  ro code   0x800'22ae     0xe  main.o [1]
  .text                  ro code   0x800'22bc     0x4  main.o [1]
  .text                  ro code   0x800'22c0     0x2  main.o [1]
  .text                  ro code   0x800'22c2     0x8  main.o [1]
  .text                  ro code   0x800'22ca     0xa  main.o [1]
  .text                  ro code   0x800'22d4     0x2  main.o [1]
  .text                  ro code   0x800'22d6     0x8  main.o [1]
  .text                  ro code   0x800'22e0    0x44  main.o [1]
  .text                  ro code   0x800'2324     0x4  main.o [1]
  .text                  ro code   0x800'2328     0x2  main.o [1]
  .text                  ro code   0x800'232a     0x8  main.o [1]
  .text                  ro code   0x800'2332     0xc  main.o [1]
  .text                  ro code   0x800'233e     0x2  main.o [1]
  .text                  ro code   0x800'2340    0x18  main.o [1]
  .text                  ro code   0x800'2358     0x2  main.o [1]
  .text                  ro code   0x800'235a     0xa  delop_0.o [4]
  .text                  ro code   0x800'2364    0x34  main.o [1]
  .text                  ro code   0x800'2398    0x1a  main.o [1]
  .text                  ro code   0x800'23b2     0x6  main.o [1]
  .text                  ro code   0x800'23b8    0x12  main.o [1]
  .text                  ro code   0x800'23ca    0x20  main.o [1]
  .text                  ro code   0x800'23ea     0x4  heaptramp0.o [2]
  .text                  ro code   0x800'23f0   0x13c  heap0.o [2]
  .text                  ro code   0x800'252c    0x24  newop_0.o [4]
  .text                  ro code   0x800'2550     0x4  main.o [1]
  .text                  ro code   0x800'2554    0x2c  xgetmemchunk.o [2]
  .text                  ro code   0x800'2580     0x4  nomemory.o [4]
  .text                  ro code   0x800'2584   0x1b2  main.o [1]
  .text                  ro code   0x800'2736     0x8  main.o [1]
  .text                  ro code   0x800'273e    0x72  main.o [1]
  .text                  ro code   0x800'27b0     0x4  main.o [1]
  .text                  ro code   0x800'27b4     0x8  main.o [1]
  .text                  ro code   0x800'27bc     0x6  main.o [1]
  .text                  ro code   0x800'27c2     0x4  main.o [1]
  .text                  ro code   0x800'27c6     0xa  main.o [1]
  .text                  ro code   0x800'27d0    0x28  main.o [1]
  .text                  ro code   0x800'27f8     0xe  main.o [1]
  .text                  ro code   0x800'2806     0x8  main.o [1]
  .text                  ro code   0x800'280e    0x14  main.o [1]
  .text                  ro code   0x800'2822     0x4  main.o [1]
  .text                  ro code   0x800'2826    0x54  main.o [1]
  .text                  ro code   0x800'287a     0x4  main.o [1]
  .text                  ro code   0x800'287e    0x18  main.o [1]
  .text                  ro code   0x800'2896     0x8  main.o [1]
  .text                  ro code   0x800'289e    0x28  main.o [1]
  .text                  ro code   0x800'28c6     0xa  main.o [1]
  .text                  ro code   0x800'28d0    0x14  main.o [1]
  .text                  ro code   0x800'28e4   0x100  ios.o [3]
  .text                  ro code   0x800'29e4     0x8  main.o [1]
  .text                  ro code   0x800'29ec    0x54  main.o [1]
  .text                  ro code   0x800'2a40     0x8  main.o [1]
  .text                  ro code   0x800'2a48     0x4  delop4_0.o [4]
  .text                  ro code   0x800'2a4c    0x48  main.o [1]
  .text                  ro code   0x800'2a94    0x46  main.o [1]
  .text                  ro code   0x800'2adc    0xd4  main.o [1]
  .text                  ro code   0x800'2bb0    0xa2  main.o [1]
  .text                  ro code   0x800'2c52     0x6  main.o [1]
  .text                  ro code   0x800'2c58    0xaa  main.o [1]
  .text                  ro code   0x800'2d04    0x14  main.o [1]
  .text                  ro code   0x800'2d18    0x18  main.o [1]
  .text                  ro code   0x800'2d30    0x14  main.o [1]
  .text                  ro code   0x800'2d44    0x1c  main.o [1]
  .text                  ro code   0x800'2d60    0x14  main.o [1]
  .text                  ro code   0x800'2d74    0x14  main.o [1]
  .text                  ro code   0x800'2d88    0x14  main.o [1]
  .text                  ro code   0x800'2d9c    0x10  main.o [1]
  .text                  ro code   0x800'2dac    0x18  main.o [1]
  .text                  ro code   0x800'2dc4    0x20  main.o [1]
  .text                  ro code   0x800'2de4     0x8  main.o [1]
  .text                  ro code   0x800'2dec    0x28  main.o [1]
  .text                  ro code   0x800'2e14     0x4  main.o [1]
  .text                  ro code   0x800'2e18    0x2c  main.o [1]
  .text                  ro code   0x800'2e44    0x18  main.o [1]
  .text                  ro code   0x800'2e5c     0x8  main.o [1]
  .text                  ro code   0x800'2e64     0xc  main.o [1]
  .text                  ro code   0x800'2e70    0xa0  main.o [1]
  .text                  ro code   0x800'2f10    0x90  iostream_cout.o [3]
  .text                  ro code   0x800'2fa0    0x5c  iostream_cout.o [3]
  .text                  ro code   0x800'2ffc    0x7c  main.o [1]
  .text                  ro code   0x800'3078    0x22  main.o [1]
  .text                  ro code   0x800'309a    0x6c  main.o [1]
  .text                  ro code   0x800'3106    0x76  main.o [1]
  .text                  ro code   0x800'317c    0x60  main.o [1]
  .text                  ro code   0x800'31dc    0x40  sprintf.o [2]
  .text                  ro code   0x800'321c    0x60  main.o [1]
  .text                  ro code   0x800'327c    0x5e  iostream_cout.o [3]
  .text                  ro code   0x800'32da    0x52  main.o [1]
  .text                  ro code   0x800'332c    0x32  main.o [1]
  .rodata                const     0x800'3360    0x44  iostream_cout.o [3]
  .rodata                const     0x800'33a4    0x44  iostream_cout.o [3]
  .text                  ro code   0x800'33e8    0x38  iostream_cout.o [3]
  .text                  ro code   0x800'3420    0x20  putchar.o [2]
  .text                  ro code   0x800'3440    0x10  write.o [7]
  .text                  ro code   0x800'3450    0x1e  dwrite.o [7]
  .text                  ro code   0x800'346e    0x20  iarwstd.o [7]
  .text                  ro code   0x800'348e    0x22  iarwrite.o [7]
  .text                  ro code   0x800'34b0    0x38  zero_init3.o [6]
  .rodata                const     0x800'34e8    0x30  main.o [1]
  .rodata                const     0x800'3518    0x30  main.o [1]
  .text                  ro code   0x800'3548    0x2e  main.o [1]
  .text                  ro code   0x800'3576    0x12  main.o [1]
  .text                  ro code   0x800'3588     0x6  main.o [1]
  .rodata                const     0x800'3590    0x28  iostream_cout.o [3]
  .text                  ro code   0x800'35b8    0x28  data_init.o [6]
  .rodata                const     0x800'35e0    0x24  main.o [1]
  .rodata                const     0x800'3604    0x24  main.o [1]
  .text                  ro code   0x800'3628    0x24  main.o [1]
  .text                  ro code   0x800'364c    0x18  main.o [1]
  .text                  ro code   0x800'3664    0x22  fpinit_M.o [5]
  .iar.init_table        const     0x800'3688    0x28  - Linker created -
  .rodata                const     0x800'36b0    0x20  main.o [1]
  .rodata                const     0x800'36d0    0x20  main.o [1]
  .text                  ro code   0x800'36f0    0x20  cmain_call_ctors.o [6]
  .text                  ro code   0x800'3710    0x1e  cmain.o [6]
  .text                  ro code   0x800'372e     0x4  low_level_init.o [2]
  .text                  ro code   0x800'3732     0x4  exit.o [2]
  .text                  ro code   0x800'3738     0xe  cexit.o [6]
  .text                  ro code   0x800'3748    0x1c  cstartup_M.o [6]
  .text                  ro code   0x800'3764    0x18  main.o [1]
  .text                  ro code   0x800'377c    0x18  main.o [1]
  .text                  ro code   0x800'3794    0x14  iostream_cout.o [3]
  .rodata                const     0x800'37a8    0x10  main.o [1]
  .rodata                const     0x800'37b8    0x10  main.o [1]
  .rodata                const     0x800'37c8    0x10  ios.o [3]
  .rodata                const     0x800'37d8    0x10  iostream_cout.o [3]
  Initializer bytes      const     0x800'37e8    0x10  <for P2-1>
  .text                  ro code   0x800'37f8     0xe  main.o [1]
  .text                  ro code   0x800'3806     0x8  main.o [1]
  .text                  ro code   0x800'380e     0xe  iostream_cout.o [3]
  .text                  ro code   0x800'381c     0xa  main.o [1]
  .rodata                const     0x800'3828     0x8  main.o [1]
  .rodata                const     0x800'3830     0x8  main.o [1]
  .rodata                const     0x800'3838     0x8  main.o [1]
  SHT$$PREINIT_ARRAY               0x800'3840     0x4  <Block>
    .preinit_array       const     0x800'3840     0x4  iostream_cout.o [3]
  SHT$$INIT_ARRAY                  0x800'3844     0x4  <Block>
    .init_array          const     0x800'3844     0x4  ios.o [3]
  __iar_tls$$INIT_ARRAY            0x800'3848     0x0  <Block>
  .rodata                const     0x800'3848     0x4  main.o [1]
  .rodata                const     0x800'384c     0x4  main.o [1]
  .text                  ro code   0x800'3850     0x4  main.o [1]
  .text                  ro code   0x800'3854     0x4  iostream_cout.o [3]
  .text                  ro code   0x800'3858     0x0  cstart_call_dtors.o [6]
  .rodata                const     0x800'3858     0x0  zero_init3.o [6]
  .rodata                const     0x800'3858     0x0  copy_init3.o [6]
                                 - 0x800'3858  0x3818

"P2", part 1 of 3:                               0x10
  P2-1                            0x2000'0000    0x10  <Init block>
    .data                inited   0x2000'0000     0x8  main.o [1]
    .data                inited   0x2000'0008     0x8  XShttio.o [2]
                                - 0x2000'0010    0x10

"P2", part 2 of 3:                               0xf0
  .bss                   zero     0x2000'0010    0x70  iostream_cout.o [3]
  .bss                   zero     0x2000'0080    0x34  ios.o [3]
  .bss                   zero     0x2000'00b4    0x14  main.o [1]
  .bss                   zero     0x2000'00c8    0x10  ios.o [3]
  .bss                   zero     0x2000'00d8     0x8  heap0.o [2]
  .bss                   zero     0x2000'00e0     0x4  main.o [1]
  .bss                   zero     0x2000'00e4     0x4  main.o [1]
  .bss                   zero     0x2000'00e8     0x4  cppinit.o [2]
  .bss                   zero     0x2000'00ec     0x4  cppinit.o [2]
  .bss                   zero     0x2000'00f0     0x4  new.o [4]
  .bss                   zero     0x2000'00f4     0x4  xgetmemchunk.o [2]
  .bss                   zero     0x2000'00f8     0x4  xfail_s.o [2]
  .bss                   zero     0x2000'00fc     0x1  main.o [1]
  .bss                   zero     0x2000'00fd     0x1  main.o [1]
  .bss                   zero     0x2000'00fe     0x1  main.o [1]
                                - 0x2000'00ff    0xef

"P2", part 3 of 3:                             0x21a8
  .iar.dynexit                    0x2000'0100   0x1a4  <Block>
    .iar.dynexit         uninit   0x2000'0100     0xc  cppinit.o [2]
    .iar.dynexit         uninit   0x2000'010c   0x198  <Block tail>
  CSTACK                          0x2000'02a8  0x2000  <Block>
    CSTACK               uninit   0x2000'02a8  0x2000  <Block tail>
  HEAP                            0x2000'22a8     0x0  <Block>
                                - 0x2000'22a8  0x21a8

Unused ranges:

         From           To      Size
         ----           --      ----
   0x800'3858   0x803'ffff  0x3'c7a8
  0x2000'22a8  0x2001'ffff  0x1'dd58


*******************************************************************************
*** INIT TABLE
***

          Address      Size
          -------      ----
Zero (__iar_zero_init3)
    1 destination range, total size 0xef:
          0x2000'0010  0xef

Copy (__iar_copy_init3)
    1 source range, total size 0x10:
           0x800'37e8  0x10
    1 destination range, total size 0x10:
          0x2000'0000  0x10

Extra (__iar_cstart_call_ctors)



*******************************************************************************
*** MODULE SUMMARY
***

    Module                  ro code  ro data  rw data
    ------                  -------  -------  -------
command line/config:
    -------------------------------------------------
    Total:

R:\POIP\POIP\MySixProject\Debug\Obj: [1]
    main.o                    5'672      305       41
    -------------------------------------------------
    Total:                    5'672      305       41

dl7M_tln.a: [2]
    XShttio.o                     8        8        8
    abort.o                       6
    cppinit.o                   160                20
    exit.o                        4
    heap0.o                     316                 8
    heaptramp0.o                  4
    low_level_init.o              4
    putchar.o                    32
    sprintf.o                    64
    xfail_s.o                    64                 4
    xgetmemchunk.o               44                 4
    xprintflarge_nomb.o       3'238
    xsprout.o                    10
    -------------------------------------------------
    Total:                    3'954        8       44

dlpp7M_tls_nc.a: [3]
    ios.o                       256       20       68
    iostream_cout.o             434      196      112
    -------------------------------------------------
    Total:                      690      216      180

dlpprt7M_tl_nc.a: [4]
    cxxabi.o                     10
    delop4_0.o                    4
    delop_0.o                    10
    new.o                                           4
    newop_0.o                    36
    nomemory.o                    4
    -------------------------------------------------
    Total:                       64                 4

m7M_tls.a: [5]
    DblAddSub.o                 590
    DblDiv.o                    582
    DblMul.o                    426
    DblToU32.o                   34
    U32ToDbl.o                   28
    fpinit_M.o                   34
    frexp.o                     112
    -------------------------------------------------
    Total:                    1'806

rt7M_tl.a: [6]
    ABImemcpy_unaligned.o       118
    ABImemmove_unaligned.o      120
    ABImemset.o                 102
    I64DivMod.o                 560
    I64DivZer.o                   2
    cexit.o                      14
    cmain.o                      30
    cmain_call_ctors.o           32
    copy_init3.o                 42
    cstart_call_dtors.o
    cstartup_M.o                 28
    data_init.o                  40
    memchr.o                     88
    strchr.o                     22
    strlen.o                     54
    vector_table_M.o             64
    vectortrap_M.o                2
    zero_init3.o                 56
    -------------------------------------------------
    Total:                    1'374

shb_l.a: [7]
    dwrite.o                     30
    exit.o                       20
    iarttio.o                   124
    iarwrite.o                   34
    iarwstd.o                    32
    unwind_debug.o                         1
    write.o                      16
    -------------------------------------------------
    Total:                      256        1

    Gaps                         28        8
    Linker created                        40    8'600
-----------------------------------------------------
    Grand Total:             13'844      578    8'869


*******************************************************************************
*** ENTRY LIST
***

Entry                       Address   Size  Type      Object
-----                       -------   ----  ----      ------
.iar.dynexit$$Base      0x2000'0100          --   Gb  - Linker created -
.iar.dynexit$$Limit     0x2000'02a4          --   Gb  - Linker created -
.iar.init_table$$Base    0x800'3688          --   Gb  - Linker created -
.iar.init_table$$Limit   0x800'36b0          --   Gb  - Linker created -
?main                    0x800'3711         Code  Gb  cmain.o [6]
Aldata                  0x2000'00d8    0x8  Data  Lc  heap0.o [2]
BusFault_Handler         0x800'1157         Code  Wk  vectortrap_M.o [6]
CSTACK$$Base            0x2000'02a8          --   Gb  - Linker created -
CSTACK$$Limit           0x2000'22a8          --   Gb  - Linker created -
DebugMon_Handler         0x800'1157         Code  Wk  vectortrap_M.o [6]
DtorRecArray            0x2000'0100    0xc  Data  Lc  cppinit.o [2]
HEAP$$Base              0x2000'22a8          --   Gb  - Linker created -
HEAP$$Limit             0x2000'22a8          --   Gb  - Linker created -
HardFault_Handler        0x800'1157         Code  Wk  vectortrap_M.o [6]
Initialization guard variable for std::ctype<char> const & std::use_facet<std::ctype<char>>()::_MyFacet
                        0x2000'00fd    0x1  Data  Wk  main.o [1]
Initialization guard variable for std::num_put<char, std::ostreambuf_iterator<char, std::char_traits<char>>> const & std::use_facet<std::num_put<char, std::ostreambuf_iterator<char, std::char_traits<char>>>>()::_MyFacet
                        0x2000'00fc    0x1  Data  Wk  main.o [1]
Initialization guard variable for std::numpunct<char> const & std::use_facet<std::numpunct<char>>()::_MyFacet
                        0x2000'00fe    0x1  Data  Wk  main.o [1]
MemManage_Handler        0x800'1157         Code  Wk  vectortrap_M.o [6]
NMI_Handler              0x800'1157         Code  Wk  vectortrap_M.o [6]
PendSV_Handler           0x800'1157         Code  Wk  vectortrap_M.o [6]
Region$$Table$$Base      0x800'3688          --   Gb  - Linker created -
Region$$Table$$Limit     0x800'36b0          --   Gb  - Linker created -
SHT$$INIT_ARRAY$$Base    0x800'3844          --   Gb  - Linker created -
SHT$$INIT_ARRAY$$Limit   0x800'3848          --   Gb  - Linker created -
SHT$$PREINIT_ARRAY$$Base
                         0x800'3840          --   Gb  - Linker created -
SHT$$PREINIT_ARRAY$$Limit
                         0x800'3844          --   Gb  - Linker created -
SVC_Handler              0x800'1157         Code  Wk  vectortrap_M.o [6]
SysTick_Handler          0x800'1157         Code  Wk  vectortrap_M.o [6]
UsageFault_Handler       0x800'1157         Code  Wk  vectortrap_M.o [6]
Virtual function table for std::_Wrap_facet<std::ctype<char>>
                         0x800'37b8   0x10  Data  Wk  main.o [1]
Virtual function table for std::_Wrap_facet<std::num_put<char, std::ostreambuf_iterator<char, std::char_traits<char>>>>
                         0x800'3518   0x30  Data  Wk  main.o [1]
Virtual function table for std::_Wrap_facet<std::numpunct<char>>
                         0x800'3604   0x24  Data  Wk  main.o [1]
Virtual function table for std::__nobasic_filebuf<char, std::char_traits<char>>
                         0x800'33a4   0x44  Data  Wk  iostream_cout.o [3]
Virtual function table for std::ctype<char>
                         0x800'37a8   0x10  Data  Wk  main.o [1]
Virtual function table for std::ios
                         0x800'37d8   0x10  Data  Wk  iostream_cout.o [3]
Virtual function table for std::ios_base
                         0x800'37c8   0x10  Data  Wk  ios.o [3]
Virtual function table for std::num_put<char, std::ostreambuf_iterator<char, std::char_traits<char>>>
                         0x800'34e8   0x30  Data  Wk  main.o [1]
Virtual function table for std::numpunct<char>
                         0x800'35e0   0x24  Data  Wk  main.o [1]
Virtual function table for std::ostream
                         0x800'3590   0x28  Data  Wk  iostream_cout.o [3]
Virtual function table for std::streambuf
                         0x800'3360   0x44  Data  Wk  iostream_cout.o [3]
[local to ios_cpp]::std::stdopens
                        0x2000'0080    0xc  Data  Lc  ios.o [3]
[local to ios_cpp]::std::stdstr
                        0x2000'008c   0x28  Data  Lc  ios.o [3]
[local to iostream_cout_cpp]::std::__iarcoutguard
                        0x2000'003c    0x1  Data  Lc  iostream_cout.o [3]
[local to iostream_cout_cpp]::std::fout
                        0x2000'0040   0x40  Data  Lc  iostream_cout.o [3]
_LC                      0x800'0041    0x6  Code  Lc  xprintflarge_nomb.o [2]
_LitobLargeNoMb          0x800'0adf  0x114  Code  Lc  xprintflarge_nomb.o [2]
_PrintfLargeNoMb         0x800'0047  0xa92  Code  Gb  xprintflarge_nomb.o [2]
_PutcharsLargeNoMb       0x800'0c4d   0x2e  Code  Lc  xprintflarge_nomb.o [2]
_SProut                  0x800'0d27    0xa  Code  Gb  xsprout.o [2]
__aeabi_atexit           0x800'1d51    0xa  Code  Gb  cxxabi.o [4]
__aeabi_d2uiz            0x800'1135         Code  Gb  DblToU32.o [5]
__aeabi_ddiv             0x800'0eed         Code  Gb  DblDiv.o [5]
__aeabi_dmul             0x800'13c5         Code  Gb  DblMul.o [5]
__aeabi_dsub             0x800'12e1         Code  Gb  DblAddSub.o [5]
__aeabi_ldiv0            0x800'17a9         Code  Gb  I64DivZer.o [6]
__aeabi_memset           0x800'2231         Code  Gb  ABImemset.o [6]
__aeabi_ui2d             0x800'1159         Code  Gb  U32ToDbl.o [5]
__aeabi_uldivmod         0x800'1571         Code  Gb  I64DivMod.o [6]
__basic_free             0x800'249d   0x16  Code  Gb  heap0.o [2]
__basic_free_intern      0x800'24b3   0x74  Code  Lc  heap0.o [2]
__basic_malloc           0x800'23f1   0x18  Code  Gb  heap0.o [2]
__basic_malloc_intern    0x800'2409   0x94  Code  Lc  heap0.o [2]
__call_ctors             0x800'1f15   0x18  Code  Gb  cppinit.o [2]
__call_dtors             0x800'1f63    0xc  Code  Gb  cppinit.o [2]
__call_dtors0            0x800'1f6f   0x36  Code  Gb  cppinit.o [2]
__cexit_call_dtors       0x800'373b         Code  Gb  cexit.o [6]
__cmain                  0x800'3711         Code  Gb  cmain.o [6]
__cstart_call_dtors      0x800'3858         Data  Gb  cstart_call_dtors.o [6]
__cxa_atexit             0x800'1f2d   0x36  Code  Gb  cppinit.o [2]
__data_GetMemChunk       0x800'2555   0x2c  Code  Gb  xgetmemchunk.o [2]
__data_GetMemChunk::start
                        0x2000'00f4    0x4  Data  Lc  xgetmemchunk.o [2]
__dso_handle            0x2000'00ec    0x4  Data  Gb  cppinit.o [2]
__dwrite                 0x800'3451   0x1e  Code  Gb  dwrite.o [7]
__exit                   0x800'17ad   0x14  Code  Gb  exit.o [7]
__iar_Fail_s             0x800'0d31   0x1c  Code  Gb  xfail_s.o [2]
__iar_Memchr             0x800'0dad         Code  Gb  memchr.o [6]
__iar_Memset             0x800'2231         Code  Gb  ABImemset.o [6]
__iar_Memset_word        0x800'2239         Code  Gb  ABImemset.o [6]
__iar_Strchr             0x800'0d11         Code  Gb  strchr.o [6]
__iar_close_ttio         0x800'17c1   0x2c  Code  Gb  iarttio.o [7]
__iar_copy_init3         0x800'0ce7   0x2a  Code  Gb  copy_init3.o [6]
__iar_cstart_call_ctors
                         0x800'36f1   0x20  Code  Gb  cmain_call_ctors.o [6]
__iar_data_init3         0x800'35b9   0x28  Code  Gb  data_init.o [6]
__iar_debug_exceptions   0x800'156f    0x1  Data  Gb  unwind_debug.o [7]
__iar_frexp              0x800'0e89         Code  Gb  frexp.o [5]
__iar_frexpl             0x800'0e89         Code  Gb  frexp.o [5]
__iar_get_ttio           0x800'17ed   0x4c  Code  Gb  iarttio.o [7]
__iar_init_vfp           0x800'3665         Code  Gb  fpinit_M.o [5]
__iar_lookup_ttioh       0x800'183d    0x8  Code  Gb  XShttio.o [2]
__iar_program_start      0x800'3749         Code  Gb  cstartup_M.o [6]
__iar_sh_stdout          0x800'346f   0x20  Code  Gb  iarwstd.o [7]
__iar_sh_write           0x800'348f   0x22  Code  Gb  iarwrite.o [7]
__iar_softfp___iar_frexp64
                         0x800'0e7d         Code  Gb  frexp.o [5]
__iar_softfp_frexp       0x800'0e7d         Code  Gb  frexp.o [5]
__iar_softfp_frexpl      0x800'0e7d         Code  Gb  frexp.o [5]
__iar_tls$$INIT_ARRAY$$Base
                         0x800'3848          --   Gb  - Linker created -
__iar_tls$$INIT_ARRAY$$Limit
                         0x800'3848          --   Gb  - Linker created -
__iar_ttio_handles      0x2000'0008    0x8  Data  Lc  XShttio.o [2]
__iar_unaligned_memcpy   0x800'0e05         Code  Gb  ABImemcpy_unaligned.o [6]
__iar_unaligned_memcpy4
                         0x800'0e25         Code  Gb  ABImemcpy_unaligned.o [6]
__iar_unaligned_memcpy8
                         0x800'0e25         Code  Gb  ABImemcpy_unaligned.o [6]
__iar_unaligned_memmove
                         0x800'20bd         Code  Gb  ABImemmove_unaligned.o [6]
__iar_unaligned_memmove4
                         0x800'20bd         Code  Gb  ABImemmove_unaligned.o [6]
__iar_unaligned_memmove8
                         0x800'20bd         Code  Gb  ABImemmove_unaligned.o [6]
__iar_zero_init3         0x800'34b1   0x38  Code  Gb  zero_init3.o [6]
__low_level_init         0x800'372f    0x4  Code  Gb  low_level_init.o [2]
__sti__routine           0x800'28e7    0xa  Code  Lc  ios.o [3]
__sti__routine           0x800'2f11   0x90  Code  Lc  iostream_cout.o [3]
__vector_table           0x800'0000         Data  Gb  vector_table_M.o [6]
__write                  0x800'3441   0x10  Code  Gb  write.o [7]
_call_main               0x800'371d         Code  Gb  cmain.o [6]
_exit                    0x800'3739         Code  Gb  cexit.o [6]
abort                    0x800'17a1    0x6  Code  Gb  abort.o [2]
bool FieldValueBase<GPIOC_IDR_IDR13_Values<GPIOC::IDR, (unsigned int)13, (unsigned int)1, ReadMode, GPIOC::GPIOCIDRBase>, GPIOC::GPIOCIDRBase, (unsigned int)0>::IsSet<ReadMode, void>()
                         0x800'2dad   0x18  Code  Wk  main.o [1]
bool FieldValueBase<GPIOC_IDR_IDR13_Values<GPIOC::IDR, (unsigned int)13, (unsigned int)1, ReadMode, GPIOC::GPIOCIDRBase>, GPIOC::GPIOCIDRBase, (unsigned int)1>::IsSet<ReadMode, void>()
                         0x800'2d9d   0x10  Code  Wk  main.o [1]
bool FieldValueBase<RCC_CFGR_SWS_Values<RCC::CFGR, (unsigned int)2, (unsigned int)2, ReadMode, RCC::RCCCFGRBase>, RCC::RCCCFGRBase, (unsigned int)1>::IsSet<ReadMode, void>()
                         0x800'2d45   0x1c  Code  Wk  main.o [1]
bool FieldValueBase<RCC_CR_HSERDY_Values<RCC::CR, (unsigned int)17, (unsigned int)1, ReadMode, RCC::RCCCRBase>, RCC::RCCCRBase, (unsigned int)0>::IsSet<ReadMode, void>()
                         0x800'2d19   0x18  Code  Wk  main.o [1]
char * && std::forward<char *>(std::remove_reference<char *>::type &)
                         0x800'233f    0x2  Code  Wk  main.o [1]
char * std::_Addressof<char>(char &, std::integral_constant<bool, (bool)0>)
                         0x800'21c3    0x2  Code  Wk  main.o [1]
char * std::_Allocate<char>(unsigned int, char *)
                         0x800'23b9   0x12  Code  Wk  main.o [1]
char * std::_Maklocstr<char>(char const *, char *)
                         0x800'2365   0x34  Code  Wk  main.o [1]
char * std::addressof<char>(char &)
                         0x800'1ecd   0x10  Code  Wk  main.o [1]
char std::_Maklocchr<char>(char, char *)
                         0x800'2325    0x4  Code  Wk  main.o [1]
const std::allocator<char>& && std::forward<const std::allocator<char>&>(std::remove_reference<const std::allocator<char>&>::type &)
                         0x800'22c1    0x2  Code  Wk  main.o [1]
exit                     0x800'3733    0x4  Code  Gb  exit.o [2]
free                     0x800'23eb    0x4  Code  Gb  heaptramp0.o [2]
j                       0x2000'0000    0x8  Data  Gb  main.o [1]
main                     0x800'2add   0xb0  Code  Gb  main.o [1]
memchr                   0x800'0dad         Code  Gb  memchr.o [6]
next_abi_dtor_rec       0x2000'00e8    0x4  Data  Lc  cppinit.o [2]
operator delete (void *)
                         0x800'235b    0xa  Code  Gb  delop_0.o [4]
operator delete (void *, unsigned int)
                         0x800'2a49    0x4  Code  Gb  delop4_0.o [4]
operator new (unsigned int)
                         0x800'252d   0x24  Code  Gb  newop_0.o [4]
operator new (unsigned int, void *)
                         0x800'2551    0x4  Code  Wk  main.o [1]
putchar                  0x800'3421   0x20  Code  Gb  putchar.o [2]
scale                    0x800'0bf3   0x46  Code  Lc  xprintflarge_nomb.o [2]
sec_hand                0x2000'00f8    0x4  Data  Lc  xfail_s.o [2]
sprintf                  0x800'31dd   0x40  Code  Gb  sprintf.o [2]
std::_Compressed_pair<std::_Wrap_alloc<std::allocator<char>>, std::_String_val<std::_Simple_types<char>>, (bool)1>::_Compressed_pair<const std::allocator<char>&>(std::_One_then_variadic_args_t, const std::allocator<char>& &&,  &&...)
                         0x800'219d   0x1c  Code  Wk  main.o [1]
std::_Compressed_pair<std::_Wrap_alloc<std::allocator<char>>, std::_String_val<std::_Simple_types<char>>, (bool)1>::_Get_first()
                         0x800'21b9    0x2  Code  Wk  main.o [1]
std::_Compressed_pair<std::_Wrap_alloc<std::allocator<char>>, std::_String_val<std::_Simple_types<char>>, (bool)1>::_Get_first() const
                         0x800'2329    0x2  Code  Wk  main.o [1]
std::_Compressed_pair<std::_Wrap_alloc<std::allocator<char>>, std::_String_val<std::_Simple_types<char>>, (bool)1>::_Get_second()
                         0x800'21d1    0x2  Code  Wk  main.o [1]
std::_Compressed_pair<std::_Wrap_alloc<std::allocator<char>>, std::_String_val<std::_Simple_types<char>>, (bool)1>::_Get_second() const
                         0x800'21fd    0x2  Code  Wk  main.o [1]
std::_Fpz               0x2000'00c8   0x10  Data  Gb  ios.o [3]
std::_NomemoryNothrow()
                         0x800'2581    0x4  Code  Gb  nomemory.o [4]
std::_String_alloc<std::_String_base_types<char, std::allocator<char>>>::_Bx()
                         0x800'1eb3    0x8  Code  Wk  main.o [1]
std::_String_alloc<std::_String_base_types<char, std::allocator<char>>>::_Get_data()
                         0x800'1ef3    0x8  Code  Wk  main.o [1]
std::_String_alloc<std::_String_base_types<char, std::allocator<char>>>::_Get_data() const
                         0x800'1fb5    0x8  Code  Wk  main.o [1]
std::_String_alloc<std::_String_base_types<char, std::allocator<char>>>::_Getal()
                         0x800'1ebb    0x8  Code  Wk  main.o [1]
std::_String_alloc<std::_String_base_types<char, std::allocator<char>>>::_Getal() const
                         0x800'21ff    0x8  Code  Wk  main.o [1]
std::_String_alloc<std::_String_base_types<char, std::allocator<char>>>::_Myptr()
                         0x800'1d2d    0xc  Code  Wk  main.o [1]
std::_String_alloc<std::_String_base_types<char, std::allocator<char>>>::_Myptr() const
                         0x800'1d5b    0xc  Code  Wk  main.o [1]
std::_String_alloc<std::_String_base_types<char, std::allocator<char>>>::_Myres()
                         0x800'1ea9    0xa  Code  Wk  main.o [1]
std::_String_alloc<std::_String_base_types<char, std::allocator<char>>>::_Mysize()
                         0x800'1d67    0xa  Code  Wk  main.o [1]
std::_String_alloc<std::_String_base_types<char, std::allocator<char>>>::_Mysize() const
                         0x800'1e4b    0xa  Code  Wk  main.o [1]
std::_String_alloc<std::_String_base_types<char, std::allocator<char>>>::_String_alloc(const std::allocator<char>&)
                         0x800'1e91   0x18  Code  Wk  main.o [1]
std::_String_alloc<std::_String_base_types<char, std::allocator<char>>>::_String_alloc(const std::allocator<char>&) [subobject]
                         0x800'1c71    0x8  Code  Wk  main.o [1]
std::_String_val<std::_Simple_types<char>>::_Myptr()
                         0x800'1efb   0x12  Code  Wk  main.o [1]
std::_String_val<std::_Simple_types<char>>::_Myptr() const
                         0x800'1fbd   0x12  Code  Wk  main.o [1]
std::_String_val<std::_Simple_types<char>>::_String_val()
                         0x800'22cb    0xa  Code  Wk  main.o [1]
std::_Wrap_alloc<std::allocator<char>>::_Wrap_alloc(const std::allocator<char>&)
                         0x800'2359    0x2  Code  Wk  main.o [1]
std::_Wrap_alloc<std::allocator<char>>::_Wrap_alloc(const std::allocator<char>&) [subobject]
                         0x800'22c3    0x8  Code  Wk  main.o [1]
std::_Wrap_alloc<std::allocator<char>>::allocate(unsigned int)
                         0x800'220f    0x8  Code  Wk  main.o [1]
std::_Wrap_alloc<std::allocator<char>>::deallocate(char *, unsigned int)
                         0x800'1eeb    0x8  Code  Wk  main.o [1]
std::_Wrap_alloc<std::allocator<char>>::max_size(std::_Nil) const
                         0x800'2207    0x8  Code  Wk  main.o [1]
std::_Wrap_facet<std::ctype<char>>::_Wrap_facet()
                         0x800'1c59   0x18  Code  Wk  main.o [1]
std::_Wrap_facet<std::num_put<char, std::ostreambuf_iterator<char, std::char_traits<char>>>>::_Wrap_facet()
                         0x800'2e45   0x18  Code  Wk  main.o [1]
std::_Wrap_facet<std::numpunct<char>>::_Wrap_facet()
                         0x800'1d39   0x18  Code  Wk  main.o [1]
std::_Wrap_facet<std::numpunct<char>>::~_Wrap_facet()
                         0x800'37f9    0xe  Code  Wk  main.o [1]
std::__iar_New_hand     0x2000'00f0    0x4  Data  Gb  new.o [4]
std::__iar_cout_guard::~__iar_cout_guard()
                         0x800'3795   0x14  Code  Wk  iostream_cout.o [3]
std::__nobasic_filebuf<char, std::char_traits<char>>::__nobasic_filebuf()
                         0x800'2fa1   0x5c  Code  Wk  iostream_cout.o [3]
std::__nobasic_filebuf<char, std::char_traits<char>>::overflow(int)
                         0x800'33e9   0x38  Code  Wk  iostream_cout.o [3]
std::allocator<char>::allocate(unsigned int)
                         0x800'2333    0xc  Code  Wk  main.o [1]
std::allocator<char>::deallocate(char *, unsigned int)
                         0x800'21c5    0xc  Code  Wk  main.o [1]
std::allocator<char>::max_size() const
                         0x800'23b3    0x6  Code  Wk  main.o [1]
std::allocator_traits<std::allocator<char>>::max_size(const std::allocator<char>&)
                         0x800'232b    0x8  Code  Wk  main.o [1]
std::char_traits<char>::assign(char &, char const &)
                         0x800'2135    0x6  Code  Wk  main.o [1]
std::char_traits<char>::assign(char *, unsigned int, char)
                         0x800'213b   0x10  Code  Wk  main.o [1]
std::char_traits<char>::copy(char *, char const *, unsigned int)
                         0x800'1edd    0xe  Code  Wk  main.o [1]
std::char_traits<char>::eq_int_type(int const &, int const &)
                         0x800'217d   0x12  Code  Wk  main.o [1]
std::char_traits<char>::length(char const *)
                         0x800'2737    0x8  Code  Wk  main.o [1]
std::char_traits<char>::move(char *, char const *, unsigned int)
                         0x800'1deb    0xe  Code  Wk  main.o [1]
std::char_traits<char>::to_int_type(char const &)
                         0x800'22bd    0x4  Code  Wk  main.o [1]
std::cout               0x2000'0010   0x2c  Data  Gb  iostream_cout.o [3]
std::ctype<char> const & std::use_facet<std::ctype<char>>()
                         0x800'1a85   0x20  Code  Wk  main.o [1]
std::ctype<char> const & std::use_facet<std::ctype<char>>()::_MyFacet
                        0x2000'00e4    0x4  Data  Wk  main.o [1]
std::ctype<char>::ctype()
                         0x800'2191    0xc  Code  Wk  main.o [1]
std::ctype<char>::ctype() [subobject]
                         0x800'1e87    0x8  Code  Wk  main.o [1]
std::ctype<char>::widen(char const *, char const *, char *) const
                         0x800'1adb   0x12  Code  Wk  main.o [1]
std::ctype<char>::widen(char) const
                         0x800'3589    0x6  Code  Wk  main.o [1]
std::ios::clear(std::_Iosb<int>::_Iostate, bool)
                         0x800'287f   0x18  Code  Wk  main.o [1]
std::ios::fill() const   0x800'27bd    0x6  Code  Wk  main.o [1]
std::ios::rdbuf() const
                         0x800'27c3    0x4  Code  Wk  main.o [1]
std::ios::setstate(std::_Iosb<int>::_Iostate, bool)
                         0x800'27d1   0x28  Code  Wk  main.o [1]
std::ios::tie() const    0x800'2823    0x4  Code  Wk  main.o [1]
std::ios::widen(char) const
                         0x800'3577   0x12  Code  Wk  main.o [1]
std::ios_base::_Addstd(std::ios_base*)
                         0x800'2951   0x32  Code  Gb  ios.o [3]
std::ios_base::_Callfns(std::ios_base::event)
                         0x800'2935   0x1c  Code  Gb  ios.o [3]
std::ios_base::_Init()   0x800'2991   0x1c  Code  Gb  ios.o [3]
std::ios_base::_Tidy()   0x800'29ad   0x38  Code  Gb  ios.o [3]
std::ios_base::clear(std::_Iosb<int>::_Iostate, bool)
                         0x800'28f1   0x20  Code  Gb  ios.o [3]
std::ios_base::flags() const
                         0x800'1a79    0x4  Code  Wk  main.o [1]
std::ios_base::good() const
                         0x800'280f   0x14  Code  Wk  main.o [1]
std::ios_base::rdstate() const
                         0x800'287b    0x4  Code  Wk  main.o [1]
std::ios_base::width() const
                         0x800'1bdd    0x4  Code  Wk  main.o [1]
std::ios_base::width(int)
                         0x800'1c3d    0x8  Code  Wk  main.o [1]
std::ios_base::~ios_base()
                         0x800'2911   0x24  Code  Gb  ios.o [3]
std::ios_base::~ios_base() [subobject]
                         0x800'28e5    0x2  Code  Gb  ios.o [3]
std::num_put<char, std::ostreambuf_iterator<char, std::char_traits<char>>> const & std::use_facet<std::num_put<char, std::ostreambuf_iterator<char, std::char_traits<char>>>>()
                         0x800'2dc5   0x20  Code  Wk  main.o [1]
std::num_put<char, std::ostreambuf_iterator<char, std::char_traits<char>>> const & std::use_facet<std::num_put<char, std::ostreambuf_iterator<char, std::char_traits<char>>>>()::_MyFacet
                        0x2000'00e0    0x4  Data  Wk  main.o [1]
std::num_put<char, std::ostreambuf_iterator<char, std::char_traits<char>>>::_Ifmt(char *, char const *, std::_Iosb<int>::_Fmtflags) const
                         0x800'2e71   0xa0  Code  Wk  main.o [1]
std::num_put<char, std::ostreambuf_iterator<char, std::char_traits<char>>>::_Iput(std::ostreambuf_iterator<char, std::char_traits<char>>, std::ios_base &, char, char *, unsigned int) const
                         0x800'1845  0x234  Code  Wk  main.o [1]
std::num_put<char, std::ostreambuf_iterator<char, std::char_traits<char>>>::_Put(std::ostreambuf_iterator<char, std::char_traits<char>>, char const *, unsigned int) const
                         0x800'1c0f   0x2e  Code  Wk  main.o [1]
std::num_put<char, std::ostreambuf_iterator<char, std::char_traits<char>>>::_Rep(std::ostreambuf_iterator<char, std::char_traits<char>>, char, unsigned int) const
                         0x800'1be1   0x2e  Code  Wk  main.o [1]
std::num_put<char, std::ostreambuf_iterator<char, std::char_traits<char>>>::do_put(std::ostreambuf_iterator<char, std::char_traits<char>>, std::ios_base &, char, long long) const
                         0x800'321d   0x60  Code  Wk  main.o [1]
std::num_put<char, std::ostreambuf_iterator<char, std::char_traits<char>>>::do_put(std::ostreambuf_iterator<char, std::char_traits<char>>, std::ios_base &, char, long long) const::string
                         0x800'384c    0x4  Data  Wk  main.o [1]
std::num_put<char, std::ostreambuf_iterator<char, std::char_traits<char>>>::do_put(std::ostreambuf_iterator<char, std::char_traits<char>>, std::ios_base &, char, unsigned long) const
                         0x800'317d   0x60  Code  Wk  main.o [1]
std::num_put<char, std::ostreambuf_iterator<char, std::char_traits<char>>>::do_put(std::ostreambuf_iterator<char, std::char_traits<char>>, std::ios_base &, char, unsigned long) const::string
                         0x800'3848    0x4  Data  Wk  main.o [1]
std::num_put<char, std::ostreambuf_iterator<char, std::char_traits<char>>>::num_put()
                         0x800'2e65    0xc  Code  Wk  main.o [1]
std::num_put<char, std::ostreambuf_iterator<char, std::char_traits<char>>>::num_put() [subobject]
                         0x800'2e5d    0x8  Code  Wk  main.o [1]
std::num_put<char, std::ostreambuf_iterator<char, std::char_traits<char>>>::put(std::ostreambuf_iterator<char, std::char_traits<char>>, std::ios_base &, char, long long) const
                         0x800'2e19   0x2c  Code  Wk  main.o [1]
std::num_put<char, std::ostreambuf_iterator<char, std::char_traits<char>>>::put(std::ostreambuf_iterator<char, std::char_traits<char>>, std::ios_base &, char, unsigned long) const
                         0x800'2ded   0x28  Code  Wk  main.o [1]
std::numpunct<char> const & std::use_facet<std::numpunct<char>>()
                         0x800'1aed   0x30  Code  Wk  main.o [1]
std::numpunct<char> const & std::use_facet<std::numpunct<char>>()::_MyFacet
                        0x2000'00b4   0x14  Data  Wk  main.o [1]
std::numpunct<char>::_Init()
                         0x800'22e1   0x44  Code  Wk  main.o [1]
std::numpunct<char>::_Init()::string
                         0x800'13c2    0x1  Data  Wk  main.o [1]
std::numpunct<char>::_Init()::string (instance 2)
                         0x800'3828    0x8  Data  Wk  main.o [1]
std::numpunct<char>::_Init()::string (instance 3)
                         0x800'3830    0x8  Data  Wk  main.o [1]
std::numpunct<char>::_Tidy()
                         0x800'377d   0x18  Code  Wk  main.o [1]
std::numpunct<char>::do_grouping() const
                         0x800'381d    0xa  Code  Wk  main.o [1]
std::numpunct<char>::do_thousands_sep() const
                         0x800'3851    0x4  Code  Wk  main.o [1]
std::numpunct<char>::grouping() const
                         0x800'1b1d    0xa  Code  Wk  main.o [1]
std::numpunct<char>::numpunct()
                         0x800'21d5   0x28  Code  Wk  main.o [1]
std::numpunct<char>::numpunct() [subobject]
                         0x800'1f0d    0x8  Code  Wk  main.o [1]
std::numpunct<char>::thousands_sep() const
                         0x800'1b33    0xa  Code  Wk  main.o [1]
std::numpunct<char>::~numpunct()
                         0x800'3765   0x18  Code  Wk  main.o [1]
std::numpunct<char>::~numpunct() [subobject]
                         0x800'3807    0x8  Code  Wk  main.o [1]
std::operator &(std::_Iosb<int>::_Fmtflags, std::_Iosb<int>::_Fmtflags)
                         0x800'1a7d    0x6  Code  Wk  main.o [1]
std::operator |=(std::_Iosb<int>::_Iostate &, std::_Iosb<int>::_Iostate)
                         0x800'27b5    0x8  Code  Wk  main.o [1]
std::ostream & std::endl<char, std::char_traits<char>>(std::ostream &)
                         0x800'3549   0x2e  Code  Wk  main.o [1]
std::ostream & std::operator <<<std::char_traits<char>>(std::ostream &, char const *)
                         0x800'2585  0x1b2  Code  Wk  main.o [1]
std::ostream::_Flush_sentry::_Flush_sentry(std::ostream&)
                         0x800'289f   0x28  Code  Wk  main.o [1]
std::ostream::_Flush_sentry::_Flush_sentry(std::ostream&) [subobject]
                         0x800'2807    0x8  Code  Wk  main.o [1]
std::ostream::_Flush_sentry::operator bool() const
                         0x800'27b1    0x4  Code  Wk  main.o [1]
std::ostream::_Flush_sentry::~_Flush_sentry()
                         0x800'28d1   0x14  Code  Wk  main.o [1]
std::ostream::_Flush_sentry::~_Flush_sentry() [subobject]
                         0x800'2897    0x8  Code  Wk  main.o [1]
std::ostream::_Osfx()    0x800'29ed   0x54  Code  Wk  main.o [1]
std::ostream::_Sentry_base::_Sentry_base(std::ostream&)
                         0x800'2a4d   0x48  Code  Wk  main.o [1]
std::ostream::_Sentry_base::_Sentry_base(std::ostream&) [subobject]
                         0x800'29e5    0x8  Code  Wk  main.o [1]
std::ostream::_Sentry_base::~_Sentry_base()
                         0x800'2a95   0x46  Code  Wk  main.o [1]
std::ostream::_Sentry_base::~_Sentry_base() [subobject]
                         0x800'2a41    0x8  Code  Wk  main.o [1]
std::ostream::flush()    0x800'2827   0x54  Code  Wk  main.o [1]
std::ostream::operator <<(long long)
                         0x800'2c59   0xaa  Code  Wk  main.o [1]
std::ostream::operator <<(std::ostream&(*)(std::ostream&))
                         0x800'2c53    0x6  Code  Wk  main.o [1]
std::ostream::operator <<(unsigned int)
                         0x800'2bb1   0xa2  Code  Wk  main.o [1]
std::ostream::put(char)
                         0x800'3107   0x76  Code  Wk  main.o [1]
std::ostream::sentry::sentry(std::ostream&)
                         0x800'273f   0x72  Code  Wk  main.o [1]
std::ostream::sentry::~sentry()
                         0x800'27f9    0xe  Code  Wk  main.o [1]
std::ostream::~basic_ostream()
                         0x800'380f    0xe  Code  Wk  iostream_cout.o [3]
std::ostreambuf_iterator<char, std::char_traits<char>>::failed() const
                         0x800'2e15    0x4  Code  Wk  main.o [1]
std::ostreambuf_iterator<char, std::char_traits<char>>::operator *()
                         0x800'1e55    0x2  Code  Wk  main.o [1]
std::ostreambuf_iterator<char, std::char_traits<char>>::operator ++()
                         0x800'1e85    0x2  Code  Wk  main.o [1]
std::ostreambuf_iterator<char, std::char_traits<char>>::operator =(char)
                         0x800'1e57   0x2e  Code  Wk  main.o [1]
std::ostreambuf_iterator<char, std::char_traits<char>>::ostreambuf_iterator(std::streambuf *)
                         0x800'2de5    0x8  Code  Wk  main.o [1]
std::remove_reference<char *&>::type && std::move<char *&>(char *& &&)
                         0x800'2217    0x2  Code  Wk  main.o [1]
std::streambuf::_Lock()
                         0x800'0e7b    0x2  Code  Wk  iostream_cout.o [3]
std::streambuf::_Pnavail() const
                         0x800'2297   0x18  Code  Wk  main.o [1]
std::streambuf::_Pninc()
                         0x800'22af    0xe  Code  Wk  main.o [1]
std::streambuf::_Unlock()
                         0x800'1133    0x2  Code  Wk  iostream_cout.o [3]
std::streambuf::overflow(int)
                         0x800'0da7    0x6  Code  Wk  iostream_cout.o [3]
std::streambuf::pubsync()
                         0x800'28c7    0xa  Code  Wk  main.o [1]
std::streambuf::sputc(char)
                         0x800'214b   0x32  Code  Wk  main.o [1]
std::streambuf::sputn(char const *, int)
                         0x800'27c7    0xa  Code  Wk  main.o [1]
std::streambuf::sync()   0x800'3855    0x4  Code  Wk  iostream_cout.o [3]
std::streambuf::xsputn(char const *, int)
                         0x800'327d   0x5e  Code  Wk  iostream_cout.o [3]
std::string::_Chassign(unsigned int, unsigned int, char)
                         0x800'1df9   0x2a  Code  Wk  main.o [1]
std::string::_Copy(unsigned int, unsigned int)
                         0x800'1fe7   0xd6  Code  Wk  main.o [1]
std::string::_Eos(unsigned int)
                         0x800'1e23   0x28  Code  Wk  main.o [1]
std::string::_Grow(unsigned int, bool)
                         0x800'1d71   0x7a  Code  Wk  main.o [1]
std::string::_Inside(char const *)
                         0x800'332d   0x32  Code  Wk  main.o [1]
std::string::_Tidy(bool, unsigned int)
                         0x800'1c79   0x7a  Code  Wk  main.o [1]
std::string::assign(char const *)
                         0x800'364d   0x18  Code  Wk  main.o [1]
std::string::assign(char const *, unsigned int)
                         0x800'32db   0x52  Code  Wk  main.o [1]
std::string::assign(const std::string&, unsigned int, unsigned int)
                         0x800'2ffd   0x7c  Code  Wk  main.o [1]
std::string::assign(unsigned int, char)
                         0x800'1cf3   0x3a  Code  Wk  main.o [1]
std::string::basic_string(char const *)
                         0x800'3629   0x24  Code  Wk  main.o [1]
std::string::basic_string(unsigned int, char)
                         0x800'1aa5   0x2a  Code  Wk  main.o [1]
std::string::erase(unsigned int)
                         0x800'3079   0x22  Code  Wk  main.o [1]
std::string::erase(unsigned int, unsigned int)
                         0x800'309b   0x6c  Code  Wk  main.o [1]
std::string::insert(unsigned int, unsigned int, char)
                         0x800'1b3d   0x96  Code  Wk  main.o [1]
std::string::max_size() const
                         0x800'1fcf   0x18  Code  Wk  main.o [1]
std::string::operator [](unsigned int)
                         0x800'1acf    0xc  Code  Wk  main.o [1]
std::string::operator [](unsigned int) const
                         0x800'1b27    0xc  Code  Wk  main.o [1]
std::string::size() const
                         0x800'1bd3    0xa  Code  Wk  main.o [1]
std::string::~basic_string()
                         0x800'1c45   0x12  Code  Wk  main.o [1]
strchr                   0x800'0d11         Code  Gb  strchr.o [6]
strlen                   0x800'0d71         Code  Gb  strlen.o [6]
void FieldValueBase<GPIOA_MODER_MODER15_Values<GPIOA::MODER, (unsigned int)10, (unsigned int)2, ReadWriteMode, GPIOA::GPIOAMODERBase>, GPIOA::GPIOAMODERBase, (unsigned int)1>::Set<ReadWriteMode, void>()
                         0x800'2d89   0x14  Code  Wk  main.o [1]
void FieldValueBase<RCC_AHB1ENR_GPIOAEN_Values<RCC::AHB1ENR, (unsigned int)0, (unsigned int)1, ReadWriteMode, RCC::RCCAHB1ENRBase>, RCC::RCCAHB1ENRBase, (unsigned int)1>::Set<ReadWriteMode, void>()
                         0x800'2d75   0x14  Code  Wk  main.o [1]
void FieldValueBase<RCC_AHB1ENR_GPIOCEN_Values<RCC::AHB1ENR, (unsigned int)2, (unsigned int)1, ReadWriteMode, RCC::RCCAHB1ENRBase>, RCC::RCCAHB1ENRBase, (unsigned int)1>::Set<ReadWriteMode, void>()
                         0x800'2d61   0x14  Code  Wk  main.o [1]
void FieldValueBase<RCC_CFGR_SW_Values<RCC::CFGR, (unsigned int)0, (unsigned int)2, ReadWriteMode, RCC::RCCCFGRBase>, RCC::RCCCFGRBase, (unsigned int)1>::Set<ReadWriteMode, void>()
                         0x800'2d31   0x14  Code  Wk  main.o [1]
void FieldValueBase<RCC_CR_HSEON_Values<RCC::CR, (unsigned int)16, (unsigned int)1, ReadWriteMode, RCC::RCCCRBase>, RCC::RCCCRBase, (unsigned int)1>::Set<ReadWriteMode, void>()
                         0x800'2d05   0x14  Code  Wk  main.o [1]
void std::_Deallocate<char>(char *, unsigned int)
                         0x800'22d7    0x8  Code  Wk  main.o [1]
void std::_Wrap_alloc<std::allocator<char>>::construct<char *, char *>(char * *, char * &&...)
                         0x800'2219   0x18  Code  Wk  main.o [1]
void std::_Wrap_alloc<std::allocator<char>>::destroy<char *>(char * *)
                         0x800'1ec3    0x8  Code  Wk  main.o [1]
void std::allocator<char>::construct<char *, char *>(char * *, char * &&...)
                         0x800'23cb   0x20  Code  Wk  main.o [1]
void std::allocator<char>::destroy<char *>(char * *)
                         0x800'22d5    0x2  Code  Wk  main.o [1]
void std::allocator_traits<std::allocator<char>>::construct<char *, char *>(std::allocator<char>&, char * *, char * &&...)
                         0x800'2341   0x18  Code  Wk  main.o [1]
void std::allocator_traits<std::allocator<char>>::destroy<char *>(std::allocator<char>&, char * *)
                         0x800'21bb    0x8  Code  Wk  main.o [1]
void std::numpunct<char>::_Getvals<char>(char)
                         0x800'2399   0x1a  Code  Wk  main.o [1]


[1] = R:\POIP\POIP\MySixProject\Debug\Obj
[2] = dl7M_tln.a
[3] = dlpp7M_tls_nc.a
[4] = dlpprt7M_tl_nc.a
[5] = m7M_tls.a
[6] = rt7M_tl.a
[7] = shb_l.a

  13'844 bytes of readonly  code memory
     578 bytes of readonly  data memory
   8'869 bytes of readwrite data memory

Errors: none
Warnings: none
