###############################################################################
#
# IAR ELF Linker V9.30.1.335/W64 for ARM                  29/Mar/2023  12:58:08
# Copyright 2007-2022 IAR Systems AB.
#
#    Output file  =
#        R:\POIP\POIP\POIP2\Rabots\Rabota_4\RTOS\RtosWrapper\Debug\Exe\iarproject.out
#    Map file     =
#        R:\POIP\POIP\POIP2\Rabots\Rabota_4\RTOS\RtosWrapper\Debug\List\iarproject.map
#    Command line =
#        -f
#        R:\POIP\POIP\POIP2\Rabots\Rabota_4\RTOS\RtosWrapper\Debug\Exe\iarproject.out.rsp
#        (R:\POIP\POIP\POIP2\Rabots\Rabota_4\RTOS\RtosWrapper\Debug\Obj\Rtos\FreeRtos\croutine.o
#        R:\POIP\POIP\POIP2\Rabots\Rabota_4\RTOS\RtosWrapper\Debug\Obj\Rtos\FreeRtos\event_groups.o
#        R:\POIP\POIP\POIP2\Rabots\Rabota_4\RTOS\RtosWrapper\Debug\Obj\AHardware\IrqController\irqcontroller.o
#        R:\POIP\POIP\POIP2\Rabots\Rabota_4\RTOS\RtosWrapper\Debug\Obj\MyTasks\Led1Task.o
#        R:\POIP\POIP\POIP2\Rabots\Rabota_4\RTOS\RtosWrapper\Debug\Obj\Rtos\FreeRtos\list.o
#        R:\POIP\POIP\POIP2\Rabots\Rabota_4\RTOS\RtosWrapper\Debug\Obj\main.o
#        R:\POIP\POIP\POIP2\Rabots\Rabota_4\RTOS\RtosWrapper\Debug\Obj\MyTasks\myled.o
#        R:\POIP\POIP\POIP2\Rabots\Rabota_4\RTOS\RtosWrapper\Debug\Obj\MyTasks\MyLED9.o
#        R:\POIP\POIP\POIP2\Rabots\Rabota_4\RTOS\RtosWrapper\Debug\Obj\MyTasks\mytask.o
#        R:\POIP\POIP\POIP2\Rabots\Rabota_4\RTOS\RtosWrapper\Debug\Obj\Rtos\FreeRtos\portable\IAR\ARM_CM4F\port.o
#        R:\POIP\POIP\POIP2\Rabots\Rabota_4\RTOS\RtosWrapper\Debug\Obj\Rtos\FreeRtos\portable\IAR\ARM_CM4F\portasm.o
#        R:\POIP\POIP\POIP2\Rabots\Rabota_4\RTOS\RtosWrapper\Debug\Obj\Rtos\FreeRtos\queue.o
#        R:\POIP\POIP\POIP2\Rabots\Rabota_4\RTOS\RtosWrapper\Debug\Obj\startupF411RE.o
#        R:\POIP\POIP\POIP2\Rabots\Rabota_4\RTOS\RtosWrapper\Debug\Obj\Rtos\FreeRtos\tasks.o
#        R:\POIP\POIP\POIP2\Rabots\Rabota_4\RTOS\RtosWrapper\Debug\Obj\Rtos\FreeRtos\timers.o
#        --no_out_extension -o
#        R:\POIP\POIP\POIP2\Rabots\Rabota_4\RTOS\RtosWrapper\Debug\Exe\iarproject.out
#        --map
#        R:\POIP\POIP\POIP2\Rabots\Rabota_4\RTOS\RtosWrapper\Debug\List\iarproject.map
#        --log
#        libraries,initialization,modules,redirects,sections,veneers,unused_fragments,call_graph
#        --log_file
#        R:\POIP\POIP\POIP2\Rabots\Rabota_4\RTOS\RtosWrapper\Debug\List\iarproject.log
#        --config
#        R:\POIP\POIP\POIP2\Rabots\Rabota_4\RTOS\RtosWrapper\stm32f411xE.icf
#        --semihosting --entry __iar_program_start --vfe --text_out locale
#        --cpu=Cortex-M4 --fpu=VFPv4_sp)
#
###############################################################################

*******************************************************************************
*** RUNTIME MODEL ATTRIBUTES
***

CppFlavor                     = *
__CPP_Exceptions              = Disabled
__CPP_Language                = C++14
__CPP_Library                 = DLib
__CPP_Runtime                 = 1
__Heap_Handler                = Basic
__SystemLibrary               = DLib
__dlib_dynamic_initialization = normal
__dlib_version                = 6


*******************************************************************************
*** HEAP SELECTION
***

The basic heap was selected because --advanced_heap
was not specified and the application did not appear to
be primarily optimized for speed.


*******************************************************************************
*** PLACEMENT SUMMARY
***

"A0":  place at address 0x800'0000 { ro section .intvec };
"P1":  place in [from 0x800'0000 to 0x807'ffff] { ro };
define block CSTACK with size = 256, alignment = 8 { };
define block HEAP with size = 0, alignment = 8 { };
"P2":  place in [from 0x2000'0000 to 0x2001'ffff] {
          rw, block CSTACK, block HEAP };
initialize by copy { rw };

  Section                Kind         Address    Size  Object
  -------                ----         -------    ----  ------
"A0":                                           0x198
  .intvec                const     0x800'0000   0x198  startupF411RE.o [1]
                                 - 0x800'0198   0x198

"P1":                                          0x1e58
  .text                  ro code   0x800'0198   0x824  tasks.o [4]
  .text                  ro code   0x800'09bc    0x98  list.o [4]
  .text                  ro code   0x800'0a54   0x160  port.o [5]
  .text                  ro code   0x800'0bb4   0x394  timers.o [4]
  .text                  ro code   0x800'0f48    0x24  port.o [5]
  CODE                   ro code   0x800'0f6c    0xa8  portasm.o [5]
  .text                  ro code   0x800'1014   0x612  queue.o [4]
  .text                  ro code   0x800'1626    0x2a  copy_init3.o [9]
  .text                  ro code   0x800'1650    0xa6  ABImemcpy.o [9]
  .text                  ro code   0x800'16f6     0x2  irqcontroller.o [2]
  .text                  ro code   0x800'16f8   0x274  I64DivMod.o [9]
  .text                  ro code   0x800'196c     0x2  I64DivZer.o [9]
  .rodata                zero      0x800'196e     0x1  Led1Task.o [3]
  .rodata                const     0x800'196f     0x1  unwind_debug.o [10]
  .text                  ro code   0x800'1970    0x94  Led1Task.o [3]
  .text                  ro code   0x800'1a04    0x66  ABImemset.o [9]
  .text                  ro code   0x800'1a6c    0x3c  Led1Task.o [3]
  .text                  ro code   0x800'1aa8    0x18  Led1Task.o [3]
  .text                  ro code   0x800'1ac0    0x18  Led1Task.o [3]
  .text                  ro code   0x800'1ad8    0x18  Led1Task.o [3]
  .text                  ro code   0x800'1af0    0x18  Led1Task.o [3]
  .text                  ro code   0x800'1b08    0x10  Led1Task.o [3]
  .text                  ro code   0x800'1b18     0x8  Led1Task.o [3]
  .text                  ro code   0x800'1b20    0x10  Led1Task.o [3]
  .text                  ro code   0x800'1b30     0x2  Led1Task.o [3]
  .text                  ro code   0x800'1b32     0x2  Led1Task.o [3]
  .text                  ro code   0x800'1b34    0x6c  main.o [1]
  .text                  ro code   0x800'1ba0    0x24  main.o [1]
  .text                  ro code   0x800'1bc4    0x24  main.o [1]
  .text                  ro code   0x800'1be8    0x14  main.o [1]
  .text                  ro code   0x800'1bfc    0x10  main.o [1]
  .text                  ro code   0x800'1c0c    0x14  main.o [1]
  .text                  ro code   0x800'1c20    0x14  main.o [1]
  .text                  ro code   0x800'1c34    0x14  main.o [1]
  .text                  ro code   0x800'1c48    0x22  main.o [1]
  .text                  ro code   0x800'1c6a    0x22  main.o [1]
  .text                  ro code   0x800'1c8c     0x8  main.o [1]
  .text                  ro code   0x800'1c94     0x8  main.o [1]
  .text                  ro code   0x800'1c9c     0x2  main.o [1]
  .text                  ro code   0x800'1ca0    0x2c  main.o [1]
  .text                  ro code   0x800'1ccc    0x2c  main.o [1]
  .text                  ro code   0x800'1cf8     0x8  main.o [1]
  .text                  ro code   0x800'1d00     0xe  main.o [1]
  .text                  ro code   0x800'1d0e     0x8  main.o [1]
  .text                  ro code   0x800'1d16     0xa  main.o [1]
  .text                  ro code   0x800'1d20    0x38  zero_init3.o [9]
  .text                  ro code   0x800'1d58    0x28  data_init.o [9]
  .text                  ro code   0x800'1d80    0x22  fpinit_M.o [8]
  .iar.init_table        const     0x800'1da4    0x28  - Linker created -
  .text                  ro code   0x800'1dcc    0x20  cmain_call_ctors.o [9]
  .text                  ro code   0x800'1dec    0x18  cppinit.o [6]
  .text                  ro code   0x800'1e04    0x1e  cmain.o [9]
  .text                  ro code   0x800'1e22     0x4  exit.o [6]
  .text                  ro code   0x800'1e28     0xa  cexit.o [9]
  .text                  ro code   0x800'1e34    0x14  exit.o [10]
  .text                  ro code   0x800'1e48    0x1c  main.o [1]
  .text                  ro code   0x800'1e64     0x6  main.o [1]
  .text                  ro code   0x800'1e6a     0x6  main.o [1]
  .text                  ro code   0x800'1e70    0x1a  main.o [1]
  .text                  ro code   0x800'1e8a     0x4  main.o [1]
  .text                  ro code   0x800'1e8e     0x8  main.o [1]
  .text                  ro code   0x800'1e96    0x1a  main.o [1]
  .text                  ro code   0x800'1eb0    0x10  Led1Task.o [3]
  .text                  ro code   0x800'1ec0    0x1a  main.o [1]
  .rodata                const     0x800'1edc    0x14  Led1Task.o [3]
  .rodata                const     0x800'1ef0    0x14  Led1Task.o [3]
  .rodata                const     0x800'1f04    0x14  Led1Task.o [3]
  .rodata                const     0x800'1f18    0x14  Led1Task.o [3]
  .text                  ro code   0x800'1f2c    0x14  main.o [1]
  .text                  ro code   0x800'1f40     0x8  main.o [1]
  .text                  ro code   0x800'1f48    0x12  startupF411RE.o [1]
  .rodata                const     0x800'1f5c     0xc  main.o [1]
  .rodata                const     0x800'1f68     0xc  main.o [1]
  .rodata                const     0x800'1f74     0xc  main.o [1]
  .rodata                const     0x800'1f80     0xc  main.o [1]
  .rodata                const     0x800'1f8c     0x4  port.o [5]
  .rodata                const     0x800'1f90     0x8  main.o [1]
  .rodata                const     0x800'1f98     0x8  main.o [1]
  .rodata                const     0x800'1fa0     0x8  tasks.o [4]
  .rodata                const     0x800'1fa8     0x8  timers.o [4]
  .rodata                const     0x800'1fb0     0x8  timers.o [4]
  .text                  ro code   0x800'1fb8     0x8  main.o [1]
  .text                  ro code   0x800'1fc0     0x8  startupF411RE.o [1]
  .text                  ro code   0x800'1fc8     0x8  startupF411RE.o [1]
  .text                  ro code   0x800'1fd0     0x8  startupF411RE.o [1]
  .text                  ro code   0x800'1fd8     0x8  startupF411RE.o [1]
  SHT$$PREINIT_ARRAY               0x800'1fe0     0x0  <Block>
  SHT$$INIT_ARRAY                  0x800'1fe0     0x8  <Block>
    .init_array          const     0x800'1fe0     0x4  Led1Task.o [3]
    .init_array          const     0x800'1fe4     0x4  main.o [1]
  __iar_tls$$INIT_ARRAY            0x800'1fe8     0x0  <Block>
  Initializer bytes      const     0x800'1fe8     0x8  <for P2-1>
  .rodata                const     0x800'1ff0     0x0  zero_init3.o [9]
  .rodata                const     0x800'1ff0     0x0  copy_init3.o [9]
                                 - 0x800'1ff0  0x1e58

"P2", part 1 of 3:                                0x8
  P2-1                            0x2000'0000     0x8  <Init block>
    .data                inited   0x2000'0000     0x4  main.o [1]
    .data                inited   0x2000'0004     0x4  port.o [5]
                                - 0x2000'0008     0x8

"P2", part 2 of 3:                              0xdec
  .bss                   zero     0x2000'0008   0x400  tasks.o [4]
  .bss                   zero     0x2000'0408   0x268  main.o [1]
  .bss                   zero     0x2000'0670   0x268  main.o [1]
  .bss                   zero     0x2000'08d8   0x200  tasks.o [4]
  .bss                   zero     0x2000'0ad8    0xa0  timers.o [4]
  .bss                   zero     0x2000'0b78    0x64  tasks.o [4]
  .bss                   zero     0x2000'0bdc    0x50  tasks.o [4]
  .bss                   zero     0x2000'0c2c    0x50  tasks.o [4]
  .bss                   zero     0x2000'0c7c    0x48  timers.o [4]
  .bss                   zero     0x2000'0cc4    0x40  queue.o [4]
  .bss                   zero     0x2000'0d04    0x14  tasks.o [4]
  .bss                   zero     0x2000'0d18    0x14  tasks.o [4]
  .bss                   zero     0x2000'0d2c    0x14  tasks.o [4]
  .bss                   zero     0x2000'0d40    0x14  tasks.o [4]
  .bss                   zero     0x2000'0d54    0x14  timers.o [4]
  .bss                   zero     0x2000'0d68    0x14  timers.o [4]
  .bss                   zero     0x2000'0d7c    0x10  Led1Task.o [3]
  .bss                   zero     0x2000'0d8c     0x4  Led1Task.o [3]
  .bss                   zero     0x2000'0d90     0x4  Led1Task.o [3]
  .bss                   zero     0x2000'0d94     0x4  Led1Task.o [3]
  .bss                   zero     0x2000'0d98     0x4  Led1Task.o [3]
  .bss                   zero     0x2000'0d9c     0x4  port.o [5]
  .bss                   zero     0x2000'0da0     0x4  tasks.o [4]
  .bss                   zero     0x2000'0da4     0x4  tasks.o [4]
  .bss                   zero     0x2000'0da8     0x4  tasks.o [4]
  .bss                   zero     0x2000'0dac     0x4  tasks.o [4]
  .bss                   zero     0x2000'0db0     0x4  tasks.o [4]
  .bss                   zero     0x2000'0db4     0x4  tasks.o [4]
  .bss                   zero     0x2000'0db8     0x4  tasks.o [4]
  .bss                   zero     0x2000'0dbc     0x4  tasks.o [4]
  .bss                   zero     0x2000'0dc0     0x4  tasks.o [4]
  .bss                   zero     0x2000'0dc4     0x4  tasks.o [4]
  .bss                   zero     0x2000'0dc8     0x4  tasks.o [4]
  .bss                   zero     0x2000'0dcc     0x4  tasks.o [4]
  .bss                   zero     0x2000'0dd0     0x4  tasks.o [4]
  .bss                   zero     0x2000'0dd4     0x4  tasks.o [4]
  .bss                   zero     0x2000'0dd8     0x4  timers.o [4]
  .bss                   zero     0x2000'0ddc     0x4  timers.o [4]
  .bss                   zero     0x2000'0de0     0x4  timers.o [4]
  .bss                   zero     0x2000'0de4     0x4  timers.o [4]
  .bss                   zero     0x2000'0de8     0x4  timers.o [4]
  .bss                   zero     0x2000'0dec     0x1  Led1Task.o [3]
  .bss                   zero     0x2000'0ded     0x1  Led1Task.o [3]
  .bss                   zero     0x2000'0dee     0x1  Led1Task.o [3]
  .bss                   zero     0x2000'0def     0x1  Led1Task.o [3]
  .bss                   zero     0x2000'0df0     0x1  Led1Task.o [3]
  .bss                   zero     0x2000'0df1     0x1  port.o [5]
                                - 0x2000'0df2   0xdea

"P2", part 3 of 3:                              0x100
  CSTACK                          0x2000'0df8   0x100  <Block>
    CSTACK               uninit   0x2000'0df8   0x100  <Block tail>
                                - 0x2000'0ef8   0x100

Unused ranges:

         From           To      Size
         ----           --      ----
   0x800'1ff0   0x807'ffff  0x7'e010
  0x2000'0df4  0x2000'0df7       0x4
  0x2000'0ef8  0x2001'ffff  0x1'f108


*******************************************************************************
*** INIT TABLE
***

          Address      Size
          -------      ----
Zero (__iar_zero_init3)
    1 destination range, total size 0xdea:
          0x2000'0008  0xdea

Copy (__iar_copy_init3)
    1 source range, total size 0x8:
           0x800'1fe8    0x8
    1 destination range, total size 0x8:
          0x2000'0000    0x8

Extra (__iar_cstart_call_ctors)



*******************************************************************************
*** MODULE SUMMARY
***

    Module              ro code  ro data  rw data
    ------              -------  -------  -------
command line/config:
    ---------------------------------------------
    Total:

R:\POIP\POIP\POIP2\Rabots\Rabota_4\RTOS\RtosWrapper\Debug\Obj: [1]
    main.o                  656       72    1'236
    startupF411RE.o          50      408
    ---------------------------------------------
    Total:                  706      480    1'236

R:\POIP\POIP\POIP2\Rabots\Rabota_4\RTOS\RtosWrapper\Debug\Obj\AHardware\IrqController: [2]
    irqcontroller.o           2
    ---------------------------------------------
    Total:                    2

R:\POIP\POIP\POIP2\Rabots\Rabota_4\RTOS\RtosWrapper\Debug\Obj\MyTasks: [3]
    Led1Task.o              364       84       38
    ---------------------------------------------
    Total:                  364       84       38

R:\POIP\POIP\POIP2\Rabots\Rabota_4\RTOS\RtosWrapper\Debug\Obj\Rtos\FreeRtos: [4]
    list.o                  152
    queue.o               1'554                64
    tasks.o               2'084        8    1'932
    timers.o                916       16      292
    ---------------------------------------------
    Total:                4'706       24    2'288

R:\POIP\POIP\POIP2\Rabots\Rabota_4\RTOS\RtosWrapper\Debug\Obj\Rtos\FreeRtos\portable\IAR\ARM_CM4F: [5]
    port.o                  388        8        9
    portasm.o               168
    ---------------------------------------------
    Total:                  556        8        9

dl7M_tln.a: [6]
    cppinit.o                24
    exit.o                    4
    ---------------------------------------------
    Total:                   28

dlpprt7M_tl_nc.a: [7]
    ---------------------------------------------
    Total:

m7M_tls.a: [8]
    fpinit_M.o               34
    ---------------------------------------------
    Total:                   34

rt7M_tl.a: [9]
    ABImemcpy.o             166
    ABImemset.o             102
    I64DivMod.o             628
    I64DivZer.o               2
    cexit.o                  10
    cmain.o                  30
    cmain_call_ctors.o       32
    copy_init3.o             42
    data_init.o              40
    zero_init3.o             56
    ---------------------------------------------
    Total:                1'108

shb_l.a: [10]
    exit.o                   20
    unwind_debug.o                     1
    ---------------------------------------------
    Total:                   20        1

    Gaps                      8        6
    Linker created                    40      256
-------------------------------------------------
    Grand Total:          7'532      643    3'827


*******************************************************************************
*** ENTRY LIST
***

Entry                       Address   Size  Type      Object
-----                       -------   ----  ----      ------
.iar.init_table$$Base    0x800'1da4          --   Gb  - Linker created -
.iar.init_table$$Limit   0x800'1dcc          --   Gb  - Linker created -
?main                    0x800'1e05         Code  Gb  cmain.o [9]
CSTACK$$Base            0x2000'0df8          --   Gb  - Linker created -
CSTACK$$Limit           0x2000'0ef8          --   Gb  - Linker created -
DummyModule::handler()   0x800'1f49    0x2  Code  Gb  startupF411RE.o [1]
ILed * std::_Addressof<ILed>(ILed &, std::integral_constant<bool, (bool)0>)
                         0x800'1b33    0x2  Code  Wk  Led1Task.o [3]
ILed * std::addressof<ILed>(ILed &)
                         0x800'1b21   0x10  Code  Wk  Led1Task.o [3]
ILed::ILed()             0x800'1b31    0x2  Code  Wk  Led1Task.o [3]
ILed::ILed() [subobject]
                         0x800'1b19    0x8  Code  Wk  Led1Task.o [3]
Initialization guard variable for Singleton<Led<Pin<Port<GPIOA>, (unsigned char)5, PinWriteable, void>>, void>::instance
                        0x2000'0ded    0x1  Data  Wk  Led1Task.o [3]
Initialization guard variable for Singleton<Led<Pin<Port<GPIOC>, (unsigned char)5, PinWriteable, void>>, void>::instance
                        0x2000'0df0    0x1  Data  Wk  Led1Task.o [3]
Initialization guard variable for Singleton<Led<Pin<Port<GPIOC>, (unsigned char)8, PinWriteable, void>>, void>::instance
                        0x2000'0def    0x1  Data  Wk  Led1Task.o [3]
Initialization guard variable for Singleton<Led<Pin<Port<GPIOC>, (unsigned char)9, PinWriteable, void>>, void>::instance
                        0x2000'0dee    0x1  Data  Wk  Led1Task.o [3]
Initialization guard variable for Singleton<LedsDriver, void>::instance
                        0x2000'0dec    0x1  Data  Wk  Led1Task.o [3]
IrqController::HandleIrqExtiLine15_10()
                         0x800'16f7    0x2  Code  Gb  irqcontroller.o [2]
Led<Pin<Port<GPIOA>, (unsigned char)5, PinWriteable, void>>::Led()
                         0x800'1aa9   0x18  Code  Wk  Led1Task.o [3]
Led<Pin<Port<GPIOC>, (unsigned char)5, PinWriteable, void>>::Led()
                         0x800'1af1   0x18  Code  Wk  Led1Task.o [3]
Led<Pin<Port<GPIOC>, (unsigned char)8, PinWriteable, void>>::Led()
                         0x800'1ad9   0x18  Code  Wk  Led1Task.o [3]
Led<Pin<Port<GPIOC>, (unsigned char)9, PinWriteable, void>>::Led()
                         0x800'1ac1   0x18  Code  Wk  Led1Task.o [3]
LedsDriver::LedsDriver()
                         0x800'1a6d   0x3c  Code  Wk  Led1Task.o [3]
MyLED<GPIOC::ODR, (unsigned int)8>::Execute()
                         0x800'1e97   0x1a  Code  Wk  main.o [1]
MyLED<GPIOC::ODR, (unsigned int)8>::MyLED(std::chrono::duration<long long, std::ratio<(long long)1, (long long)1000>>)
                         0x800'1ba1   0x24  Code  Wk  main.o [1]
MyLED<GPIOC::ODR, (unsigned int)9>::Execute()
                         0x800'1ec1   0x1a  Code  Wk  main.o [1]
MyLED<GPIOC::ODR, (unsigned int)9>::MyLED(std::chrono::duration<long long, std::ratio<(long long)1, (long long)1000>>)
                         0x800'1bc5   0x24  Code  Wk  main.o [1]
OsWrapper::IThread::IThread()
                         0x800'1d17    0xa  Code  Wk  main.o [1]
OsWrapper::IThread::IThread() [subobject]
                         0x800'1d0f    0x8  Code  Wk  main.o [1]
OsWrapper::IThread::Run()
                         0x800'1f2d   0x14  Code  Wk  main.o [1]
OsWrapper::IThread::Sleep(std::chrono::duration<long long, std::ratio<(long long)1, (long long)1000>>)
                         0x800'1e71   0x1a  Code  Wk  main.o [1]
OsWrapper::Rtos::HandleSvcInterrupt()
                         0x800'1fd1    0x8  Code  Wk  startupF411RE.o [1]
OsWrapper::Rtos::HandleSysTickInterrupt()
                         0x800'1fd9    0x8  Code  Wk  startupF411RE.o [1]
OsWrapper::Rtos::Run(void *)
                         0x800'1fb9    0x8  Code  Wk  main.o [1]
OsWrapper::Rtos::Start()
                         0x800'1c8d    0x8  Code  Wk  main.o [1]
OsWrapper::RtosWrapper::wGetTicks()
                         0x800'1f41    0x8  Code  Wk  main.o [1]
OsWrapper::RtosWrapper::wHandleSvcInterrupt()
                         0x800'1fc1    0x8  Code  Wk  startupF411RE.o [1]
OsWrapper::RtosWrapper::wHandleSysTickInterrupt()
                         0x800'1fc9    0x8  Code  Wk  startupF411RE.o [1]
OsWrapper::RtosWrapper::wSleep(unsigned int)
                         0x800'1e8f    0x8  Code  Wk  main.o [1]
OsWrapper::RtosWrapper::wStart()
                         0x800'1cf9    0x8  Code  Wk  main.o [1]
OsWrapper::Thread<(unsigned int)128>::Thread()
                         0x800'1d01    0xe  Code  Wk  main.o [1]
OsWrapper::Thread<(unsigned int)128>::Thread() [subobject]
                         0x800'1c95    0x8  Code  Wk  main.o [1]
Region$$Table$$Base      0x800'1da4          --   Gb  - Linker created -
Region$$Table$$Limit     0x800'1dcc          --   Gb  - Linker created -
SHT$$INIT_ARRAY$$Base    0x800'1fe0          --   Gb  - Linker created -
SHT$$INIT_ARRAY$$Limit   0x800'1fe8          --   Gb  - Linker created -
SHT$$PREINIT_ARRAY$$Base
                         0x800'1fe0          --   Gb  - Linker created -
SHT$$PREINIT_ARRAY$$Limit
                         0x800'1fe0          --   Gb  - Linker created -
Singleton<Led<Pin<Port<GPIOA>, (unsigned char)5, PinWriteable, void>>, void>::instance
                        0x2000'0d8c    0x4  Data  Wk  Led1Task.o [3]
Singleton<Led<Pin<Port<GPIOC>, (unsigned char)5, PinWriteable, void>>, void>::instance
                        0x2000'0d98    0x4  Data  Wk  Led1Task.o [3]
Singleton<Led<Pin<Port<GPIOC>, (unsigned char)8, PinWriteable, void>>, void>::instance
                        0x2000'0d94    0x4  Data  Wk  Led1Task.o [3]
Singleton<Led<Pin<Port<GPIOC>, (unsigned char)9, PinWriteable, void>>, void>::instance
                        0x2000'0d90    0x4  Data  Wk  Led1Task.o [3]
Singleton<LedsDriver, void>::instance
                        0x2000'0d7c   0x10  Data  Wk  Led1Task.o [3]
SystemCoreClock         0x2000'0000    0x4  Data  Gb  main.o [1]
Virtual function table for Led<Pin<Port<GPIOA>, (unsigned char)5, PinWriteable, void>>
                         0x800'1edc   0x14  Data  Wk  Led1Task.o [3]
Virtual function table for Led<Pin<Port<GPIOC>, (unsigned char)5, PinWriteable, void>>
                         0x800'1f18   0x14  Data  Wk  Led1Task.o [3]
Virtual function table for Led<Pin<Port<GPIOC>, (unsigned char)8, PinWriteable, void>>
                         0x800'1f04   0x14  Data  Wk  Led1Task.o [3]
Virtual function table for Led<Pin<Port<GPIOC>, (unsigned char)9, PinWriteable, void>>
                         0x800'1ef0   0x14  Data  Wk  Led1Task.o [3]
Virtual function table for MyLED<GPIOC::ODR, (unsigned int)8>
                         0x800'1f5c    0xc  Data  Wk  main.o [1]
Virtual function table for MyLED<GPIOC::ODR, (unsigned int)9>
                         0x800'1f68    0xc  Data  Wk  main.o [1]
__aeabi_ldiv0            0x800'196d         Code  Gb  I64DivZer.o [9]
__aeabi_ldivmod          0x800'16f9         Code  Gb  I64DivMod.o [9]
__aeabi_memcpy           0x800'1651         Code  Gb  ABImemcpy.o [9]
__aeabi_memcpy4          0x800'1671         Code  Gb  ABImemcpy.o [9]
__aeabi_memcpy8          0x800'1671         Code  Gb  ABImemcpy.o [9]
__aeabi_memset           0x800'1a05         Code  Gb  ABImemset.o [9]
__aeabi_uldivmod         0x800'173d         Code  Gb  I64DivMod.o [9]
__call_ctors             0x800'1ded   0x18  Code  Gb  cppinit.o [6]
__cmain                  0x800'1e05         Code  Gb  cmain.o [9]
__exit                   0x800'1e35   0x14  Code  Gb  exit.o [10]
__iar_Memset             0x800'1a05         Code  Gb  ABImemset.o [9]
__iar_Memset_word        0x800'1a0d         Code  Gb  ABImemset.o [9]
__iar_copy_init3         0x800'1627   0x2a  Code  Gb  copy_init3.o [9]
__iar_cstart_call_ctors
                         0x800'1dcd   0x20  Code  Gb  cmain_call_ctors.o [9]
__iar_data_init3         0x800'1d59   0x28  Code  Gb  data_init.o [9]
__iar_debug_exceptions   0x800'196f    0x1  Data  Gb  unwind_debug.o [10]
__iar_init_vfp           0x800'1d81         Code  Gb  fpinit_M.o [8]
__iar_program_start      0x800'1f4b   0x10  Code  Gb  startupF411RE.o [1]
__iar_tls$$INIT_ARRAY$$Base
                         0x800'1fe8          --   Gb  - Linker created -
__iar_tls$$INIT_ARRAY$$Limit
                         0x800'1fe8          --   Gb  - Linker created -
__iar_zero_init3         0x800'1d21   0x38  Code  Gb  zero_init3.o [9]
__low_level_init         0x800'1b51   0x1a  Code  Gb  main.o [1]
__sti__routine           0x800'1971   0x6c  Code  Lc  Led1Task.o [3]
__sti__routine           0x800'1b35   0x1c  Code  Lc  main.o [1]
__vector_table           0x800'0000  0x198  Data  Gb  startupF411RE.o [1]
_call_main               0x800'1e11         Code  Gb  cmain.o [9]
_exit                    0x800'1e29         Code  Gb  cexit.o [9]
exit                     0x800'1e23    0x4  Code  Gb  exit.o [6]
main                     0x800'1b6b   0x1e  Code  Gb  main.o [1]
myled9Task              0x2000'0670  0x268  Data  Gb  main.o [1]
myledTask               0x2000'0408  0x268  Data  Gb  main.o [1]
pcInterruptPriorityRegisters
                         0x800'1f8c    0x4  Data  Lc  port.o [5]
prvAddCurrentTaskToDelayedList
                         0x800'08e5   0x6e  Code  Lc  tasks.o [4]
prvAddNewTaskToReadyList
                         0x800'0261   0x9a  Code  Lc  tasks.o [4]
prvCheckForValidListAndQueue
                         0x800'0ecb   0x4c  Code  Lc  timers.o [4]
prvCheckForValidListAndQueue{1}{2}{3}{4}::ucStaticTimerQueueStorage
                        0x2000'0ad8   0xa0  Data  Lc  timers.o [4]
prvCheckForValidListAndQueue{1}{2}{3}{4}::xStaticTimerQueue
                        0x2000'0c7c   0x48  Data  Lc  timers.o [4]
prvCheckTasksWaitingTermination
                         0x800'074f    0x2  Code  Lc  tasks.o [4]
prvCopyDataFromQueue     0x800'14dd   0x2a  Code  Lc  queue.o [4]
prvCopyDataToQueue       0x800'1457   0x86  Code  Lc  queue.o [4]
prvGetNextExpireTime     0x800'0d29   0x26  Code  Lc  timers.o [4]
prvIdleTask              0x800'06f9    0x8  Code  Lc  tasks.o [4]
prvInitialiseNewQueue    0x800'10cb   0x1c  Code  Lc  queue.o [4]
prvInitialiseNewTask     0x800'01cf   0x92  Code  Lc  tasks.o [4]
prvInitialiseTaskLists   0x800'0701   0x4e  Code  Lc  tasks.o [4]
prvInsertTimerInActiveList
                         0x800'0d75   0x3e  Code  Lc  timers.o [4]
prvIsQueueEmpty          0x800'1575   0x1c  Code  Lc  queue.o [4]
prvIsQueueFull           0x800'1591   0x1e  Code  Lc  queue.o [4]
prvProcessExpiredTimer   0x800'0c5b   0x46  Code  Lc  timers.o [4]
prvProcessReceivedCommands
                         0x800'0db3   0xba  Code  Lc  timers.o [4]
prvProcessTimerOrBlockTask
                         0x800'0cb9   0x70  Code  Lc  timers.o [4]
prvResetNextTaskUnblockTime
                         0x800'0751   0x28  Code  Lc  tasks.o [4]
prvSampleTimeNow         0x800'0d4f   0x26  Code  Lc  timers.o [4]
prvSampleTimeNow::xLastTime
                        0x2000'0de8    0x4  Data  Lc  timers.o [4]
prvSwitchTimerLists      0x800'0e6d   0x5e  Code  Lc  timers.o [4]
prvTaskExitError         0x800'0a7d   0x10  Code  Lc  port.o [5]
prvTimerTask             0x800'0ca5   0x14  Code  Lc  timers.o [4]
prvUnlockQueue           0x800'1507   0x6e  Code  Lc  queue.o [4]
pvTaskIncrementMutexHeldCount
                         0x800'089f   0x16  Code  Gb  tasks.o [4]
pxCurrentTCB            0x2000'0da0    0x4  Data  Gb  tasks.o [4]
pxCurrentTimerList      0x2000'0dd8    0x4  Data  Lc  timers.o [4]
pxDelayedTaskList       0x2000'0da4    0x4  Data  Lc  tasks.o [4]
pxOverflowDelayedTaskList
                        0x2000'0da8    0x4  Data  Lc  tasks.o [4]
pxOverflowTimerList     0x2000'0ddc    0x4  Data  Lc  timers.o [4]
pxPortInitialiseStack    0x800'0a55   0x28  Code  Gb  port.o [5]
pxReadyTasksLists       0x2000'0b78   0x64  Data  Lc  tasks.o [4]
std::array<unsigned int, (unsigned int)128>::data()
                         0x800'1c9d    0x2  Code  Wk  main.o [1]
std::chrono::duration<long long, std::ratio<(long long)1, (long long)1000>>::count() const
                         0x800'1e65    0x6  Code  Wk  main.o [1]
std::chrono::duration<unsigned int, std::ratio<(long long)10, (long long)1000>>::count() const
                         0x800'1e8b    0x4  Code  Wk  main.o [1]
std::chrono::duration<unsigned int, std::ratio<(long long)10, (long long)1000>>::duration<unsigned int, void>(unsigned int const &)
                         0x800'1e6b    0x6  Code  Wk  main.o [1]
std::enable_if<std::chrono::_Is_duration<std::chrono::duration<unsigned int, std::ratio<(long long)10, (long long)1000>>>::value, std::chrono::duration<unsigned int, std::ratio<(long long)10, (long long)1000>>>::type std::chrono::duration_cast<std::chrono::duration<unsigned int, std::ratio<(long long)10, (long long)1000>>, long long, std::ratio<(long long)1, (long long)1000>>(std::chrono::duration<long long, std::ratio<(long long)1, (long long)1000>> const &)
                         0x800'1e49   0x1c  Code  Wk  main.o [1]
std::reference_wrapper<ILed>::reference_wrapper(ILed &)
                         0x800'1b09   0x10  Code  Wk  Led1Task.o [3]
ucMaxSysCallPriority    0x2000'0df1    0x1  Data  Lc  port.o [5]
ulMaxPRIGROUPValue      0x2000'0d9c    0x4  Data  Lc  port.o [5]
uxCriticalNesting       0x2000'0004    0x4  Data  Lc  port.o [5]
uxCurrentNumberOfTasks  0x2000'0dac    0x4  Data  Lc  tasks.o [4]
uxListRemove             0x800'0a2f   0x26  Code  Gb  list.o [4]
uxPendedTicks           0x2000'0dbc    0x4  Data  Lc  tasks.o [4]
uxSchedulerSuspended    0x2000'0dd4    0x4  Data  Lc  tasks.o [4]
uxTaskNumber            0x2000'0dc8    0x4  Data  Lc  tasks.o [4]
uxTopReadyPriority      0x2000'0db4    0x4  Data  Lc  tasks.o [4]
vApplicationGetIdleTaskMemory
                         0x800'0953    0xe  Code  Gb  tasks.o [4]
vApplicationGetIdleTaskMemory::uxIdleTaskStack
                        0x2000'08d8  0x200  Data  Lc  tasks.o [4]
vApplicationGetIdleTaskMemory::xIdleTaskTCB
                        0x2000'0bdc   0x50  Data  Lc  tasks.o [4]
vApplicationGetTimerTaskMemory
                         0x800'0965   0x10  Code  Gb  tasks.o [4]
vApplicationGetTimerTaskMemory::uxTimerTaskStack
                        0x2000'0008  0x400  Data  Lc  tasks.o [4]
vApplicationGetTimerTaskMemory::xTimerTaskTCB
                        0x2000'0c2c   0x50  Data  Lc  tasks.o [4]
vListInitialise          0x800'09bd   0x1e  Code  Gb  list.o [4]
vListInitialiseItem      0x800'09db    0x6  Code  Gb  list.o [4]
vListInsert              0x800'09f9   0x36  Code  Gb  list.o [4]
vListInsertEnd           0x800'09e1   0x18  Code  Gb  list.o [4]
vPortEnableVFP           0x800'0ff9         Code  Gb  portasm.o [5]
vPortEnterCritical       0x800'0b15   0x22  Code  Gb  port.o [5]
vPortExitCritical        0x800'0b37   0x16  Code  Gb  port.o [5]
vPortSVCHandler          0x800'0fc5         Code  Gb  portasm.o [5]
vPortSetupTimerInterrupt
                         0x800'0f49   0x24  Code  Wk  port.o [5]
vPortStartFirstTask      0x800'0fe1         Code  Gb  portasm.o [5]
vPortValidateInterruptPriority
                         0x800'0b79   0x14  Code  Gb  port.o [5]
vQueueAddToRegistry      0x800'15af   0x24  Code  Gb  queue.o [4]
vQueueWaitForMessageRestricted
                         0x800'15dd   0x4a  Code  Gb  queue.o [4]
vTaskDelay               0x800'02fb   0x38  Code  Gb  tasks.o [4]
vTaskMissedYield         0x800'06ef    0xa  Code  Gb  tasks.o [4]
vTaskPlaceOnEventList    0x800'05d7   0x1a  Code  Gb  tasks.o [4]
vTaskPlaceOnEventListRestricted
                         0x800'05f1   0x24  Code  Gb  tasks.o [4]
vTaskPriorityInherit     0x800'0797   0x8a  Code  Gb  tasks.o [4]
vTaskSetTimeOutState     0x800'0683   0x12  Code  Gb  tasks.o [4]
vTaskStartScheduler      0x800'0333   0x82  Code  Gb  tasks.o [4]
vTaskSuspendAll          0x800'03b5    0xc  Code  Gb  tasks.o [4]
vTaskSwitchContext       0x800'057f   0x58  Code  Gb  tasks.o [4]
void FieldValueBase<RCC_AHB1ENR_DMA2EN_Values<RCC::APB2ENR, (unsigned int)14, (unsigned int)1, ReadWriteMode, RCC::RCCAPB2ENRBase>, RCC::RCCAPB2ENRBase, (unsigned int)1>::Set<ReadWriteMode, void>()
                         0x800'1c21   0x14  Code  Wk  main.o [1]
void FieldValueBase<RCC_CFGR_SW_Values<RCC::CFGR, (unsigned int)0, (unsigned int)2, ReadWriteMode, RCC::RCCCFGRBase>, RCC::RCCCFGRBase, (unsigned int)0>::Set<ReadWriteMode, void>()
                         0x800'1bfd   0x10  Code  Wk  main.o [1]
void FieldValueBase<RCC_CR_HSION_Values<RCC::CR, (unsigned int)0, (unsigned int)1, ReadWriteMode, RCC::RCCCRBase>, RCC::RCCCRBase, (unsigned int)1>::Set<ReadWriteMode, void>()
                         0x800'1be9   0x14  Code  Wk  main.o [1]
void OsWrapper::Rtos::CreateThread<MyLED<GPIOC::ODR, (unsigned int)8>>(MyLED<GPIOC::ODR, (unsigned int)8> &, char const *, OsWrapper::ThreadPriority)
                         0x800'1c49   0x22  Code  Wk  main.o [1]
void OsWrapper::Rtos::CreateThread<MyLED<GPIOC::ODR, (unsigned int)9>>(MyLED<GPIOC::ODR, (unsigned int)9> &, char const *, OsWrapper::ThreadPriority)
                         0x800'1c6b   0x22  Code  Wk  main.o [1]
void OsWrapper::RtosWrapper::wCreateThread<OsWrapper::Rtos, MyLED<GPIOC::ODR, (unsigned int)8>>(MyLED<GPIOC::ODR, (unsigned int)8> &, char const *, OsWrapper::ThreadPriority, unsigned short, unsigned int *)
                         0x800'1ca1   0x2c  Code  Wk  main.o [1]
void OsWrapper::RtosWrapper::wCreateThread<OsWrapper::Rtos, MyLED<GPIOC::ODR, (unsigned int)9>>(MyLED<GPIOC::ODR, (unsigned int)9> &, char const *, OsWrapper::ThreadPriority, unsigned short, unsigned int *)
                         0x800'1ccd   0x2c  Code  Wk  main.o [1]
void Register<(unsigned int)1073874944, (unsigned int)32, ReadWriteMode, GPIOC::GPIOCMODERBase, FieldValue<GPIOC_MODER_MODER15_Values<GPIOC::MODER, (unsigned int)16, (unsigned int)2, ReadWriteMode, GPIOC::GPIOCMODERBase>, GPIOC::GPIOCMODERBase, (unsigned int)1, void>, FieldValue<GPIOC_MODER_MODER15_Values<GPIOC::MODER, (unsigned int)18, (unsigned int)2, ReadWriteMode, GPIOC::GPIOCMODERBase>, GPIOC::GPIOCMODERBase, (unsigned int)1, void>>::Set<ReadWriteMode, void>()
                         0x800'1c35   0x14  Code  Wk  main.o [1]
void Register<(unsigned int)1073887280, (unsigned int)32, ReadWriteMode, RCC::RCCAHB1ENRBase, FieldValue<RCC_AHB1ENR_GPIOCEN_Values<RCC::AHB1ENR, (unsigned int)2, (unsigned int)1, ReadWriteMode, RCC::RCCAHB1ENRBase>, RCC::RCCAHB1ENRBase, (unsigned int)1, void>>::Set<ReadWriteMode, void>()
                         0x800'1c0d   0x14  Code  Wk  main.o [1]
void RegisterBase<(unsigned int)1073874964, (unsigned int)32, ReadWriteMode>::Toggle<ReadWriteMode, void>(unsigned int)
                         0x800'1eb1   0x10  Code  Wk  Led1Task.o [3]
xActiveTimerList1       0x2000'0d54   0x14  Data  Lc  timers.o [4]
xActiveTimerList2       0x2000'0d68   0x14  Data  Lc  timers.o [4]
xDelayedTaskList1       0x2000'0d04   0x14  Data  Lc  tasks.o [4]
xDelayedTaskList2       0x2000'0d18   0x14  Data  Lc  tasks.o [4]
xIdleTaskHandle         0x2000'0dd0    0x4  Data  Lc  tasks.o [4]
xNextTaskUnblockTime    0x2000'0dcc    0x4  Data  Lc  tasks.o [4]
xNumOfOverflows         0x2000'0dc4    0x4  Data  Lc  tasks.o [4]
xPendingReadyList       0x2000'0d2c   0x14  Data  Lc  tasks.o [4]
xPortPendSVHandler       0x800'0f6d         Code  Gb  portasm.o [5]
xPortStartScheduler      0x800'0a8d   0x88  Code  Gb  port.o [5]
xPortSysTickHandler      0x800'0b4d   0x28  Code  Gb  port.o [5]
xQueueGenericCreateStatic
                         0x800'1093   0x38  Code  Gb  queue.o [4]
xQueueGenericReceive     0x800'12c7  0x190  Code  Gb  queue.o [4]
xQueueGenericReset       0x800'1015   0x7e  Code  Gb  queue.o [4]
xQueueGenericSend        0x800'10e7  0x142  Code  Gb  queue.o [4]
xQueueGenericSendFromISR
                         0x800'1229   0x9e  Code  Gb  queue.o [4]
xQueueRegistry          0x2000'0cc4   0x40  Data  Gb  queue.o [4]
xSchedulerRunning       0x2000'0db8    0x4  Data  Lc  tasks.o [4]
xSuspendedTaskList      0x2000'0d40   0x14  Data  Lc  tasks.o [4]
xTaskCheckForTimeOut     0x800'0695   0x5a  Code  Gb  tasks.o [4]
xTaskCreateStatic        0x800'0199   0x36  Code  Gb  tasks.o [4]
xTaskGetSchedulerState   0x800'0779   0x1e  Code  Gb  tasks.o [4]
xTaskGetTickCount        0x800'0491    0x8  Code  Gb  tasks.o [4]
xTaskIncrementTick       0x800'0499   0xe6  Code  Gb  tasks.o [4]
xTaskPriorityDisinherit
                         0x800'0821   0x7e  Code  Gb  tasks.o [4]
xTaskRemoveFromEventList
                         0x800'0615   0x6e  Code  Gb  tasks.o [4]
xTaskResumeAll           0x800'03c1   0xd0  Code  Gb  tasks.o [4]
xTickCount              0x2000'0db0    0x4  Data  Lc  tasks.o [4]
xTimerCreateTimerTask    0x800'0bb5   0x56  Code  Gb  timers.o [4]
xTimerGenericCommand     0x800'0c0b   0x50  Code  Gb  timers.o [4]
xTimerQueue             0x2000'0de0    0x4  Data  Lc  timers.o [4]
xTimerTaskHandle        0x2000'0de4    0x4  Data  Lc  timers.o [4]
xYieldPending           0x2000'0dc0    0x4  Data  Lc  tasks.o [4]


[1] = R:\POIP\POIP\POIP2\Rabots\Rabota_4\RTOS\RtosWrapper\Debug\Obj
[2] = R:\POIP\POIP\POIP2\Rabots\Rabota_4\RTOS\RtosWrapper\Debug\Obj\AHardware\IrqController
[3] = R:\POIP\POIP\POIP2\Rabots\Rabota_4\RTOS\RtosWrapper\Debug\Obj\MyTasks
[4] = R:\POIP\POIP\POIP2\Rabots\Rabota_4\RTOS\RtosWrapper\Debug\Obj\Rtos\FreeRtos
[5] = R:\POIP\POIP\POIP2\Rabots\Rabota_4\RTOS\RtosWrapper\Debug\Obj\Rtos\FreeRtos\portable\IAR\ARM_CM4F
[6] = dl7M_tln.a
[7] = dlpprt7M_tl_nc.a
[8] = m7M_tls.a
[9] = rt7M_tl.a
[10] = shb_l.a

  7'532 bytes of readonly  code memory
    643 bytes of readonly  data memory
  3'827 bytes of readwrite data memory

Errors: none
Warnings: none
