###############################################################################
#
# IAR ELF Linker V9.30.1.335/W64 for ARM                  26/Oct/2022  23:06:37
# Copyright 2007-2022 IAR Systems AB.
#
#    Output file  =  R:\POIP\POIP\MyFiveProject\Debug\Exe\MyFiveProject.out
#    Map file     =  R:\POIP\POIP\MyFiveProject\Debug\List\MyFiveProject.map
#    Command line =
#        -f R:\POIP\POIP\MyFiveProject\Debug\Exe\MyFiveProject.out.rsp
#        (R:\POIP\POIP\MyFiveProject\Debug\Obj\main.o --no_out_extension -o
#        R:\POIP\POIP\MyFiveProject\Debug\Exe\MyFiveProject.out --map
#        R:\POIP\POIP\MyFiveProject\Debug\List\MyFiveProject.map --config
#        R:\Program\IAR\arm/config/linker/ST/stm32f411xC.icf --semihosting
#        --entry __iar_program_start --vfe --text_out locale --cpu=Cortex-M4
#        --fpu=VFPv4_sp)
#
###############################################################################

*******************************************************************************
*** RUNTIME MODEL ATTRIBUTES
***

CppFlavor        = *
__CPP_Exceptions = Disabled
__CPP_Language   = C++14
__CPP_Library    = DLib
__CPP_Runtime    = 1
__Heap_Handler   = Basic
__SystemLibrary  = DLib
__dlib_version   = 6


*******************************************************************************
*** HEAP SELECTION
***

The basic heap was selected because --advanced_heap
was not specified and the application did not appear to
be primarily optimized for speed.


*******************************************************************************
*** PLACEMENT SUMMARY
***

"A0":  place at address 0x800'0000 { ro section .intvec };
"P1":  place in [from 0x800'0000 to 0x803'ffff] { ro };
define block CSTACK with size = 8K, alignment = 8 { };
define block HEAP with size = 8K, alignment = 8 { };
"P2":  place in [from 0x2000'0000 to 0x2001'ffff] {
          rw, block CSTACK, block HEAP };
initialize by copy { rw };

  Section            Kind         Address    Size  Object
  -------            ----         -------    ----  ------
"A0":                                        0x40
  .intvec            ro code   0x800'0000    0x40  vector_table_M.o [5]
                             - 0x800'0040    0x40

"P1":                                       0x17c
  .text              ro code   0x800'0040    0x38  main.o [1]
  .text              ro code   0x800'0078    0x14  main.o [1]
  .text              ro code   0x800'008c    0x14  main.o [1]
  .text              ro code   0x800'00a0    0x14  main.o [1]
  .text              ro code   0x800'00b4    0x10  main.o [1]
  .text              ro code   0x800'00c4    0x2a  copy_init3.o [5]
  .text              ro code   0x800'00ee     0x2  vectortrap_M.o [5]
  .text              ro code   0x800'00f0    0x28  data_init.o [5]
  .text              ro code   0x800'0118    0x22  fpinit_M.o [4]
  .iar.init_table    const     0x800'013c    0x14  - Linker created -
  .rodata            const     0x800'0150     0x1  unwind_debug.o [6]
  .text              ro code   0x800'0154    0x1e  cmain.o [5]
  .text              ro code   0x800'0172     0x4  low_level_init.o [2]
  .text              ro code   0x800'0176     0x4  exit.o [2]
  .text              ro code   0x800'017c     0xa  cexit.o [5]
  .text              ro code   0x800'0188    0x14  exit.o [6]
  .text              ro code   0x800'019c    0x1c  cstartup_M.o [5]
  Initializer bytes  const     0x800'01b8     0x4  <for P2-1>
  .rodata            const     0x800'01bc     0x0  copy_init3.o [5]
                             - 0x800'01bc   0x17c

"P2", part 1 of 2:                            0x4
  P2-1                        0x2000'0000     0x4  <Init block>
    .data            inited   0x2000'0000     0x4  main.o [1]
                            - 0x2000'0004     0x4

"P2", part 2 of 2:                         0x2000
  CSTACK                      0x2000'0008  0x2000  <Block>
    CSTACK           uninit   0x2000'0008  0x2000  <Block tail>
                            - 0x2000'2008  0x2000

Unused ranges:

         From           To      Size
         ----           --      ----
   0x800'01bc   0x803'ffff  0x3'fe44
  0x2000'0004  0x2000'0007       0x4
  0x2000'2008  0x2001'ffff  0x1'dff8


*******************************************************************************
*** INIT TABLE
***

          Address      Size
          -------      ----
Copy (__iar_copy_init3)
    1 source range, total size 0x4:
           0x800'01b8   0x4
    1 destination range, total size 0x4:
          0x2000'0000   0x4



*******************************************************************************
*** MODULE SUMMARY
***

    Module            ro code  ro data  rw data
    ------            -------  -------  -------
command line/config:
    -------------------------------------------
    Total:

R:\POIP\POIP\MyFiveProject\Debug\Obj: [1]
    main.o                132        4        4
    -------------------------------------------
    Total:                132        4        4

dl7M_tln.a: [2]
    exit.o                  4
    low_level_init.o        4
    -------------------------------------------
    Total:                  8

dlpprt7M_tl_nc.a: [3]
    -------------------------------------------
    Total:

m7M_tls.a: [4]
    fpinit_M.o             34
    -------------------------------------------
    Total:                 34

rt7M_tl.a: [5]
    cexit.o                10
    cmain.o                30
    copy_init3.o           42
    cstartup_M.o           28
    data_init.o            40
    vector_table_M.o       64
    vectortrap_M.o          2
    -------------------------------------------
    Total:                216

shb_l.a: [6]
    exit.o                 20
    unwind_debug.o                   1
    -------------------------------------------
    Total:                 20        1

    Gaps                    7        2
    Linker created                  20    8'192
-----------------------------------------------
    Grand Total:          417       27    8'196


*******************************************************************************
*** ENTRY LIST
***

Entry                       Address  Size  Type      Object
-----                       -------  ----  ----      ------
.iar.init_table$$Base    0x800'013c         --   Gb  - Linker created -
.iar.init_table$$Limit   0x800'0150         --   Gb  - Linker created -
?main                    0x800'0155        Code  Gb  cmain.o [5]
BusFault_Handler         0x800'00ef        Code  Wk  vectortrap_M.o [5]
CSTACK$$Base            0x2000'0008         --   Gb  - Linker created -
CSTACK$$Limit           0x2000'2008         --   Gb  - Linker created -
DebugMon_Handler         0x800'00ef        Code  Wk  vectortrap_M.o [5]
HardFault_Handler        0x800'00ef        Code  Wk  vectortrap_M.o [5]
MemManage_Handler        0x800'00ef        Code  Wk  vectortrap_M.o [5]
NMI_Handler              0x800'00ef        Code  Wk  vectortrap_M.o [5]
PendSV_Handler           0x800'00ef        Code  Wk  vectortrap_M.o [5]
Region$$Table$$Base      0x800'013c         --   Gb  - Linker created -
Region$$Table$$Limit     0x800'0150         --   Gb  - Linker created -
SVC_Handler              0x800'00ef        Code  Wk  vectortrap_M.o [5]
SysTick_Handler          0x800'00ef        Code  Wk  vectortrap_M.o [5]
UsageFault_Handler       0x800'00ef        Code  Wk  vectortrap_M.o [5]
__cmain                  0x800'0155        Code  Gb  cmain.o [5]
__exit                   0x800'0189  0x14  Code  Gb  exit.o [6]
__iar_copy_init3         0x800'00c5  0x2a  Code  Gb  copy_init3.o [5]
__iar_data_init3         0x800'00f1  0x28  Code  Gb  data_init.o [5]
__iar_debug_exceptions   0x800'0150   0x1  Data  Gb  unwind_debug.o [6]
__iar_init_vfp           0x800'0119        Code  Gb  fpinit_M.o [4]
__iar_program_start      0x800'019d        Code  Gb  cstartup_M.o [5]
__low_level_init         0x800'0173   0x4  Code  Gb  low_level_init.o [2]
__vector_table           0x800'0000        Data  Gb  vector_table_M.o [5]
_call_main               0x800'0161        Code  Gb  cmain.o [5]
_exit                    0x800'017d        Code  Gb  cexit.o [5]
delay(int)               0x800'0041  0x12  Code  Gb  main.o [1]
exit                     0x800'0177   0x4  Code  Gb  exit.o [2]
main                     0x800'0053  0x22  Code  Gb  main.o [1]
void FieldValueBase<GPIOC_MODER_MODER15_Values<GPIOC::MODER, (unsigned int)14, (unsigned int)2, ReadWriteMode, GPIOC::GPIOCMODERBase>, GPIOC::GPIOCMODERBase, (unsigned int)1>::Set<ReadWriteMode, void>()
                         0x800'008d  0x14  Code  Wk  main.o [1]
void FieldValueBase<GPIOC_ODR_ODR7_Values<GPIOC::ODR, (unsigned int)7, (unsigned int)1, ReadWriteMode, GPIOC::GPIOCODRBase>, GPIOC::GPIOCODRBase, (unsigned int)0>::Set<ReadWriteMode, void>()
                         0x800'00b5  0x10  Code  Wk  main.o [1]
void FieldValueBase<GPIOC_ODR_ODR7_Values<GPIOC::ODR, (unsigned int)7, (unsigned int)1, ReadWriteMode, GPIOC::GPIOCODRBase>, GPIOC::GPIOCODRBase, (unsigned int)1>::Set<ReadWriteMode, void>()
                         0x800'00a1  0x14  Code  Wk  main.o [1]
void FieldValueBase<RCC_AHB1ENR_GPIOCEN_Values<RCC::AHB1ENR, (unsigned int)2, (unsigned int)1, ReadWriteMode, RCC::RCCAHB1ENRBase>, RCC::RCCAHB1ENRBase, (unsigned int)1>::Set<ReadWriteMode, void>()
                         0x800'0079  0x14  Code  Wk  main.o [1]
zaderzka                0x2000'0000   0x4  Data  Gb  main.o [1]


[1] = R:\POIP\POIP\MyFiveProject\Debug\Obj
[2] = dl7M_tln.a
[3] = dlpprt7M_tl_nc.a
[4] = m7M_tls.a
[5] = rt7M_tl.a
[6] = shb_l.a

    417 bytes of readonly  code memory
     27 bytes of readonly  data memory
  8'196 bytes of readwrite data memory

Errors: none
Warnings: none
