###############################################################################
#
# IAR ELF Linker V9.30.1.335/W64 for ARM                  26/Oct/2022  22:19:39
# Copyright 2007-2022 IAR Systems AB.
#
#    Output file  =  R:\POIP\POIP\MyFirstProjct\Debug\Exe\First.out
#    Map file     =  R:\POIP\POIP\MyFirstProjct\Debug\List\First.map
#    Command line =
#        -f R:\POIP\POIP\MyFirstProjct\Debug\Exe\First.out.rsp
#        (R:\POIP\POIP\MyFirstProjct\Debug\Obj\main.o --no_out_extension -o
#        R:\POIP\POIP\MyFirstProjct\Debug\Exe\First.out --redirect
#        _Printf=_PrintfFullNoMb --redirect _Scanf=_ScanfFullNoMb --map
#        R:\POIP\POIP\MyFirstProjct\Debug\List\First.map --config
#        R:\Program\IAR\arm/config/linker/ST/stm32f411xC.icf --semihosting
#        --entry __iar_program_start --vfe --text_out locale --cpu=Cortex-M4
#        --fpu=VFPv4_sp)
#
###############################################################################

*******************************************************************************
*** RUNTIME MODEL ATTRIBUTES
***

CppFlavor                     = *
__CPP_Exceptions              = Disabled
__CPP_Language                = C++14
__CPP_Library                 = libc++
__CPP_Runtime                 = 1
__Heap_Handler                = Basic
__SystemLibrary               = DLib
__dlib_dynamic_initialization = normal
__dlib_version                = 6


*******************************************************************************
*** HEAP SELECTION
***

The basic heap was selected because --advanced_heap
was not specified and the application did not appear to
be primarily optimized for speed.


*******************************************************************************
*** PLACEMENT SUMMARY
***

"A0":  place at address 0x800'0000 { ro section .intvec };
"P1":  place in [from 0x800'0000 to 0x803'ffff] { ro };
define block CSTACK with size = 8K, alignment = 8 { };
define block HEAP with size = 8K, alignment = 8 { };
"P2":  place in [from 0x2000'0000 to 0x2001'ffff] {
          rw, block CSTACK, block HEAP };
initialize by copy { rw };

  Section                Kind         Address    Size  Object
  -------                ----         -------    ----  ------
"A0":                                            0x40
  .intvec                ro code   0x800'0000    0x40  vector_table_M.o [6]
                                 - 0x800'0040    0x40

"P1":                                          0x5051
  .text                  ro code   0x800'0040   0xeaa  xprintffull_nomb.o [2]
  .text                  ro code   0x800'0eea    0x7e  lz77_init_single.o [6]
  .text                  ro code   0x800'0f68    0x16  strchr.o [6]
  .text                  ro code   0x800'0f7e    0x1a  xsnprout.o [2]
  .text                  ro code   0x800'0f98    0x40  xfail_s.o [2]
  .text                  ro code   0x800'0fd8    0x36  strlen.o [6]
  .text                  ro code   0x800'100e     0x6  ios.instantiations.o [3]
  .text                  ro code   0x800'1014    0x58  memchr.o [6]
  .text                  ro code   0x800'106c    0x76  ABImemcpy_unaligned.o [6]
  .rodata                const     0x800'10e2     0x2  locale.o [3]
  .text                  ro code   0x800'10e4    0x70  frexp.o [5]
  .text                  ro code   0x800'1154    0x34  DblCmpLe.o [5]
  .text                  ro code   0x800'1188    0x34  DblCmpGe.o [5]
  .text                  ro code   0x800'11bc   0x13a  ldexp.o [5]
  .rodata                const     0x800'12f6     0x2  xlocale_c.o [2]
  .text                  ro code   0x800'12f8    0x36  DblToS32.o [5]
  .rodata                const     0x800'132e     0x2  xlocale_c.o [2]
  .text                  ro code   0x800'1330    0x22  S32ToDbl.o [5]
  .text                  ro code   0x800'1352     0x2  vectortrap_M.o [6]
  .text                  ro code   0x800'1354   0x24e  DblAddSub.o [5]
  .rodata                const     0x800'15a2     0x1  unwind_debug.o [7]
  .rodata                const     0x800'15a3     0x1  xlocale_c.o [2]
  .text                  ro code   0x800'15a4   0x246  DblDiv.o [5]
  .text                  ro code   0x800'17ec    0x22  DblToU32.o [5]
  .text                  ro code   0x800'1810    0x1c  U32ToDbl.o [5]
  .text                  ro code   0x800'182c   0x1aa  DblMul.o [5]
  .text                  ro code   0x800'19d8    0x18  xlocale_c.o [2]
  .text                  ro code   0x800'19f0   0x230  I64DivMod.o [6]
  .text                  ro code   0x800'1c20     0x6  abort.o [2]
  .text                  ro code   0x800'1c28    0x24  errno.o [2]
  .text                  ro code   0x800'1c4c     0x2  I64DivZer.o [6]
  .text                  ro code   0x800'1c50    0x14  exit.o [7]
  .text                  ro code   0x800'1c64     0x4  tp_nothreads.o [2]
  .text                  ro code   0x800'1c68    0x7c  iarttio.o [7]
  .text                  ro code   0x800'1ce4     0x8  XShttio.o [2]
  .text                  ro code   0x800'1cec   0x858  locale.o [3]
  .text                  ro code   0x800'2544     0x4  delop4_0.o [4]
  .text                  ro code   0x800'2548     0x2  memory.o [3]
  .text                  ro code   0x800'254a    0x32  locale.o [3]
  .text                  ro code   0x800'257c    0x26  locale.o [3]
  .text                  ro code   0x800'25a2    0x58  locale.o [3]
  .text                  ro code   0x800'25fa    0x22  locale.o [3]
  .text                  ro code   0x800'261c    0x18  locale.o [3]
  .text                  ro code   0x800'2634    0x18  locale.o [3]
  .text                  ro code   0x800'264c    0x18  locale.o [3]
  .text                  ro code   0x800'2664    0x18  locale.o [3]
  .text                  ro code   0x800'267c    0x18  locale.o [3]
  .text                  ro code   0x800'2694    0x18  locale.o [3]
  .text                  ro code   0x800'26ac    0x18  locale.o [3]
  .text                  ro code   0x800'26c4    0x18  locale.o [3]
  .text                  ro code   0x800'26dc    0x18  locale.o [3]
  .text                  ro code   0x800'26f4    0x18  locale.o [3]
  .text                  ro code   0x800'270c    0x18  locale.o [3]
  .text                  ro code   0x800'2724    0x18  locale.o [3]
  .text                  ro code   0x800'273c    0x18  locale.o [3]
  .text                  ro code   0x800'2754    0x18  locale.o [3]
  .text                  ro code   0x800'276c    0x18  locale.o [3]
  .text                  ro code   0x800'2784    0x18  locale.o [3]
  .text                  ro code   0x800'279c    0x18  locale.o [3]
  .text                  ro code   0x800'27b4    0x18  locale.o [3]
  .text                  ro code   0x800'27cc    0x28  locale.o [3]
  .text                  ro code   0x800'27f4    0x28  locale.o [3]
  .text                  ro code   0x800'281c    0x24  locale.o [3]
  .text                  ro code   0x800'2840    0x24  locale.o [3]
  .text                  ro code   0x800'2864    0x18  locale.o [3]
  .text                  ro code   0x800'287c    0x18  locale.o [3]
  .text                  ro code   0x800'2894    0x1a  locale.o [3]
  .text                  ro code   0x800'28ae     0x4  locale.o [3]
  .text                  ro code   0x800'28b2    0x2a  locale.o [3]
  .text                  ro code   0x800'28dc     0xc  locale.o [3]
  .text                  ro code   0x800'28e8    0xac  locale.o [3]
  .text                  ro code   0x800'2994    0x1c  locale.o [3]
  .text                  ro code   0x800'29b0    0x1a  locale.o [3]
  .text                  ro code   0x800'29ca    0x18  mutex.o [3]
  .text                  ro code   0x800'29e2     0x4  delaop_0.o [4]
  .text                  ro code   0x800'29e8    0x10  locale.o [3]
  .text                  ro code   0x800'29f8    0x28  iar_locale.o [3]
  .text                  ro code   0x800'2a20    0xa4  iar_newlocale.o [3]
  .text                  ro code   0x800'2ac4     0xa  locale.o [3]
  .text                  ro code   0x800'2ace    0x32  locale.o [3]
  .text                  ro code   0x800'2b00     0xa  delop_0.o [4]
  .text                  ro code   0x800'2b0a    0x2a  locale.o [3]
  .text                  ro code   0x800'2b34    0x20  locale.o [3]
  .text                  ro code   0x800'2b54     0x4  string.o [3]
  .text                  ro code   0x800'2b58    0x24  newop_0.o [4]
  .text                  ro code   0x800'2b7c     0xc  locale.o [3]
  .text                  ro code   0x800'2b88    0x16  locale.o [3]
  .text                  ro code   0x800'2b9e    0x3e  locale.o [3]
  .text                  ro code   0x800'2bdc    0x2c  locale.o [3]
  .text                  ro code   0x800'2c08     0xa  locale.o [3]
  .text                  ro code   0x800'2c12    0x28  locale.o [3]
  .text                  ro code   0x800'2c3a    0x10  locale.o [3]
  .text                  ro code   0x800'2c4c    0x3c  vsnprint.o [2]
  .text                  ro code   0x800'2c88   0x1a0  iar_newlocale.o [3]
  .text                  ro code   0x800'2e28     0xc  iar_newlocale.o [3]
  .text                  ro code   0x800'2e34    0x3e  string.o [3]
  .text                  ro code   0x800'2e72     0x4  heaptramp0.o [2]
  .text                  ro code   0x800'2e76     0x6  locale.o [3]
  .text                  ro code   0x800'2e7c     0x4  vector.o [3]
  .text                  ro code   0x800'2e80    0x2a  locale.o [3]
  .text                  ro code   0x800'2eaa     0x4  nomemory.o [4]
  .text                  ro code   0x800'2eb0   0x13c  heap0.o [2]
  .text                  ro code   0x800'2fec     0xc  locale.o [3]
  .text                  ro code   0x800'2ff8    0x20  iar_newlocale.o [3]
  .text                  ro code   0x800'3018    0x20  iar_newlocale.o [3]
  .text                  ro code   0x800'3038     0xe  string.o [3]
  .text                  ro code   0x800'3048    0x2c  xgetmemchunk.o [2]
  .rodata                const     0x800'3074   0x400  locale.o [3]
  .text                  ro code   0x800'3474   0x174  locale.o [3]
  .text                  ro code   0x800'35e8     0xc  locale.o [3]
  .text                  ro code   0x800'35f4    0x18  locale.o [3]
  .text                  ro code   0x800'360c     0xa  locale.o [3]
  .text                  ro code   0x800'3616     0xa  locale.o [3]
  .text                  ro code   0x800'3620    0xd8  xfspos.o [2]
  .text                  ro code   0x800'36f8    0xac  fflush.o [2]
  .text                  ro code   0x800'37a4     0xc  xfgpos.o [2]
  .text                  ro code   0x800'37b0    0x4e  lseek.o [7]
  .text                  ro code   0x800'37fe    0x10  write.o [7]
  .text                  ro code   0x800'3810    0xcc  XShHandles.o [2]
  .text                  ro code   0x800'38dc    0x1e  dwrite.o [7]
  .text                  ro code   0x800'38fa    0x20  iarwstd.o [7]
  .text                  ro code   0x800'391a    0x22  iarwrite.o [7]
  .text                  ro code   0x800'393c    0xb8  fwrite.o [2]
  .text                  ro code   0x800'39f4    0xb4  xfwprep.o [2]
  .text                  ro code   0x800'3aa8    0x24  fseek.o [2]
  .text                  ro code   0x800'3acc    0xb4  ios.o [3]
  .text                  ro code   0x800'3b80    0xae  iostream_cout.o [3]
  .text                  ro code   0x800'3c30    0xa0  cppinit.o [2]
  .text                  ro code   0x800'3cd0    0x98  iostream_cout.o [3]
  .text                  ro code   0x800'3d68    0x44  iostream_cout.o [3]
  .text                  ro code   0x800'3dac     0xa  cxxabi.o [4]
  .text                  ro code   0x800'3db6    0x54  ios.instantiations.o [3]
  .text                  ro code   0x800'3e0a     0x4  ios.instantiations.o [3]
  .text                  ro code   0x800'3e0e    0x42  ios.instantiations.o [3]
  .text                  ro code   0x800'3e50    0x94  ios.instantiations.o [3]
  .text                  ro code   0x800'3ee4    0x24  ios.instantiations.o [3]
  .text                  ro code   0x800'3f08     0x4  arm_exceptions_uncaught_c.o [6]
  .text                  ro code   0x800'3f0c    0x92  locale.o [3]
  .text                  ro code   0x800'3f9e     0xa  locale.o [3]
  .text                  ro code   0x800'3fa8    0x50  locale.o [3]
  .text                  ro code   0x800'3ff8    0x66  ABImemset.o [6]
  .text                  ro code   0x800'4060    0x90  locale.o [3]
  .text                  ro code   0x800'40f0    0x8c  xfofind.o [2]
  .text                  ro code   0x800'417c    0x88  ios.instantiations.o [3]
  .text                  ro code   0x800'4204    0x1a  ios.instantiations.o [3]
  .text                  ro code   0x800'421e    0x10  locale.o [3]
  .text                  ro code   0x800'422e    0x28  main.o [1]
  .text                  ro code   0x800'4258    0x10  main.o [1]
  .text                  ro code   0x800'4268     0xc  main.o [1]
  .text                  ro code   0x800'4274    0x7e  fclose.o [2]
  .text                  ro code   0x800'42f2    0x18  close.o [7]
  .text                  ro code   0x800'430a    0x14  remove.o [7]
  .text                  ro code   0x800'431e    0x68  ios.instantiations.o [3]
  .text                  ro code   0x800'4386    0x20  ios.instantiations.o [3]
  .text                  ro code   0x800'43a6    0x60  ios.instantiations.o [3]
  .rodata                const     0x800'4408    0x54  locale.o [3]
  .rodata                const     0x800'445c    0x54  locale.o [3]
  .text                  ro code   0x800'44b0    0x54  fputc.o [2]
  .rodata                const     0x800'4504    0x48  xlocale_c.o [2]
  .text                  ro code   0x800'454c    0x48  iostream_cout.o [3]
  .rodata                const     0x800'4594    0x44  locale.o [3]
  .text                  ro code   0x800'45d8    0x44  iar_newlocale.o [3]
  .rodata                const     0x800'461c    0x40  locale.o [3]
  .rodata                const     0x800'465c    0x40  locale.o [3]
  .rodata                const     0x800'469c    0x40  ios.instantiations.o [3]
  .rodata                const     0x800'46dc    0x40  iostream_cout.o [3]
  .text                  ro code   0x800'471c    0x40  iostream_cout.o [3]
  .text                  ro code   0x800'475c    0x40  xcloseall.o [2]
  .rodata                const     0x800'479c    0x38  locale.o [3]
  .rodata                const     0x800'47d4    0x38  locale.o [3]
  .rodata                const     0x800'480c    0x38  locale.o [3]
  .rodata                const     0x800'4844    0x38  locale.o [3]
  .rodata                const     0x800'487c    0x38  xlocale_c.o [2]
  .text                  ro code   0x800'48b4    0x38  zero_init3.o [6]
  .rodata                const     0x800'48ec    0x34  locale.o [3]
  .rodata                const     0x800'4920    0x34  locale.o [3]
  .rodata                const     0x800'4954    0x34  locale.o [3]
  .rodata                const     0x800'4988    0x30  locale.o [3]
  .rodata                const     0x800'49b8    0x30  locale.o [3]
  .rodata                const     0x800'49e8    0x30  locale.o [3]
  .rodata                const     0x800'4a18    0x30  locale.o [3]
  .text                  ro code   0x800'4a48    0x2e  main.o [1]
  .rodata                const     0x800'4a78    0x28  locale.o [3]
  .rodata                const     0x800'4aa0    0x28  locale.o [3]
  .rodata                const     0x800'4ac8    0x28  ios.instantiations.o [3]
  .text                  ro code   0x800'4af0    0x28  data_init.o [6]
  .text                  ro code   0x800'4b18    0x26  iar_newlocale.o [3]
  .rodata                const     0x800'4b40    0x24  locale.o [3]
  .rodata                const     0x800'4b64    0x24  locale.o [3]
  .text                  ro code   0x800'4b88    0x24  main.o [1]
  .text                  ro code   0x800'4bac     0x6  main.o [1]
  .text                  ro code   0x800'4bb4    0x22  fpinit_M.o [5]
  .iar.init_table        const     0x800'4bd8    0x24  - Linker created -
  .rodata                const     0x800'4bfc    0x20  locale.o [3]
  .rodata                const     0x800'4c1c    0x20  locale.o [3]
  .rodata                const     0x800'4c3c    0x20  locale.o [3]
  .rodata                const     0x800'4c5c    0x20  locale.o [3]
  .text                  ro code   0x800'4c7c    0x20  cmain_call_ctors.o [6]
  .text                  ro code   0x800'4c9c    0x1e  locale.o [3]
  .text                  ro code   0x800'4cba    0x1e  locale.o [3]
  .text                  ro code   0x800'4cd8    0x1e  cmain.o [6]
  .text                  ro code   0x800'4cf6     0x4  low_level_init.o [2]
  .text                  ro code   0x800'4cfa     0x4  exit.o [2]
  .text                  ro code   0x800'4d00    0x12  cexit.o [6]
  .rodata                const     0x800'4d14    0x1c  locale.o [3]
  .rodata                const     0x800'4d30    0x1c  locale.o [3]
  .rodata                const     0x800'4d4c    0x1c  locale.o [3]
  .rodata                const     0x800'4d68    0x1c  locale.o [3]
  .text                  ro code   0x800'4d84    0x1c  cstartup_M.o [6]
  .text                  ro code   0x800'4da0    0x1c  locale.o [3]
  .rodata                const     0x800'4dbc    0x18  locale.o [3]
  .rodata                const     0x800'4dd4    0x18  locale.o [3]
  .text                  ro code   0x800'4dec    0x18  ios.instantiations.o [3]
  .rodata                const     0x800'4e04    0x14  locale.o [3]
  .rodata                const     0x800'4e18    0x14  locale.o [3]
  .text                  ro code   0x800'4e2c    0x14  locale.o [3]
  .text                  ro code   0x800'4e40    0x14  locale.o [3]
  .text                  ro code   0x800'4e54    0x14  locale.o [3]
  .text                  ro code   0x800'4e68    0x14  locale.o [3]
  .text                  ro code   0x800'4e7c    0x14  locale.o [3]
  .text                  ro code   0x800'4e90    0x14  locale.o [3]
  .text                  ro code   0x800'4ea4    0x14  locale.o [3]
  .text                  ro code   0x800'4eb8    0x14  locale.o [3]
  .text                  ro code   0x800'4ecc    0x14  locale.o [3]
  .text                  ro code   0x800'4ee0    0x14  locale.o [3]
  .text                  ro code   0x800'4ef4    0x14  locale.o [3]
  .text                  ro code   0x800'4f08    0x14  locale.o [3]
  .text                  ro code   0x800'4f1c    0x14  locale.o [3]
  .text                  ro code   0x800'4f30    0x14  locale.o [3]
  .text                  ro code   0x800'4f44    0x14  locale.o [3]
  .text                  ro code   0x800'4f58    0x14  locale.o [3]
  .text                  ro code   0x800'4f6c    0x14  locale.o [3]
  .text                  ro code   0x800'4f80    0x14  locale.o [3]
  .text                  ro code   0x800'4f94    0x14  locale.o [3]
  .text                  ro code   0x800'4fa8    0x14  locale.o [3]
  .rodata                const     0x800'4fbc    0x10  ios.o [3]
  .rodata                const     0x800'4fcc    0x10  ios.instantiations.o [3]
  .text                  ro code   0x800'4fdc     0xe  ios.instantiations.o [3]
  .text                  ro code   0x800'4fea     0xe  iar_newlocale.o [3]
  .text                  ro code   0x800'4ff8     0xc  iostream_cout.o [3]
  .rodata                const     0x800'5004     0x8  locale.o [3]
  .rodata                const     0x800'500c     0x8  ios.instantiations.o [3]
  SHT$$PREINIT_ARRAY               0x800'5014     0x4  <Block>
    .preinit_array       const     0x800'5014     0x4  iostream_cout.o [3]
  SHT$$INIT_ARRAY                  0x800'5018     0x4  <Block>
    .init_array          const     0x800'5018     0x4  iar_newlocale.o [3]
  __iar_tls$$INIT_ARRAY            0x800'501c     0x0  <Block>
  .text                  ro code   0x800'501c     0x4  ios.instantiations.o [3]
  .text                  ro code   0x800'5020     0x0  cstart_call_dtors.o [6]
  .text                  ro code   0x800'5020     0x0  cstart_closeall.o [6]
  .rodata                const     0x800'5020     0x0  zero_init3.o [6]
  .rodata                const     0x800'5020     0x0  lz77_init_single.o [6]
  Initializer bytes      const     0x800'5020    0x71  <for P2-1>
                                 - 0x800'5091  0x5051

"P2", part 1 of 3:                              0x168
  P2-1                            0x2000'0000   0x168  <Init block>
    .data                inited   0x2000'0000    0x48  xfiles.o [2]
    .data                inited   0x2000'0048    0x48  xfiles.o [2]
    .data                inited   0x2000'0090    0x48  xfiles.o [2]
    .data                inited   0x2000'00d8    0x20  xfiles.o [2]
    .data                inited   0x2000'00f8    0x38  xlocale_c.o [2]
    .data                inited   0x2000'0130    0x18  xlocale_c.o [2]
    .data                inited   0x2000'0148    0x18  xlocale_c.o [2]
    .data                inited   0x2000'0160     0x8  XShttio.o [2]
                                - 0x2000'0168   0x168

"P2", part 2 of 3:                              0x4cc
  .bss                   zero     0x2000'0168   0x178  locale.o [3]
  .bss                   zero     0x2000'02e0    0xb0  locale.o [3]
  .bss                   zero     0x2000'0390    0x90  iostream_cout.o [3]
  .bss                   zero     0x2000'0420    0x80  XShHandles.o [2]
  .bss                   zero     0x2000'04a0    0x50  xfiles.o [2]
  .bss                   zero     0x2000'04f0    0x50  xfiles.o [2]
  .bss                   zero     0x2000'0540    0x1c  iar_newlocale.o [3]
  .bss                   zero     0x2000'055c     0xc  locale.o [3]
  .bss                   zero     0x2000'0568     0x8  locale.o [3]
  .bss                   zero     0x2000'0570     0x8  locale.o [3]
  .bss                   zero     0x2000'0578     0x8  locale.o [3]
  .bss                   zero     0x2000'0580     0x8  locale.o [3]
  .bss                   zero     0x2000'0588     0x8  locale.o [3]
  .bss                   zero     0x2000'0590     0x8  locale.o [3]
  .bss                   zero     0x2000'0598     0x8  locale.o [3]
  .bss                   zero     0x2000'05a0     0x8  locale.o [3]
  .bss                   zero     0x2000'05a8     0x8  locale.o [3]
  .bss                   zero     0x2000'05b0     0x8  locale.o [3]
  .bss                   zero     0x2000'05b8     0x8  locale.o [3]
  .bss                   zero     0x2000'05c0     0x8  locale.o [3]
  .bss                   zero     0x2000'05c8     0x8  locale.o [3]
  .bss                   zero     0x2000'05d0     0x8  locale.o [3]
  .bss                   zero     0x2000'05d8     0x8  locale.o [3]
  .bss                   zero     0x2000'05e0     0x8  locale.o [3]
  .bss                   zero     0x2000'05e8     0x8  locale.o [3]
  .bss                   zero     0x2000'05f0     0x8  locale.o [3]
  .bss                   zero     0x2000'05f8     0x8  locale.o [3]
  .bss                   zero     0x2000'0600     0x8  locale.o [3]
  .bss                   zero     0x2000'0608     0x8  locale.o [3]
  .bss                   zero     0x2000'0610     0x8  heap0.o [2]
  .bss                   zero     0x2000'0618     0x4  locale.o [3]
  .bss                   zero     0x2000'061c     0x4  cppinit.o [2]
  .bss                   zero     0x2000'0620     0x4  cppinit.o [2]
  .bss                   zero     0x2000'0624     0x4  new.o [4]
  .bss                   zero     0x2000'0628     0x4  xgetmemchunk.o [2]
  .bss                   zero     0x2000'062c     0x4  xfail_s.o [2]
  .tbss                  zero     0x2000'0630     0x4  errno.o [2]
                                - 0x2000'0634   0x4cc

"P2", part 3 of 3:                             0x41bc
  .iar.dynexit                    0x2000'0634   0x1bc  <Block>
    .iar.dynexit         uninit   0x2000'0634     0xc  cppinit.o [2]
    .iar.dynexit         uninit   0x2000'0640   0x1b0  <Block tail>
  CSTACK                          0x2000'07f0  0x2000  <Block>
    CSTACK               uninit   0x2000'07f0  0x2000  <Block tail>
  HEAP                            0x2000'27f0  0x2000  <Block>
    HEAP                 uninit   0x2000'27f0  0x2000  <Block tail>
                                - 0x2000'47f0  0x41bc

Unused ranges:

         From           To      Size
         ----           --      ----
   0x800'5091   0x803'ffff  0x3'af6f
  0x2000'47f0  0x2001'ffff  0x1'b810


*******************************************************************************
*** INIT TABLE
***

          Address      Size
          -------      ----
Zero (__iar_zero_init3)
    1 destination range, total size 0x4cc:
          0x2000'0168  0x4cc

Copy/lz77 (__iar_lz77_init_single3)
    1 source range, total size 0x71 (31% of destination):
           0x800'5020   0x71
    1 destination range, total size 0x168:
          0x2000'0000  0x168

Extra (__iar_cstart_call_ctors)



*******************************************************************************
*** MODULE SUMMARY
***

    Module                       ro code  ro data  rw data
    ------                       -------  -------  -------
command line/config:
    ------------------------------------------------------
    Total:

R:\POIP\POIP\MyFirstProjct\Debug\Obj: [1]
    main.o                           156
    ------------------------------------------------------
    Total:                           156

dl7M_tlf.a: [2]
    XShHandles.o                     204               128
    XShttio.o                          8        3        8
    abort.o                            6
    cppinit.o                        160                20
    errno.o                           36                 4
    exit.o                             4
    fclose.o                         126
    fflush.o                         172
    fputc.o                           84
    fseek.o                           36
    fwrite.o                         184
    heap0.o                          316                 8
    heaptramp0.o                       4
    low_level_init.o                   4
    tp_nothreads.o                     4
    vsnprint.o                        60
    xcloseall.o                       64
    xfail_s.o                         64                 4
    xfgpos.o                          12
    xfiles.o                                   77      408
    xfofind.o                        140
    xfspos.o                         216
    xfwprep.o                        180
    xgetmemchunk.o                    44                 4
    xlocale_c.o                       24      166      104
    xprintffull_nomb.o             3'754
    xsnprout.o                        26
    ------------------------------------------------------
    Total:                         5'932      246      688

dllibcpp7M_tls_fc.a: [3]
    iar_locale.o                      40
    iar_newlocale.o                  776        4       28
    ios.instantiations.o             780      128
    ios.o                            180       16
    iostream_cout.o                  542       68      144
    locale.o                       5'016    2'450      736
    memory.o                           2
    mutex.o                           24
    string.o                          80
    vector.o                           4
    ------------------------------------------------------
    Total:                         7'444    2'666      908

dlpprt7M_tl_fc.a: [4]
    cxxabi.o                          10
    delaop_0.o                         4
    delop4_0.o                         4
    delop_0.o                         10
    new.o                                                4
    newop_0.o                         36
    nomemory.o                         4
    ------------------------------------------------------
    Total:                            68                 4

m7M_tls.a: [5]
    DblAddSub.o                      590
    DblCmpGe.o                        52
    DblCmpLe.o                        52
    DblDiv.o                         582
    DblMul.o                         426
    DblToS32.o                        54
    DblToU32.o                        34
    S32ToDbl.o                        34
    U32ToDbl.o                        28
    fpinit_M.o                        34
    frexp.o                          112
    ldexp.o                          314
    ------------------------------------------------------
    Total:                         2'312

rt7M_tl.a: [6]
    ABImemcpy_unaligned.o            118
    ABImemset.o                      102
    I64DivMod.o                      560
    I64DivZer.o                        2
    arm_exceptions_uncaught_c.o        4
    cexit.o                           18
    cmain.o                           30
    cmain_call_ctors.o                32
    cstart_call_dtors.o
    cstart_closeall.o
    cstartup_M.o                      28
    data_init.o                       40
    lz77_init_single.o               126
    memchr.o                          88
    strchr.o                          22
    strlen.o                          54
    vector_table_M.o                  64
    vectortrap_M.o                     2
    zero_init3.o                      56
    ------------------------------------------------------
    Total:                         1'346

shb_l.a: [7]
    close.o                           24
    dwrite.o                          30
    exit.o                            20
    iarttio.o                        124
    iarwrite.o                        34
    iarwstd.o                         32
    lseek.o                           78
    remove.o                          20
    unwind_debug.o                              1
    write.o                           16
    ------------------------------------------------------
    Total:                           378        1

    Gaps                              30       10
    Linker created                             36   16'816
----------------------------------------------------------
    Grand Total:                  17'666    2'959   18'416


*******************************************************************************
*** ENTRY LIST
***

Entry                       Address   Size  Type      Object
-----                       -------   ----  ----      ------
.iar.dynexit$$Base      0x2000'0634          --   Gb  - Linker created -
.iar.dynexit$$Limit     0x2000'07f0          --   Gb  - Linker created -
.iar.init_table$$Base    0x800'4bd8          --   Gb  - Linker created -
.iar.init_table$$Limit   0x800'4bfc          --   Gb  - Linker created -
?main                    0x800'4cd9         Code  Gb  cmain.o [6]
Aldata                  0x2000'0610    0x8  Data  Lc  heap0.o [2]
BusFault_Handler         0x800'1353         Code  Wk  vectortrap_M.o [6]
CSTACK$$Base            0x2000'07f0          --   Gb  - Linker created -
CSTACK$$Limit           0x2000'27f0          --   Gb  - Linker created -
DebugMon_Handler         0x800'1353         Code  Wk  vectortrap_M.o [6]
DtorRecArray            0x2000'0634    0xc  Data  Lc  cppinit.o [2]
HEAP$$Base              0x2000'27f0          --   Gb  - Linker created -
HEAP$$Limit             0x2000'47f0          --   Gb  - Linker created -
HardFault_Handler        0x800'1353         Code  Wk  vectortrap_M.o [6]
MemManage_Handler        0x800'1353         Code  Wk  vectortrap_M.o [6]
NMI_Handler              0x800'1353         Code  Wk  vectortrap_M.o [6]
PendSV_Handler           0x800'1353         Code  Wk  vectortrap_M.o [6]
Region$$Table$$Base      0x800'4bd8          --   Gb  - Linker created -
Region$$Table$$Limit     0x800'4bfc          --   Gb  - Linker created -
SHT$$INIT_ARRAY$$Base    0x800'5018          --   Gb  - Linker created -
SHT$$INIT_ARRAY$$Limit   0x800'501c          --   Gb  - Linker created -
SHT$$PREINIT_ARRAY$$Base
                         0x800'5014          --   Gb  - Linker created -
SHT$$PREINIT_ARRAY$$Limit
                         0x800'5018          --   Gb  - Linker created -
SVC_Handler              0x800'1353         Code  Wk  vectortrap_M.o [6]
SysTick_Handler          0x800'1353         Code  Wk  vectortrap_M.o [6]
UsageFault_Handler       0x800'1353         Code  Wk  vectortrap_M.o [6]
Virtual function table for std::__stdoutbuf<char>
                         0x800'46dc   0x40  Data  Wk  iostream_cout.o [3]
Virtual function table for std::__time_get_c_storage<char>
                         0x800'4b40   0x24  Data  Wk  locale.o [3]
Virtual function table for std::__time_get_c_storage<wchar_t>
                         0x800'4b64   0x24  Data  Wk  locale.o [3]
Virtual function table for std::codecvt<char, char, _Mbstatet>
                         0x800'4988   0x30  Data  Wk  locale.o [3]
Virtual function table for std::codecvt<char16_t, char, _Mbstatet>
                         0x800'49e8   0x30  Data  Wk  locale.o [3]
Virtual function table for std::codecvt<char32_t, char, _Mbstatet>
                         0x800'4a18   0x30  Data  Wk  locale.o [3]
Virtual function table for std::codecvt<wchar_t, char, _Mbstatet>
                         0x800'49b8   0x30  Data  Wk  locale.o [3]
Virtual function table for std::collate<char>
                         0x800'4bfc   0x20  Data  Wk  locale.o [3]
Virtual function table for std::collate<wchar_t>
                         0x800'4c1c   0x20  Data  Wk  locale.o [3]
Virtual function table for std::ctype<char>
                         0x800'48ec   0x34  Data  Wk  locale.o [3]
Virtual function table for std::ctype<wchar_t>
                         0x800'4594   0x44  Data  Wk  locale.o [3]
Virtual function table for std::ios
                         0x800'4fcc   0x10  Data  Wk  ios.instantiations.o [3]
Virtual function table for std::ios_base
                         0x800'4fbc   0x10  Data  Wk  ios.o [3]
Virtual function table for std::locale::__imp
                         0x800'4e18   0x14  Data  Wk  locale.o [3]
Virtual function table for std::locale::facet
                         0x800'4e04   0x14  Data  Wk  locale.o [3]
Virtual function table for std::messages<char>
                         0x800'4c3c   0x20  Data  Wk  locale.o [3]
Virtual function table for std::messages<wchar_t>
                         0x800'4c5c   0x20  Data  Wk  locale.o [3]
Virtual function table for std::money_get<char, std::istreambuf_iterator<char, std::char_traits<char>>>
                         0x800'4d14   0x1c  Data  Wk  locale.o [3]
Virtual function table for std::money_get<wchar_t, std::istreambuf_iterator<wchar_t, std::char_traits<wchar_t>>>
                         0x800'4d30   0x1c  Data  Wk  locale.o [3]
Virtual function table for std::money_put<char, std::ostreambuf_iterator<char, std::char_traits<char>>>
                         0x800'4d4c   0x1c  Data  Wk  locale.o [3]
Virtual function table for std::money_put<wchar_t, std::ostreambuf_iterator<wchar_t, std::char_traits<wchar_t>>>
                         0x800'4d68   0x1c  Data  Wk  locale.o [3]
Virtual function table for std::moneypunct<char, (bool)0>
                         0x800'479c   0x38  Data  Wk  locale.o [3]
Virtual function table for std::moneypunct<char, (bool)1>
                         0x800'47d4   0x38  Data  Wk  locale.o [3]
Virtual function table for std::moneypunct<wchar_t, (bool)0>
                         0x800'480c   0x38  Data  Wk  locale.o [3]
Virtual function table for std::moneypunct<wchar_t, (bool)1>
                         0x800'4844   0x38  Data  Wk  locale.o [3]
Virtual function table for std::num_get<char, std::istreambuf_iterator<char, std::char_traits<char>>>
                         0x800'461c   0x40  Data  Wk  locale.o [3]
Virtual function table for std::num_get<wchar_t, std::istreambuf_iterator<wchar_t, std::char_traits<wchar_t>>>
                         0x800'465c   0x40  Data  Wk  locale.o [3]
Virtual function table for std::num_put<char, std::ostreambuf_iterator<char, std::char_traits<char>>>
                         0x800'4920   0x34  Data  Wk  locale.o [3]
Virtual function table for std::num_put<wchar_t, std::ostreambuf_iterator<wchar_t, std::char_traits<wchar_t>>>
                         0x800'4954   0x34  Data  Wk  locale.o [3]
Virtual function table for std::numpunct<char>
                         0x800'4a78   0x28  Data  Wk  locale.o [3]
Virtual function table for std::numpunct<wchar_t>
                         0x800'4aa0   0x28  Data  Wk  locale.o [3]
Virtual function table for std::ostream
                         0x800'4ac8   0x28  Data  Wk  ios.instantiations.o [3]
Virtual function table for std::streambuf
                         0x800'469c   0x40  Data  Wk  ios.instantiations.o [3]
Virtual function table for std::time_get<char, std::istreambuf_iterator<char, std::char_traits<char>>>
                         0x800'4408   0x54  Data  Wk  locale.o [3]
Virtual function table for std::time_get<wchar_t, std::istreambuf_iterator<wchar_t, std::char_traits<wchar_t>>>
                         0x800'445c   0x54  Data  Wk  locale.o [3]
Virtual function table for std::time_put<char, std::ostreambuf_iterator<char, std::char_traits<char>>>
                         0x800'4dbc   0x18  Data  Wk  locale.o [3]
Virtual function table for std::time_put<wchar_t, std::ostreambuf_iterator<wchar_t, std::char_traits<wchar_t>>>
                         0x800'4dd4   0x18  Data  Wk  locale.o [3]
Virtual table table for std::ostream
                         0x800'500c    0x8  Data  Wk  ios.instantiations.o [3]
[local to iar_newlocale_cpp]::std::sLast
                        0x2000'0558    0x4  Data  Lc  iar_newlocale.o [3]
[local to iar_newlocale_cpp]::std::sLastName
                        0x2000'0540    0xc  Data  Lc  iar_newlocale.o [3]
[local to iar_newlocale_cpp]::std::sRefCounts
                        0x2000'054c    0xc  Data  Lc  iar_newlocale.o [3]
[local to iostream_cout_cpp]::std::<unnamed>::__coutg
                        0x2000'03e4    0x1  Data  Lc  iostream_cout.o [3]
[local to iostream_cout_cpp]::std::__cout
                        0x2000'03f0   0x30  Data  Lc  iostream_cout.o [3]
[local to iostream_cout_cpp]::std::mb_cout
                        0x2000'03e8    0x8  Data  Lc  iostream_cout.o [3]
_CProfile               0x2000'0130   0x18  Data  Lc  xlocale_c.o [2]
_Close_all               0x800'475d   0x40  Code  Gb  xcloseall.o [2]
_Files                  0x2000'00d8   0x20  Data  Gb  xfiles.o [2]
_Fofree                  0x800'40f1   0x86  Code  Gb  xfofind.o [2]
_Fspos                   0x800'3621   0xd8  Code  Gb  xfspos.o [2]
_Fwprep                  0x800'39f5   0xb4  Code  Gb  xfwprep.o [2]
_LC                      0x800'0041    0x6  Code  Lc  xprintffull_nomb.o [2]
_LitobFullNoMb           0x800'0d09  0x114  Code  Lc  xprintffull_nomb.o [2]
_LocaleC_lconv           0x800'487c   0x38  Data  Lc  xlocale_c.o [2]
_Locale_Profile         0x2000'0148   0x18  Data  Lc  xlocale_c.o [2]
_Locale_lconv           0x2000'00f8   0x38  Data  Lc  xlocale_c.o [2]
_Nnl                     0x800'37a5    0xc  Code  Gb  xfgpos.o [2]
_PrintfFullNoMb          0x800'0047  0xc92  Code  Gb  xprintffull_nomb.o [2]
_PutcharsFullNoMb        0x800'0e75   0x2e  Code  Lc  xprintffull_nomb.o [2]
_SNProut                 0x800'0f7f   0x1a  Code  Gb  xsnprout.o [2]
__aeabi_atexit           0x800'3dad    0xa  Code  Gb  cxxabi.o [4]
__aeabi_cdcmple          0x800'1155         Code  Gb  DblCmpLe.o [5]
__aeabi_cdrcmple         0x800'1189         Code  Gb  DblCmpGe.o [5]
__aeabi_d2iz             0x800'12f9         Code  Gb  DblToS32.o [5]
__aeabi_d2uiz            0x800'17ed         Code  Gb  DblToU32.o [5]
__aeabi_ddiv             0x800'15a5         Code  Gb  DblDiv.o [5]
__aeabi_dmul             0x800'182d         Code  Gb  DblMul.o [5]
__aeabi_dsub             0x800'14c1         Code  Gb  DblAddSub.o [5]
__aeabi_i2d              0x800'1331         Code  Gb  S32ToDbl.o [5]
__aeabi_ldiv0            0x800'1c4d         Code  Gb  I64DivZer.o [6]
__aeabi_memset           0x800'3ff9         Code  Gb  ABImemset.o [6]
__aeabi_ui2d             0x800'1811         Code  Gb  U32ToDbl.o [5]
__aeabi_uldivmod         0x800'19f1         Code  Gb  I64DivMod.o [6]
__basic_free             0x800'2f5d   0x16  Code  Gb  heap0.o [2]
__basic_free_intern      0x800'2f73   0x74  Code  Lc  heap0.o [2]
__basic_malloc           0x800'2eb1   0x18  Code  Gb  heap0.o [2]
__basic_malloc_intern    0x800'2ec9   0x94  Code  Lc  heap0.o [2]
__call_ctors             0x800'3c31   0x18  Code  Gb  cppinit.o [2]
__call_dtors             0x800'3c7f    0xc  Code  Gb  cppinit.o [2]
__call_dtors0            0x800'3c8b   0x36  Code  Gb  cppinit.o [2]
__cexit_call_dtors       0x800'4d03         Code  Gb  cexit.o [6]
__cexit_closeall         0x800'4d07         Code  Gb  cexit.o [6]
__close                  0x800'42f3   0x18  Code  Gb  close.o [7]
__cmain                  0x800'4cd9         Code  Gb  cmain.o [6]
__cstart_call_dtors      0x800'5020         Data  Gb  cstart_call_dtors.o [6]
__cstart_closeall        0x800'5020         Data  Gb  cstart_closeall.o [6]
__cxa_atexit             0x800'3c49   0x36  Code  Gb  cppinit.o [2]
__data_GetMemChunk       0x800'3049   0x2c  Code  Gb  xgetmemchunk.o [2]
__data_GetMemChunk::start
                        0x2000'0628    0x4  Data  Lc  xgetmemchunk.o [2]
__dso_handle            0x2000'0620    0x4  Data  Gb  cppinit.o [2]
__dwrite                 0x800'38dd   0x1e  Code  Gb  dwrite.o [7]
__exit                   0x800'1c51   0x14  Code  Gb  exit.o [7]
__iar_CProfile           0x800'19d9    0x4  Code  Gb  xlocale_c.o [2]
__iar_C_Locale           0x800'4504   0x48  Data  Lc  xlocale_c.o [2]
__iar_Errno             0x2000'0630    0x4  Tls   Gb  errno.o [2]
__iar_Fail_s             0x800'0f99   0x1c  Code  Gb  xfail_s.o [2]
__iar_Memchr             0x800'1015         Code  Gb  memchr.o [6]
__iar_Memset             0x800'3ff9         Code  Gb  ABImemset.o [6]
__iar_Memset_word        0x800'4001         Code  Gb  ABImemset.o [6]
__iar_Stderr            0x2000'0090   0x48  Data  Gb  xfiles.o [2]
__iar_Stdin             0x2000'0000   0x48  Data  Gb  xfiles.o [2]
__iar_Stdout            0x2000'0048   0x48  Data  Gb  xfiles.o [2]
__iar_Strchr             0x800'0f69         Code  Gb  strchr.o [6]
__iar_close_ttio         0x800'1c69   0x2c  Code  Gb  iarttio.o [7]
__iar_cstart_call_ctors
                         0x800'4c7d   0x20  Code  Gb  cmain_call_ctors.o [6]
__iar_data_init3         0x800'4af1   0x28  Code  Gb  data_init.o [6]
__iar_debug_exceptions   0x800'15a2    0x1  Data  Gb  unwind_debug.o [7]
__iar_errno_set          0x800'1c29    0xe  Code  Gb  errno.o [2]
__iar_errno_set_ERANGE   0x800'1c37    0xc  Code  Gb  errno.o [2]
__iar_frexp              0x800'10f1         Code  Gb  frexp.o [5]
__iar_frexpl             0x800'10f1         Code  Gb  frexp.o [5]
__iar_get_ttio           0x800'1c95   0x4c  Code  Gb  iarttio.o [7]
__iar_global_Profile     0x800'19dd    0x4  Code  Gb  xlocale_c.o [2]
__iar_init_vfp           0x800'4bb5         Code  Gb  fpinit_M.o [5]
__iar_ldexp64            0x800'11bd         Code  Gb  ldexp.o [5]
__iar_lookup_ttioh       0x800'1ce5    0x8  Code  Gb  XShttio.o [2]
__iar_lz77_init_single3
                         0x800'0eeb   0x7e  Code  Gb  lz77_init_single.o [6]
__iar_nothread_read_tp   0x800'1c65    0x4  Code  Gb  tp_nothreads.o [2]
__iar_program_start      0x800'4d85         Code  Gb  cstartup_M.o [6]
__iar_scalbln64          0x800'11bd         Code  Gb  ldexp.o [5]
__iar_scalbn64           0x800'11bd         Code  Gb  ldexp.o [5]
__iar_sh_Discard         0x800'3811   0x42  Code  Gb  XShHandles.o [2]
__iar_sh_Move            0x800'3853   0x46  Code  Gb  XShHandles.o [2]
__iar_sh_Pos             0x800'3899   0x40  Code  Gb  XShHandles.o [2]
__iar_sh_stdout          0x800'38fb   0x20  Code  Gb  iarwstd.o [7]
__iar_sh_write           0x800'391b   0x22  Code  Gb  iarwrite.o [7]
__iar_softfp___iar_frexp64
                         0x800'10e5         Code  Gb  frexp.o [5]
__iar_softfp_frexp       0x800'10e5         Code  Gb  frexp.o [5]
__iar_softfp_frexpl      0x800'10e5         Code  Gb  frexp.o [5]
__iar_tls$$INIT_ARRAY$$Base
                         0x800'501c          --   Gb  - Linker created -
__iar_tls$$INIT_ARRAY$$Limit
                         0x800'501c          --   Gb  - Linker created -
__iar_ttio_handles      0x2000'0160    0x8  Data  Lc  XShttio.o [2]
__iar_unaligned_memcpy   0x800'106d         Code  Gb  ABImemcpy_unaligned.o [6]
__iar_unaligned_memcpy4
                         0x800'108d         Code  Gb  ABImemcpy_unaligned.o [6]
__iar_unaligned_memcpy8
                         0x800'108d         Code  Gb  ABImemcpy_unaligned.o [6]
__iar_zero_init3         0x800'48b5   0x38  Code  Gb  zero_init3.o [6]
__low_level_init         0x800'4cf7    0x4  Code  Gb  low_level_init.o [2]
__lseek                  0x800'37b1   0x4e  Code  Gb  lseek.o [7]
__no_uncaught_exception
                         0x800'3f09    0x4  Code  Gb  arm_exceptions_uncaught_c.o [6]
__sti__routine           0x800'3cd1   0x68  Code  Lc  iostream_cout.o [3]
__sti__routine           0x800'45d9   0x32  Code  Lc  iar_newlocale.o [3]
__vector_table           0x800'0000         Data  Gb  vector_table_M.o [6]
__write                  0x800'37ff   0x10  Code  Gb  write.o [7]
_call_main               0x800'4ce5         Code  Gb  cmain.o [6]
_exit                    0x800'4d01         Code  Gb  cexit.o [6]
abort                    0x800'1c21    0x6  Code  Gb  abort.o [2]
ebuf                    0x2000'04a0   0x50  Data  Lc  xfiles.o [2]
exit                     0x800'4cfb    0x4  Code  Gb  exit.o [2]
fclose                   0x800'4275   0x7e  Code  Gb  fclose.o [2]
fflush                   0x800'376d   0x34  Code  Gb  fflush.o [2]
fflushOne                0x800'36f9   0x74  Code  Lc  fflush.o [2]
fputc                    0x800'44b1   0x54  Code  Gb  fputc.o [2]
free                     0x800'2e73    0x4  Code  Gb  heaptramp0.o [2]
freelocale               0x800'2a21   0xa4  Code  Wk  iar_newlocale.o [3]
fseek                    0x800'3aa9   0x24  Code  Gb  fseek.o [2]
fwrite                   0x800'393d   0xb8  Code  Gb  fwrite.o [2]
ldexp                    0x800'11bd         Code  Gb  ldexp.o [5]
ldexpl                   0x800'11bd         Code  Gb  ldexp.o [5]
localeconv               0x800'19e1    0x4  Code  Gb  xlocale_c.o [2]
main                     0x800'4b89   0x24  Code  Gb  main.o [1]
memchr                   0x800'1015         Code  Gb  memchr.o [6]
next_abi_dtor_rec       0x2000'061c    0x4  Data  Lc  cppinit.o [2]
obuf                    0x2000'04f0   0x50  Data  Lc  xfiles.o [2]
operator delete (void *)
                         0x800'2b01    0xa  Code  Gb  delop_0.o [4]
operator delete (void *, unsigned int)
                         0x800'2545    0x4  Code  Gb  delop4_0.o [4]
operator delete[] (void *)
                         0x800'29e3    0x4  Code  Gb  delaop_0.o [4]
operator new (unsigned int)
                         0x800'2b59   0x24  Code  Gb  newop_0.o [4]
remove                   0x800'430b   0x14  Code  Gb  remove.o [7]
sFileInfo               0x2000'0420   0x80  Data  Lc  XShHandles.o [2]
scalbln                  0x800'11bd         Code  Gb  ldexp.o [5]
scalblnl                 0x800'11bd         Code  Gb  ldexp.o [5]
scalbn                   0x800'11bd         Code  Gb  ldexp.o [5]
scalbnl                  0x800'11bd         Code  Gb  ldexp.o [5]
scale                    0x800'0e1d   0x46  Code  Lc  xprintffull_nomb.o [2]
sec_hand                0x2000'062c    0x4  Data  Lc  xfail_s.o [2]
snprintf_l               0x800'29fd   0x24  Code  Gb  iar_locale.o [3]
std::<unnamed>::__cout_guard::~__cout_guard()
                         0x800'3d39    0xe  Code  Lc  iostream_cout.o [3]
std::_GLOBAL__N__10_locale_cpp_3334805e::make<std::codecvt<char, char, mbstate_t>, unsigned int>(unsigned int)::buf
                        0x2000'01d0    0x8  Data  Lc  locale.o [3]
std::_GLOBAL__N__10_locale_cpp_3334805e::make<std::codecvt<char16_t, char, mbstate_t>, unsigned int>(unsigned int)::buf
                        0x2000'01e8    0x8  Data  Lc  locale.o [3]
std::_GLOBAL__N__10_locale_cpp_3334805e::make<std::codecvt<char32_t, char, mbstate_t>, unsigned int>(unsigned int)::buf
                        0x2000'01f0    0x8  Data  Lc  locale.o [3]
std::_GLOBAL__N__10_locale_cpp_3334805e::make<std::codecvt<wchar_t, char, mbstate_t>, unsigned int>(unsigned int)::buf
                        0x2000'01d8   0x10  Data  Lc  locale.o [3]
std::_GLOBAL__N__10_locale_cpp_3334805e::make<std::collate<char>, unsigned int>(unsigned int)::buf
                        0x2000'01b8    0x8  Data  Lc  locale.o [3]
std::_GLOBAL__N__10_locale_cpp_3334805e::make<std::collate<wchar_t>, unsigned int>(unsigned int)::buf
                        0x2000'01c0    0x8  Data  Lc  locale.o [3]
std::_GLOBAL__N__10_locale_cpp_3334805e::make<std::ctype<char>, std::nullptr_t, bool, unsigned int>(std::nullptr_t, bool, unsigned int)::buf
                        0x2000'0168   0x10  Data  Lc  locale.o [3]
std::_GLOBAL__N__10_locale_cpp_3334805e::make<std::ctype<wchar_t>, unsigned int>(unsigned int)::buf
                        0x2000'01c8    0x8  Data  Lc  locale.o [3]
std::_GLOBAL__N__10_locale_cpp_3334805e::make<std::locale::__imp, unsigned int>(unsigned int)::buf
                        0x2000'02e8   0xa8  Data  Lc  locale.o [3]
std::_GLOBAL__N__10_locale_cpp_3334805e::make<std::messages<char>, unsigned int>(unsigned int)::buf
                        0x2000'02d0    0x8  Data  Lc  locale.o [3]
std::_GLOBAL__N__10_locale_cpp_3334805e::make<std::messages<wchar_t>, unsigned int>(unsigned int)::buf
                        0x2000'02d8    0x8  Data  Lc  locale.o [3]
std::_GLOBAL__N__10_locale_cpp_3334805e::make<std::money_get<char>, unsigned int>(unsigned int)::buf
                        0x2000'0270    0x8  Data  Lc  locale.o [3]
std::_GLOBAL__N__10_locale_cpp_3334805e::make<std::money_get<wchar_t>, unsigned int>(unsigned int)::buf
                        0x2000'0278    0x8  Data  Lc  locale.o [3]
std::_GLOBAL__N__10_locale_cpp_3334805e::make<std::money_put<char>, unsigned int>(unsigned int)::buf
                        0x2000'0280    0x8  Data  Lc  locale.o [3]
std::_GLOBAL__N__10_locale_cpp_3334805e::make<std::money_put<wchar_t>, unsigned int>(unsigned int)::buf
                        0x2000'0288    0x8  Data  Lc  locale.o [3]
std::_GLOBAL__N__10_locale_cpp_3334805e::make<std::moneypunct<char, false>, unsigned int>(unsigned int)::buf
                        0x2000'0250    0x8  Data  Lc  locale.o [3]
std::_GLOBAL__N__10_locale_cpp_3334805e::make<std::moneypunct<char, true>, unsigned int>(unsigned int)::buf
                        0x2000'0258    0x8  Data  Lc  locale.o [3]
std::_GLOBAL__N__10_locale_cpp_3334805e::make<std::moneypunct<wchar_t, false>, unsigned int>(unsigned int)::buf
                        0x2000'0260    0x8  Data  Lc  locale.o [3]
std::_GLOBAL__N__10_locale_cpp_3334805e::make<std::moneypunct<wchar_t, true>, unsigned int>(unsigned int)::buf
                        0x2000'0268    0x8  Data  Lc  locale.o [3]
std::_GLOBAL__N__10_locale_cpp_3334805e::make<std::num_get<char>, unsigned int>(unsigned int)::buf
                        0x2000'0230    0x8  Data  Lc  locale.o [3]
std::_GLOBAL__N__10_locale_cpp_3334805e::make<std::num_get<wchar_t>, unsigned int>(unsigned int)::buf
                        0x2000'0238    0x8  Data  Lc  locale.o [3]
std::_GLOBAL__N__10_locale_cpp_3334805e::make<std::num_put<char>, unsigned int>(unsigned int)::buf
                        0x2000'0240    0x8  Data  Lc  locale.o [3]
std::_GLOBAL__N__10_locale_cpp_3334805e::make<std::num_put<wchar_t>, unsigned int>(unsigned int)::buf
                        0x2000'0248    0x8  Data  Lc  locale.o [3]
std::_GLOBAL__N__10_locale_cpp_3334805e::make<std::numpunct<char>, unsigned int>(unsigned int)::buf
                        0x2000'01f8   0x18  Data  Lc  locale.o [3]
std::_GLOBAL__N__10_locale_cpp_3334805e::make<std::numpunct<wchar_t>, unsigned int>(unsigned int)::buf
                        0x2000'0210   0x20  Data  Lc  locale.o [3]
std::_GLOBAL__N__10_locale_cpp_3334805e::make<std::time_get<char>, unsigned int>(unsigned int)::buf
                        0x2000'0290   0x10  Data  Lc  locale.o [3]
std::_GLOBAL__N__10_locale_cpp_3334805e::make<std::time_get<wchar_t>, unsigned int>(unsigned int)::buf
                        0x2000'02a0   0x10  Data  Lc  locale.o [3]
std::_GLOBAL__N__10_locale_cpp_3334805e::make<std::time_put<char>, unsigned int>(unsigned int)::buf
                        0x2000'02b0   0x10  Data  Lc  locale.o [3]
std::_GLOBAL__N__10_locale_cpp_3334805e::make<std::time_put<wchar_t>, unsigned int>(unsigned int)::buf
                        0x2000'02c0   0x10  Data  Lc  locale.o [3]
std::_NomemoryNothrow()
                         0x800'2eab    0x4  Code  Gb  nomemory.o [4]
std::__basic_string_common<(bool)1>::__throw_length_error() const
                         0x800'2b55    0x4  Code  Wk  string.o [3]
std::__call_once(unsigned long volatile &, void *, void (*)(void *))
                         0x800'29cb   0x18  Code  Gb  mutex.o [3]
std::__cloc()            0x800'29f9    0x4  Code  Gb  iar_locale.o [3]
std::__iar_New_hand     0x2000'0624    0x4  Data  Gb  new.o [4]
std::__num_put<char>::__widen_and_group_int(char *, char *, char *, char *, char *&, char *&, std::locale const &)
                         0x800'3475  0x174  Code  Wk  locale.o [3]
std::__num_put_base::__format_int(char *, char const *, bool, unsigned int)
                         0x800'249d   0x64  Code  Gb  locale.o [3]
std::__num_put_base::__identify_padding(char *, char *, std::ios_base const &)
                         0x800'2501   0x3a  Code  Gb  locale.o [3]
std::__shared_count::__release_shared()
                         0x800'254b   0x32  Code  Wk  locale.o [3]
std::__shared_count::~__shared_count() [subobject]
                         0x800'2549    0x2  Code  Gb  memory.o [3]
std::__split_buffer<std::locale::facet *, std::__sso_allocator<std::locale::facet *, (unsigned int)30> &>::__split_buffer(unsigned int, unsigned int, std::__sso_allocator<std::locale::facet *, (unsigned int)30> &)
                         0x800'2bdd   0x2c  Code  Wk  locale.o [3]
std::__split_buffer<std::locale::facet *, std::__sso_allocator<std::locale::facet *, (unsigned int)30> &>::~__split_buffer()
                         0x800'2c13   0x28  Code  Wk  locale.o [3]
std::__stdoutbuf<char>::__stdoutbuf(__FILE *, _Mbstatet *)
                         0x800'3d69   0x44  Code  Wk  iostream_cout.o [3]
std::__stdoutbuf<char>::overflow(int)
                         0x800'3b81   0xae  Code  Wk  iostream_cout.o [3]
std::__stdoutbuf<char>::sync()
                         0x800'454d   0x48  Code  Wk  iostream_cout.o [3]
std::__stdoutbuf<char>::xsputn(char const *, int)
                         0x800'471d   0x40  Code  Wk  iostream_cout.o [3]
std::__stdoutbuf<char>::~__stdoutbuf()
                         0x800'4ff9    0xc  Code  Wk  iostream_cout.o [3]
std::__tree<std::__value_type<_Locale_Profile_t const *, int>, std::__map_value_compare<_Locale_Profile_t const *, std::__value_type<_Locale_Profile_t const *, int>, std::less<_Locale_Profile_t const *>, (bool)1>, std::allocator<std::__value_type<_Locale_Profile_t const *, int>>>::destroy(std::__tree_node<std::__value_type<_Locale_Profile_t const *, int>, void *> *)
                         0x800'4b19   0x26  Code  Wk  iar_newlocale.o [3]
std::__vector_base<std::locale::facet *, std::__sso_allocator<std::locale::facet *, (unsigned int)30>>::__destruct_at_end(std::locale::facet **)
                         0x800'2c3b   0x10  Code  Wk  locale.o [3]
std::__vector_base<std::locale::facet *, std::__sso_allocator<std::locale::facet *, (unsigned int)30>>::capacity() const
                         0x800'2b7d    0xc  Code  Wk  locale.o [3]
std::__vector_base<std::locale::facet *, std::__sso_allocator<std::locale::facet *, (unsigned int)30>>::~__vector_base()
                         0x800'28b3   0x2a  Code  Wk  locale.o [3]
std::__vector_base_common<(bool)1>::__throw_length_error() const
                         0x800'2e7d    0x4  Code  Wk  vector.o [3]
std::allocator_traits<std::__sso_allocator<std::locale::facet *, (unsigned int)30>>::allocate(std::__sso_allocator<std::locale::facet *, (unsigned int)30> &, unsigned int)
                         0x800'2e81   0x2a  Code  Wk  locale.o [3]
std::allocator_traits<std::__sso_allocator<std::locale::facet *, (unsigned int)30>>::deallocate(std::__sso_allocator<std::locale::facet *, (unsigned int)30> &, std::locale::facet **, unsigned int)
                         0x800'2b89   0x16  Code  Wk  locale.o [3]
std::allocator_traits<std::allocator<std::__tree_node<std::__value_type<_Locale_Profile_t const *, int>, void *>>>::deallocate(std::allocator<std::__tree_node<std::__value_type<_Locale_Profile_t const *, int>, void *>>&, std::__tree_node<std::__value_type<_Locale_Profile_t const *, int>, void *> *, unsigned int)
                         0x800'2e29    0xc  Code  Wk  iar_newlocale.o [3]
std::char_traits<char>::copy(char *, char const *, unsigned int)
                         0x800'3039    0xe  Code  Wk  string.o [3]
std::codecvt<char, char, _Mbstatet>::codecvt(unsigned int)
                         0x800'2665   0x18  Code  Wk  locale.o [3]
std::codecvt<char, char, _Mbstatet>::do_always_noconv() const
                         0x800'23dd    0x4  Code  Gb  locale.o [3]
std::codecvt<char, char, _Mbstatet>::do_out(_Mbstatet &, char const *, char const *, char const *&, char *, char *, char *&) const
                         0x800'23c9    0x2  Code  Gb  locale.o [3]
std::codecvt<char, char, _Mbstatet>::do_unshift(_Mbstatet &, char *, char *, char *&) const
                         0x800'23d9    0x4  Code  Gb  locale.o [3]
std::codecvt<char, char, _Mbstatet>::id
                        0x2000'0188    0x8  Data  Gb  locale.o [3]
std::codecvt<char, char, _Mbstatet>::~codecvt() [deleting]
                         0x800'1d39    0x4  Code  Gb  locale.o [3]
std::codecvt<char16_t, char, _Mbstatet>::codecvt(unsigned int)
                         0x800'267d   0x18  Code  Wk  locale.o [3]
std::codecvt<char16_t, char, _Mbstatet>::id
                        0x2000'0198    0x8  Data  Gb  locale.o [3]
std::codecvt<char16_t, char, _Mbstatet>::~codecvt() [deleting]
                         0x800'1d47    0x4  Code  Gb  locale.o [3]
std::codecvt<char32_t, char, _Mbstatet>::codecvt(unsigned int)
                         0x800'2695   0x18  Code  Wk  locale.o [3]
std::codecvt<char32_t, char, _Mbstatet>::id
                        0x2000'01a0    0x8  Data  Gb  locale.o [3]
std::codecvt<char32_t, char, _Mbstatet>::~codecvt() [deleting]
                         0x800'1d4b    0x4  Code  Gb  locale.o [3]
std::codecvt<wchar_t, char, _Mbstatet>::codecvt(unsigned int)
                         0x800'23e1   0x16  Code  Gb  locale.o [3]
std::codecvt<wchar_t, char, _Mbstatet>::id
                        0x2000'0190    0x8  Data  Gb  locale.o [3]
std::codecvt<wchar_t, char, _Mbstatet>::~codecvt()
                         0x800'2401   0x1c  Code  Gb  locale.o [3]
std::codecvt<wchar_t, char, _Mbstatet>::~codecvt() [deleting]
                         0x800'1d3d    0xa  Code  Gb  locale.o [3]
std::collate<char>::collate(unsigned int)
                         0x800'261d   0x18  Code  Wk  locale.o [3]
std::collate<char>::id  0x2000'0568    0x8  Data  Wk  locale.o [3]
std::collate<char>::~collate() [deleting]
                         0x800'4e2d   0x14  Code  Wk  locale.o [3]
std::collate<wchar_t>::collate(unsigned int)
                         0x800'2635   0x18  Code  Wk  locale.o [3]
std::collate<wchar_t>::id
                        0x2000'0570    0x8  Data  Wk  locale.o [3]
std::collate<wchar_t>::~collate() [deleting]
                         0x800'4e41   0x14  Code  Wk  locale.o [3]
std::cout               0x2000'0390   0x54  Data  Gb  iostream_cout.o [3]
std::ctype<char> const & std::use_facet<std::ctype<char>>(std::locale const &)
                         0x800'4259   0x10  Code  Wk  main.o [1]
std::ctype<char>::classic_table() noexcept::builtin_table
                         0x800'3074  0x400  Data  Lc  locale.o [3]
std::ctype<char>::do_widen(char const *, char const *, char *) const
                         0x800'23a5   0x14  Code  Gb  locale.o [3]
std::ctype<char>::do_widen(char) const
                         0x800'23a1    0x4  Code  Gb  locale.o [3]
std::ctype<char>::id    0x2000'0180    0x8  Data  Gb  locale.o [3]
std::ctype<char>::widen(char const *, char const *, char *) const
                         0x800'360d    0xa  Code  Wk  locale.o [3]
std::ctype<char>::widen(char) const
                         0x800'4269    0xc  Code  Wk  main.o [1]
std::ctype<char>::~ctype()
                         0x800'238b   0x16  Code  Gb  locale.o [3]
std::ctype<char>::~ctype() [deleting]
                         0x800'1d25   0x14  Code  Gb  locale.o [3]
std::ctype<wchar_t>::ctype(unsigned int)
                         0x800'264d   0x18  Code  Wk  locale.o [3]
std::ctype<wchar_t>::id
                        0x2000'0178    0x8  Data  Gb  locale.o [3]
std::ctype<wchar_t>::~ctype() [deleting]
                         0x800'1d11    0x2  Code  Gb  locale.o [3]
std::enable_if<(std::is_move_constructible<std::locale::facet **>::value&&std::is_move_assignable<std::locale::facet **>::value), void>::type std::swap<std::locale::facet **>(std::locale::facet ** &, std::locale::facet ** &)
                         0x800'2c09    0xa  Code  Wk  locale.o [3]
std::ios::fill() const   0x800'4205   0x1a  Code  Wk  ios.instantiations.o [3]
std::ios::widen(char) const
                         0x800'422f   0x28  Code  Wk  main.o [1]
std::ios_base::__call_callbacks(std::ios_base::event)
                         0x800'3acf   0x22  Code  Gb  ios.o [3]
std::ios_base::clear(unsigned int)
                         0x800'3b29   0x16  Code  Gb  ios.o [3]
std::ios_base::getloc() const
                         0x800'3af1    0x6  Code  Gb  ios.o [3]
std::ios_base::init(void *)
                         0x800'3b3f   0x3e  Code  Gb  ios.o [3]
std::ios_base::~ios_base()
                         0x800'3af7   0x32  Code  Gb  ios.o [3]
std::ios_base::~ios_base() [subobject]
                         0x800'3acd    0x2  Code  Gb  ios.o [3]
std::locale::__global()
                         0x800'2261   0x2e  Code  Gb  locale.o [3]
std::locale::__global()::g
                        0x2000'0564    0x4  Data  Lc  locale.o [3]
std::locale::__global()::static guard for g
                        0x2000'055c    0x1  Data  Lc  locale.o [3]
std::locale::__imp::__imp(unsigned int)
                         0x800'1d8f  0x396  Code  Gb  locale.o [3]
std::locale::__imp::has_facet(long) const
                         0x800'29b1   0x1a  Code  Wk  locale.o [3]
std::locale::__imp::install(std::locale::facet *, long)
                         0x800'2195   0x74  Code  Gb  locale.o [3]
std::locale::__imp::make_classic()
                         0x800'2221   0x1a  Code  Gb  locale.o [3]
std::locale::__imp::make_classic()::buf
                        0x2000'02e0    0x4  Data  Lc  locale.o [3]
std::locale::__imp::make_global()::buf
                        0x2000'0560    0x4  Data  Lc  locale.o [3]
std::locale::__imp::use_facet(long) const
                         0x800'2209   0x18  Code  Gb  locale.o [3]
std::locale::__imp::~__imp()
                         0x800'2145   0x4a  Code  Gb  locale.o [3]
std::locale::__imp::~__imp() [deleting]
                         0x800'1cf1   0x14  Code  Gb  locale.o [3]
std::locale::classic()   0x800'223b   0x18  Code  Gb  locale.o [3]
std::locale::classic()::c
                        0x2000'060c    0x4  Data  Lc  locale.o [3]
std::locale::classic()::static guard for c
                        0x2000'0608    0x1  Data  Lc  locale.o [3]
std::locale::facet::__on_zero_shared()
                         0x800'232d    0xa  Code  Gb  locale.o [3]
std::locale::facet::facet(unsigned int) [subobject]
                         0x800'29e9   0x10  Code  Wk  locale.o [3]
std::locale::facet::~facet() [deleting]
                         0x800'1ced    0x4  Code  Gb  locale.o [3]
std::locale::id::__get()
                         0x800'2337   0x3c  Code  Gb  locale.o [3]
std::locale::id::__init()
                         0x800'237d    0xe  Code  Gb  locale.o [3]
std::locale::id::__next_id
                        0x2000'0618    0x4  Data  Gb  locale.o [3]
std::locale::locale()    0x800'22c9    0x8  Code  Gb  locale.o [3]
std::locale::locale(const std::locale&)
                         0x800'22ed    0x2  Code  Gb  locale.o [3]
std::locale::use_facet(std::locale::id &) const
                         0x800'2319   0x14  Code  Gb  locale.o [3]
std::locale::~locale()   0x800'2307    0x2  Code  Gb  locale.o [3]
std::map<_Locale_Profile_t const *, int, std::less<_Locale_Profile_t const *>, std::allocator<std::pair<_Locale_Profile_t const *const , int>>>::~map()
                         0x800'4feb    0xe  Code  Wk  iar_newlocale.o [3]
std::messages<char>::id
                        0x2000'05f8    0x8  Data  Wk  locale.o [3]
std::messages<char>::messages(unsigned int)
                         0x800'2865   0x18  Code  Wk  locale.o [3]
std::messages<char>::~messages() [deleting]
                         0x800'4f95   0x14  Code  Wk  locale.o [3]
std::messages<wchar_t>::id
                        0x2000'0600    0x8  Data  Wk  locale.o [3]
std::messages<wchar_t>::messages(unsigned int)
                         0x800'287d   0x18  Code  Wk  locale.o [3]
std::messages<wchar_t>::~messages() [deleting]
                         0x800'4fa9   0x14  Code  Wk  locale.o [3]
std::money_get<char, std::istreambuf_iterator<char, std::char_traits<char>>>::id
                        0x2000'05d8    0x8  Data  Wk  locale.o [3]
std::money_get<char, std::istreambuf_iterator<char, std::char_traits<char>>>::money_get(unsigned int)
                         0x800'276d   0x18  Code  Wk  locale.o [3]
std::money_get<char, std::istreambuf_iterator<char, std::char_traits<char>>>::~money_get() [deleting]
                         0x800'4f45   0x14  Code  Wk  locale.o [3]
std::money_get<wchar_t, std::istreambuf_iterator<wchar_t, std::char_traits<wchar_t>>>::id
                        0x2000'05e0    0x8  Data  Wk  locale.o [3]
std::money_get<wchar_t, std::istreambuf_iterator<wchar_t, std::char_traits<wchar_t>>>::money_get(unsigned int)
                         0x800'2785   0x18  Code  Wk  locale.o [3]
std::money_get<wchar_t, std::istreambuf_iterator<wchar_t, std::char_traits<wchar_t>>>::~money_get() [deleting]
                         0x800'4f59   0x14  Code  Wk  locale.o [3]
std::money_put<char, std::ostreambuf_iterator<char, std::char_traits<char>>>::id
                        0x2000'05e8    0x8  Data  Wk  locale.o [3]
std::money_put<char, std::ostreambuf_iterator<char, std::char_traits<char>>>::money_put(unsigned int)
                         0x800'279d   0x18  Code  Wk  locale.o [3]
std::money_put<char, std::ostreambuf_iterator<char, std::char_traits<char>>>::~money_put() [deleting]
                         0x800'4f6d   0x14  Code  Wk  locale.o [3]
std::money_put<wchar_t, std::ostreambuf_iterator<wchar_t, std::char_traits<wchar_t>>>::id
                        0x2000'05f0    0x8  Data  Wk  locale.o [3]
std::money_put<wchar_t, std::ostreambuf_iterator<wchar_t, std::char_traits<wchar_t>>>::money_put(unsigned int)
                         0x800'27b5   0x18  Code  Wk  locale.o [3]
std::money_put<wchar_t, std::ostreambuf_iterator<wchar_t, std::char_traits<wchar_t>>>::~money_put() [deleting]
                         0x800'4f81   0x14  Code  Wk  locale.o [3]
std::moneypunct<char, (bool)0>::id
                        0x2000'05b8    0x8  Data  Wk  locale.o [3]
std::moneypunct<char, (bool)0>::moneypunct(unsigned int)
                         0x800'270d   0x18  Code  Wk  locale.o [3]
std::moneypunct<char, (bool)0>::~moneypunct() [deleting]
                         0x800'4ef5   0x14  Code  Wk  locale.o [3]
std::moneypunct<char, (bool)1>::id
                        0x2000'05c0    0x8  Data  Wk  locale.o [3]
std::moneypunct<char, (bool)1>::moneypunct(unsigned int)
                         0x800'2725   0x18  Code  Wk  locale.o [3]
std::moneypunct<char, (bool)1>::~moneypunct() [deleting]
                         0x800'4f09   0x14  Code  Wk  locale.o [3]
std::moneypunct<wchar_t, (bool)0>::id
                        0x2000'05c8    0x8  Data  Wk  locale.o [3]
std::moneypunct<wchar_t, (bool)0>::moneypunct(unsigned int)
                         0x800'273d   0x18  Code  Wk  locale.o [3]
std::moneypunct<wchar_t, (bool)0>::~moneypunct() [deleting]
                         0x800'4f1d   0x14  Code  Wk  locale.o [3]
std::moneypunct<wchar_t, (bool)1>::id
                        0x2000'05d0    0x8  Data  Wk  locale.o [3]
std::moneypunct<wchar_t, (bool)1>::moneypunct(unsigned int)
                         0x800'2755   0x18  Code  Wk  locale.o [3]
std::moneypunct<wchar_t, (bool)1>::~moneypunct() [deleting]
                         0x800'4f31   0x14  Code  Wk  locale.o [3]
std::num_get<char, std::istreambuf_iterator<char, std::char_traits<char>>>::id
                        0x2000'0578    0x8  Data  Wk  locale.o [3]
std::num_get<char, std::istreambuf_iterator<char, std::char_traits<char>>>::num_get(unsigned int)
                         0x800'26ad   0x18  Code  Wk  locale.o [3]
std::num_get<char, std::istreambuf_iterator<char, std::char_traits<char>>>::~num_get() [deleting]
                         0x800'4e55   0x14  Code  Wk  locale.o [3]
std::num_get<wchar_t, std::istreambuf_iterator<wchar_t, std::char_traits<wchar_t>>>::id
                        0x2000'0580    0x8  Data  Wk  locale.o [3]
std::num_get<wchar_t, std::istreambuf_iterator<wchar_t, std::char_traits<wchar_t>>>::num_get(unsigned int)
                         0x800'26c5   0x18  Code  Wk  locale.o [3]
std::num_get<wchar_t, std::istreambuf_iterator<wchar_t, std::char_traits<wchar_t>>>::~num_get() [deleting]
                         0x800'4e69   0x14  Code  Wk  locale.o [3]
std::num_put<char, std::ostreambuf_iterator<char, std::char_traits<char>>>::do_put(std::ostreambuf_iterator<char, std::char_traits<char>>, std::ios_base &, char, long) const
                         0x800'4061   0x90  Code  Wk  locale.o [3]
std::num_put<char, std::ostreambuf_iterator<char, std::char_traits<char>>>::do_put(std::ostreambuf_iterator<char, std::char_traits<char>>, std::ios_base &, char, long) const::string
                         0x800'10e2    0x2  Data  Wk  locale.o [3]
std::num_put<char, std::ostreambuf_iterator<char, std::char_traits<char>>>::id
                        0x2000'0588    0x8  Data  Wk  locale.o [3]
std::num_put<char, std::ostreambuf_iterator<char, std::char_traits<char>>>::num_put(unsigned int)
                         0x800'26dd   0x18  Code  Wk  locale.o [3]
std::num_put<char, std::ostreambuf_iterator<char, std::char_traits<char>>>::put(std::ostreambuf_iterator<char, std::char_traits<char>>, std::ios_base &, char, long) const
                         0x800'421f   0x10  Code  Wk  locale.o [3]
std::num_put<char, std::ostreambuf_iterator<char, std::char_traits<char>>>::~num_put() [deleting]
                         0x800'4e7d   0x14  Code  Wk  locale.o [3]
std::num_put<wchar_t, std::ostreambuf_iterator<wchar_t, std::char_traits<wchar_t>>>::id
                        0x2000'0590    0x8  Data  Wk  locale.o [3]
std::num_put<wchar_t, std::ostreambuf_iterator<wchar_t, std::char_traits<wchar_t>>>::num_put(unsigned int)
                         0x800'26f5   0x18  Code  Wk  locale.o [3]
std::num_put<wchar_t, std::ostreambuf_iterator<wchar_t, std::char_traits<wchar_t>>>::~num_put() [deleting]
                         0x800'4e91   0x14  Code  Wk  locale.o [3]
std::numpunct<char>::do_grouping() const
                         0x800'2497    0x6  Code  Gb  locale.o [3]
std::numpunct<char>::do_thousands_sep() const
                         0x800'2493    0x4  Code  Gb  locale.o [3]
std::numpunct<char>::id
                        0x2000'01a8    0x8  Data  Gb  locale.o [3]
std::numpunct<char>::numpunct(unsigned int)
                         0x800'2429   0x1c  Code  Gb  locale.o [3]
std::numpunct<char>::~numpunct()
                         0x800'2467   0x10  Code  Gb  locale.o [3]
std::numpunct<char>::~numpunct() [deleting]
                         0x800'1d4f    0x4  Code  Gb  locale.o [3]
std::numpunct<wchar_t>::id
                        0x2000'01b0    0x8  Data  Gb  locale.o [3]
std::numpunct<wchar_t>::numpunct(unsigned int)
                         0x800'2445   0x1a  Code  Gb  locale.o [3]
std::numpunct<wchar_t>::~numpunct()
                         0x800'2477    0xe  Code  Gb  locale.o [3]
std::numpunct<wchar_t>::~numpunct() [deleting]
                         0x800'1d53    0x4  Code  Gb  locale.o [3]
std::ostream & std::endl<char, std::char_traits<char>>(std::ostream &)
                         0x800'4a49   0x2e  Code  Wk  main.o [1]
std::ostream::flush()    0x800'3db7   0x54  Code  Wk  ios.instantiations.o [3]
std::ostream::operator <<(int)
                         0x800'417d   0x88  Code  Wk  ios.instantiations.o [3]
std::ostream::operator <<(std::ostream&(*)(std::ostream&))
                         0x800'4bad    0x6  Code  Wk  main.o [1]
std::ostream::put(char)
                         0x800'431f   0x68  Code  Wk  ios.instantiations.o [3]
std::ostream::sentry::sentry(std::ostream&)
                         0x800'3e0f   0x42  Code  Wk  ios.instantiations.o [3]
std::ostream::sentry::~sentry()
                         0x800'3e51   0x94  Code  Wk  ios.instantiations.o [3]
std::ostream::~basic_ostream()
                         0x800'4fdd    0xe  Code  Wk  ios.instantiations.o [3]
std::ostreambuf_iterator<char, std::char_traits<char>> std::__pad_and_output<char, std::char_traits<char>>(std::ostreambuf_iterator<char, std::char_traits<char>>, char const *, char const *, char const *, std::ios_base &, char)
                         0x800'3f0d   0x92  Code  Wk  locale.o [3]
std::streambuf::basic_streambuf()
                         0x800'3ee5   0x24  Code  Wk  ios.instantiations.o [3]
std::streambuf::basic_streambuf() [subobject]
                         0x800'3e0b    0x4  Code  Wk  ios.instantiations.o [3]
std::streambuf::overflow(int)
                         0x800'100f    0x6  Code  Wk  ios.instantiations.o [3]
std::streambuf::sputc(char)
                         0x800'4387   0x20  Code  Wk  ios.instantiations.o [3]
std::streambuf::sputn(char const *, int)
                         0x800'3f9f    0xa  Code  Wk  locale.o [3]
std::streambuf::sync()   0x800'501d    0x4  Code  Wk  ios.instantiations.o [3]
std::streambuf::xsputn(char const *, int)
                         0x800'43a7   0x60  Code  Wk  ios.instantiations.o [3]
std::streambuf::~basic_streambuf() [subobject]
                         0x800'4ded   0x18  Code  Wk  ios.instantiations.o [3]
std::string::__get_pointer()
                         0x800'3617    0xa  Code  Wk  locale.o [3]
std::string::__init_copy_ctor_external(char const *, unsigned int)
                         0x800'2e35   0x3e  Code  Wk  string.o [3]
std::string::__zero()    0x800'2ac5    0xa  Code  Wk  locale.o [3]
std::string::basic_string(const std::string&)
                         0x800'2acf   0x32  Code  Wk  locale.o [3]
std::string::basic_string(unsigned int, char)
                         0x800'3fa9   0x50  Code  Wk  locale.o [3]
std::string::basic_string<std::nullptr_t>(char const *)
                         0x800'25a3   0x58  Code  Wk  locale.o [3]
std::string::size() const
                         0x800'35e9    0xc  Code  Wk  locale.o [3]
std::string::~basic_string()
                         0x800'2895   0x1a  Code  Wk  locale.o [3]
std::time_get<char, std::istreambuf_iterator<char, std::char_traits<char>>>::id
                        0x2000'0598    0x8  Data  Wk  locale.o [3]
std::time_get<char, std::istreambuf_iterator<char, std::char_traits<char>>>::time_get(unsigned int)
                         0x800'27cd   0x28  Code  Wk  locale.o [3]
std::time_get<char, std::istreambuf_iterator<char, std::char_traits<char>>>::~time_get() [deleting]
                         0x800'4ea5   0x14  Code  Wk  locale.o [3]
std::time_get<wchar_t, std::istreambuf_iterator<wchar_t, std::char_traits<wchar_t>>>::id
                        0x2000'05a0    0x8  Data  Wk  locale.o [3]
std::time_get<wchar_t, std::istreambuf_iterator<wchar_t, std::char_traits<wchar_t>>>::time_get(unsigned int)
                         0x800'27f5   0x28  Code  Wk  locale.o [3]
std::time_get<wchar_t, std::istreambuf_iterator<wchar_t, std::char_traits<wchar_t>>>::~time_get() [deleting]
                         0x800'4eb9   0x14  Code  Wk  locale.o [3]
std::time_put<char, std::ostreambuf_iterator<char, std::char_traits<char>>>::id
                        0x2000'05a8    0x8  Data  Wk  locale.o [3]
std::time_put<char, std::ostreambuf_iterator<char, std::char_traits<char>>>::time_put(unsigned int)
                         0x800'281d   0x24  Code  Wk  locale.o [3]
std::time_put<char, std::ostreambuf_iterator<char, std::char_traits<char>>>::~time_put()
                         0x800'4c9d   0x1e  Code  Wk  locale.o [3]
std::time_put<char, std::ostreambuf_iterator<char, std::char_traits<char>>>::~time_put() [deleting]
                         0x800'4ecd   0x14  Code  Wk  locale.o [3]
std::time_put<wchar_t, std::ostreambuf_iterator<wchar_t, std::char_traits<wchar_t>>>::id
                        0x2000'05b0    0x8  Data  Wk  locale.o [3]
std::time_put<wchar_t, std::ostreambuf_iterator<wchar_t, std::char_traits<wchar_t>>>::time_put(unsigned int)
                         0x800'2841   0x24  Code  Wk  locale.o [3]
std::time_put<wchar_t, std::ostreambuf_iterator<wchar_t, std::char_traits<wchar_t>>>::~time_put()
                         0x800'4cbb   0x1e  Code  Wk  locale.o [3]
std::time_put<wchar_t, std::ostreambuf_iterator<wchar_t, std::char_traits<wchar_t>>>::~time_put() [deleting]
                         0x800'4ee1   0x14  Code  Wk  locale.o [3]
std::unique_ptr<std::locale::facet, std::<unnamed>::release>::~unique_ptr()
                         0x800'1d7b   0x14  Code  Lc  locale.o [3]
std::vector<std::locale::facet *, std::__sso_allocator<std::locale::facet *, (unsigned int)30>>::__annotate_delete() const
                         0x800'28af    0x4  Code  Wk  locale.o [3]
std::vector<std::locale::facet *, std::__sso_allocator<std::locale::facet *, (unsigned int)30>>::__append(unsigned int)
                         0x800'28e9   0xac  Code  Wk  locale.o [3]
std::vector<std::locale::facet *, std::__sso_allocator<std::locale::facet *, (unsigned int)30>>::__construct_at_end(unsigned int)
                         0x800'2b35   0x20  Code  Wk  locale.o [3]
std::vector<std::locale::facet *, std::__sso_allocator<std::locale::facet *, (unsigned int)30>>::__destruct_at_end(std::locale::facet **)
                         0x800'2995   0x1c  Code  Wk  locale.o [3]
std::vector<std::locale::facet *, std::__sso_allocator<std::locale::facet *, (unsigned int)30>>::__recommend(unsigned int) const
                         0x800'2b9f   0x3e  Code  Wk  locale.o [3]
std::vector<std::locale::facet *, std::__sso_allocator<std::locale::facet *, (unsigned int)30>>::__vallocate(unsigned int)
                         0x800'2b0b   0x2a  Code  Wk  locale.o [3]
std::vector<std::locale::facet *, std::__sso_allocator<std::locale::facet *, (unsigned int)30>>::clear()
                         0x800'25fb   0x22  Code  Wk  locale.o [3]
std::vector<std::locale::facet *, std::__sso_allocator<std::locale::facet *, (unsigned int)30>>::max_size() const
                         0x800'2e77    0x6  Code  Wk  locale.o [3]
std::vector<std::locale::facet *, std::__sso_allocator<std::locale::facet *, (unsigned int)30>>::size() const
                         0x800'28dd    0xc  Code  Wk  locale.o [3]
std::vector<std::locale::facet *, std::__sso_allocator<std::locale::facet *, (unsigned int)30>>::vector(unsigned int)
                         0x800'257d   0x26  Code  Wk  locale.o [3]
strchr                   0x800'0f69         Code  Gb  strchr.o [6]
strlen                   0x800'0fd9         Code  Gb  strlen.o [6]
unsigned int const & std::max<unsigned int>(unsigned int const &, unsigned int const &)
                         0x800'2fed    0xc  Code  Wk  locale.o [3]
void std::__call_once_proxy<std::tuple<std::<unnamed>::__fake_bind &&>>(void *)
                         0x800'4da1   0x1c  Code  Wk  locale.o [3]
void std::__tree_left_rotate<std::__tree_node_base<void *> *>(std::__tree_node_base<void *> *)
                         0x800'2ff9   0x20  Code  Wk  iar_newlocale.o [3]
void std::__tree_remove<std::__tree_node_base<void *> *>(std::__tree_node_base<void *> *, std::__tree_node_base<void *> *)
                         0x800'2c89  0x1a0  Code  Wk  iar_newlocale.o [3]
void std::__tree_right_rotate<std::__tree_node_base<void *> *>(std::__tree_node_base<void *> *)
                         0x800'3019   0x20  Code  Wk  iar_newlocale.o [3]
void std::reverse<char *>(char *, char *)
                         0x800'35f5   0x18  Code  Wk  locale.o [3]
vsnprintf                0x800'2c4d   0x3c  Code  Gb  vsnprint.o [2]


[1] = R:\POIP\POIP\MyFirstProjct\Debug\Obj
[2] = dl7M_tlf.a
[3] = dllibcpp7M_tls_fc.a
[4] = dlpprt7M_tl_fc.a
[5] = m7M_tls.a
[6] = rt7M_tl.a
[7] = shb_l.a

  17'666 bytes of readonly  code memory
   2'959 bytes of readonly  data memory
  18'416 bytes of readwrite data memory

Errors: none
Warnings: none
