###############################################################################
#
# IAR ELF Linker V9.30.1.335/W64 for ARM                  11/Mar/2023  18:25:00
# Copyright 2007-2022 IAR Systems AB.
#
#    Output file  =  R:\POIP\POIP\POIP2\Rabots\Rabota_2\Debug\Exe\Rabota_2.out
#    Map file     =  R:\POIP\POIP\POIP2\Rabots\Rabota_2\Debug\List\Rabota_2.map
#    Command line =
#        -f R:\POIP\POIP\POIP2\Rabots\Rabota_2\Debug\Exe\Rabota_2.out.rsp
#        (R:\POIP\POIP\POIP2\Rabots\Rabota_2\Debug\Obj\Modes\AllMode\AllMode.o
#        R:\POIP\POIP\POIP2\Rabots\Rabota_2\Debug\Obj\Components\Button\Button.o
#        R:\POIP\POIP\POIP2\Rabots\Rabota_2\Debug\Obj\Modes\ChessMode\ChessMode.o
#        R:\POIP\POIP\POIP2\Rabots\Rabota_2\Debug\Obj\Components\LED\LED.o
#        R:\POIP\POIP\POIP2\Rabots\Rabota_2\Debug\Obj\main.o
#        R:\POIP\POIP\POIP2\Rabots\Rabota_2\Debug\Obj\Modes\SlideMode\SlideMode.o
#        R:\POIP\POIP\POIP2\Rabots\Rabota_2\Debug\Obj\StartUp.o
#        R:\POIP\POIP\POIP2\Rabots\Rabota_2\Debug\Obj\Modes\TreeMode\TreeMode.o
#        --no_out_extension -o
#        R:\POIP\POIP\POIP2\Rabots\Rabota_2\Debug\Exe\Rabota_2.out --redirect
#        _Printf=_PrintfFullNoMb --redirect _Scanf=_ScanfFullNoMb --map
#        R:\POIP\POIP\POIP2\Rabots\Rabota_2\Debug\List\Rabota_2.map --config
#        R:\Program\IAR\arm/config/linker/ST/stm32f411xC.icf --semihosting
#        --entry __iar_program_start --vfe --text_out locale --cpu=Cortex-M4
#        --fpu=VFPv4_sp)
#
###############################################################################

*******************************************************************************
*** RUNTIME MODEL ATTRIBUTES
***

CppFlavor                     = *
__CPP_Exceptions              = Disabled
__CPP_Language                = C++14
__CPP_Library                 = libc++
__CPP_Runtime                 = 1
__Heap_Handler                = Basic
__SystemLibrary               = DLib
__dlib_dynamic_initialization = normal
__dlib_version                = 6


*******************************************************************************
*** HEAP SELECTION
***

The basic heap was selected because --advanced_heap
was not specified and the application did not appear to
be primarily optimized for speed.


*******************************************************************************
*** PLACEMENT SUMMARY
***

"A0":  place at address 0x800'0000 { ro section .intvec };
"P1":  place in [from 0x800'0000 to 0x803'ffff] { ro };
define block CSTACK with size = 8K, alignment = 8 { };
define block HEAP with size = 8K, alignment = 8 { };
"P2":  place in [from 0x2000'0000 to 0x2001'ffff] {
          rw, block CSTACK, block HEAP };
initialize by copy { rw };

  Section                Kind         Address    Size  Object
  -------                ----         -------    ----  ------
"A0":                                           0x11c
  .intvec                const     0x800'0000   0x11c  StartUp.o [1]
                                 - 0x800'011c   0x11c

"P1":                                           0x978
  .text                  ro code   0x800'011c   0x110  main.o [1]
  .text                  ro code   0x800'022c    0x3c  LED.o [3]
  .text                  ro code   0x800'0268    0x90  Button.o [2]
  .text                  ro code   0x800'02f8    0x18  AllMode.o [4]
  .text                  ro code   0x800'0310    0x46  ChessMode.o [5]
  .text                  ro code   0x800'0356    0x2a  copy_init3.o [11]
  .text                  ro code   0x800'0380    0x50  TreeMode.o [7]
  .text                  ro code   0x800'03d0    0x9e  SlideMode.o [6]
  .text                  ro code   0x800'046e     0x2  StartUp.o [1]
  .text                  ro code   0x800'0470    0x20  main.o [1]
  .text                  ro code   0x800'0490     0xc  main.o [1]
  .text                  ro code   0x800'049c     0xc  main.o [1]
  .text                  ro code   0x800'04a8    0x10  main.o [1]
  .text                  ro code   0x800'04b8    0x14  main.o [1]
  .text                  ro code   0x800'04cc    0x14  main.o [1]
  .text                  ro code   0x800'04e0     0xc  main.o [1]
  .text                  ro code   0x800'04ec     0xc  main.o [1]
  .text                  ro code   0x800'04f8    0x14  main.o [1]
  .text                  ro code   0x800'050c    0x14  main.o [1]
  .text                  ro code   0x800'0520    0x14  main.o [1]
  .text                  ro code   0x800'0534    0x14  main.o [1]
  .text                  ro code   0x800'0548    0x14  main.o [1]
  .text                  ro code   0x800'055c    0x14  main.o [1]
  .text                  ro code   0x800'0570    0x14  main.o [1]
  .text                  ro code   0x800'0584     0x8  LED.o [3]
  .text                  ro code   0x800'058c     0x8  Button.o [2]
  .text                  ro code   0x800'0594     0x8  Button.o [2]
  .text                  ro code   0x800'059c     0x6  Button.o [2]
  .text                  ro code   0x800'05a2     0x6  Button.o [2]
  .text                  ro code   0x800'05a8     0x8  AllMode.o [4]
  .text                  ro code   0x800'05b0     0x6  ChessMode.o [5]
  .text                  ro code   0x800'05b6     0x8  ChessMode.o [5]
  .text                  ro code   0x800'05be    0x2a  AllMode.o [4]
  .text                  ro code   0x800'05e8     0x8  main.o [1]
  .text                  ro code   0x800'05f0     0x6  main.o [1]
  .text                  ro code   0x800'05f6     0x2  LED.o [3]
  .text                  ro code   0x800'05f8     0x2  Button.o [2]
  .text                  ro code   0x800'05fa     0x2  Button.o [2]
  .text                  ro code   0x800'05fc     0xc  AllMode.o [4]
  .text                  ro code   0x800'0608     0x4  ChessMode.o [5]
  .text                  ro code   0x800'060c     0x8  AllMode.o [4]
  .text                  ro code   0x800'0614     0xa  AllMode.o [4]
  .text                  ro code   0x800'061e     0x2  main.o [1]
  .text                  ro code   0x800'0620     0x2  AllMode.o [4]
  .text                  ro code   0x800'0622    0x38  zero_init3.o [11]
  .text                  ro code   0x800'065a    0x30  main.o [1]
  .text                  ro code   0x800'068a     0x4  main.o [1]
  .text                  ro code   0x800'068e    0x2a  AllMode.o [4]
  .text                  ro code   0x800'06b8    0x28  data_init.o [11]
  .rodata                const     0x800'06e0    0x24  Button.o [2]
  .text                  ro code   0x800'0704    0x22  fpinit_M.o [10]
  .iar.init_table        const     0x800'0728    0x28  - Linker created -
  .text                  ro code   0x800'0750     0x2  StartUp.o [1]
  .rodata                const     0x800'0754    0x20  main.o [1]
  .rodata                const     0x800'0774    0x20  main.o [1]
  .rodata                const     0x800'0794    0x20  main.o [1]
  .rodata                const     0x800'07b4    0x20  main.o [1]
  .rodata                const     0x800'07d4    0x20  main.o [1]
  .text                  ro code   0x800'07f4    0x20  cmain_call_ctors.o [11]
  .text                  ro code   0x800'0814    0x18  cppinit.o [8]
  Initializer bytes      const     0x800'082c    0x20  <for P2-1>
  .text                  ro code   0x800'084c    0x1e  cmain.o [11]
  .text                  ro code   0x800'086a     0x4  low_level_init.o [8]
  .text                  ro code   0x800'086e     0x4  exit.o [8]
  .text                  ro code   0x800'0872     0x2  StartUp.o [1]
  .text                  ro code   0x800'0874     0xa  cexit.o [11]
  .rodata                const     0x800'087e     0x1  unwind_debug.o [12]
  .text                  ro code   0x800'0880    0x14  exit.o [12]
  .text                  ro code   0x800'0894    0x1c  StartUp.o [1]
  .text                  ro code   0x800'08b0    0x10  StartUp.o [1]
  .rodata                const     0x800'08c0    0x10  AllMode.o [4]
  .rodata                const     0x800'08d0    0x10  AllMode.o [4]
  .rodata                const     0x800'08e0    0x10  ChessMode.o [5]
  .rodata                const     0x800'08f0    0x10  LED.o [3]
  .rodata                const     0x800'0900    0x10  SlideMode.o [6]
  .rodata                const     0x800'0910    0x10  TreeMode.o [7]
  .text                  ro code   0x800'0920    0x10  main.o [1]
  .text                  ro code   0x800'0930    0x10  main.o [1]
  .text                  ro code   0x800'0940     0xc  main.o [1]
  .text                  ro code   0x800'094c     0xc  main.o [1]
  .text                  ro code   0x800'0958    0x10  main.o [1]
  .text                  ro code   0x800'0968    0x10  main.o [1]
  .text                  ro code   0x800'0978    0x10  main.o [1]
  .text                  ro code   0x800'0988    0x10  main.o [1]
  .text                  ro code   0x800'0998    0x10  StartUp.o [1]
  .text                  ro code   0x800'09a8     0xe  main.o [1]
  .text                  ro code   0x800'09b8     0xc  main.o [1]
  .text                  ro code   0x800'09c4     0xe  main.o [1]
  .text                  ro code   0x800'09d2     0xe  main.o [1]
  .text                  ro code   0x800'09e0     0xe  main.o [1]
  .text                  ro code   0x800'09ee     0xe  main.o [1]
  .rodata                const     0x800'09fc     0xc  main.o [1]
  .text                  ro code   0x800'0a08     0xc  main.o [1]
  .text                  ro code   0x800'0a14     0xc  main.o [1]
  .text                  ro code   0x800'0a20     0xc  main.o [1]
  .text                  ro code   0x800'0a2c     0xa  main.o [1]
  .text                  ro code   0x800'0a36     0xa  main.o [1]
  .rodata                const     0x800'0a40     0x8  main.o [1]
  .rodata                const     0x800'0a48     0x8  main.o [1]
  .rodata                const     0x800'0a50     0x8  main.o [1]
  .rodata                const     0x800'0a58     0x8  main.o [1]
  .rodata                const     0x800'0a60     0x8  main.o [1]
  .text                  ro code   0x800'0a68     0x8  main.o [1]
  .text                  ro code   0x800'0a70     0x6  main.o [1]
  .text                  ro code   0x800'0a76     0x6  main.o [1]
  .text                  ro code   0x800'0a7c     0x6  main.o [1]
  .text                  ro code   0x800'0a82     0x6  main.o [1]
  .text                  ro code   0x800'0a88     0x6  main.o [1]
  SHT$$PREINIT_ARRAY               0x800'0a90     0x0  <Block>
  SHT$$INIT_ARRAY                  0x800'0a90     0x4  <Block>
    .init_array          const     0x800'0a90     0x4  main.o [1]
  __iar_tls$$INIT_ARRAY            0x800'0a94     0x0  <Block>
  .rodata                const     0x800'0a94     0x0  zero_init3.o [11]
  .rodata                const     0x800'0a94     0x0  copy_init3.o [11]
                                 - 0x800'0a94   0x978

"P2", part 1 of 3:                               0x20
  P2-1                            0x2000'0000    0x20  <Init block>
    .data                inited   0x2000'0000    0x10  main.o [1]
    .data                inited   0x2000'0010    0x10  main.o [1]
                                - 0x2000'0020    0x20

"P2", part 2 of 3:                               0x7c
  .bss                   zero     0x2000'0020    0x20  main.o [1]
  .bss                   zero     0x2000'0040    0x10  main.o [1]
  .bss                   zero     0x2000'0050     0xc  main.o [1]
  .bss                   zero     0x2000'005c     0xc  main.o [1]
  .bss                   zero     0x2000'0068     0x8  main.o [1]
  .bss                   zero     0x2000'0070     0x8  main.o [1]
  .bss                   zero     0x2000'0078     0x8  main.o [1]
  .bss                   zero     0x2000'0080     0x8  main.o [1]
  .bss                   zero     0x2000'0088     0x8  main.o [1]
  .bss                   zero     0x2000'0090     0x8  main.o [1]
  .bss                   zero     0x2000'0098     0x4  main.o [1]
                                - 0x2000'009c    0x7c

"P2", part 3 of 3:                             0x2000
  CSTACK                          0x2000'00a0  0x2000  <Block>
    CSTACK               uninit   0x2000'00a0  0x2000  <Block tail>
                                - 0x2000'20a0  0x2000

Unused ranges:

         From           To      Size
         ----           --      ----
   0x800'0a94   0x803'ffff  0x3'f56c
  0x2000'009c  0x2000'009f       0x4
  0x2000'20a0  0x2001'ffff  0x1'df60


*******************************************************************************
*** INIT TABLE
***

          Address      Size
          -------      ----
Zero (__iar_zero_init3)
    1 destination range, total size 0x7c:
          0x2000'0020  0x7c

Copy (__iar_copy_init3)
    1 source range, total size 0x20:
           0x800'082c  0x20
    1 destination range, total size 0x20:
          0x2000'0000  0x20

Extra (__iar_cstart_call_ctors)



*******************************************************************************
*** MODULE SUMMARY
***

    Module              ro code  ro data  rw data
    ------              -------  -------  -------
command line/config:
    ---------------------------------------------
    Total:

R:\POIP\POIP\POIP2\Rabots\Rabota_2\Debug\Obj: [1]
    StartUp.o                66      284
    main.o                  912      248      156
    ---------------------------------------------
    Total:                  978      532      156

R:\POIP\POIP\POIP2\Rabots\Rabota_2\Debug\Obj\Components\Button: [2]
    Button.o                176       36
    ---------------------------------------------
    Total:                  176       36

R:\POIP\POIP\POIP2\Rabots\Rabota_2\Debug\Obj\Components\LED: [3]
    LED.o                    70       16
    ---------------------------------------------
    Total:                   70       16

R:\POIP\POIP\POIP2\Rabots\Rabota_2\Debug\Obj\Modes\AllMode: [4]
    AllMode.o               148       32
    ---------------------------------------------
    Total:                  148       32

R:\POIP\POIP\POIP2\Rabots\Rabota_2\Debug\Obj\Modes\ChessMode: [5]
    ChessMode.o              88       16
    ---------------------------------------------
    Total:                   88       16

R:\POIP\POIP\POIP2\Rabots\Rabota_2\Debug\Obj\Modes\SlideMode: [6]
    SlideMode.o             158       16
    ---------------------------------------------
    Total:                  158       16

R:\POIP\POIP\POIP2\Rabots\Rabota_2\Debug\Obj\Modes\TreeMode: [7]
    TreeMode.o               80       16
    ---------------------------------------------
    Total:                   80       16

dl7M_tlf.a: [8]
    cppinit.o                24
    exit.o                    4
    low_level_init.o          4
    ---------------------------------------------
    Total:                   32

dlpprt7M_tl_fc.a: [9]
    ---------------------------------------------
    Total:

m7M_tls.a: [10]
    fpinit_M.o               34
    ---------------------------------------------
    Total:                   34

rt7M_tl.a: [11]
    cexit.o                  10
    cmain.o                  30
    cmain_call_ctors.o       32
    copy_init3.o             42
    data_init.o              40
    zero_init3.o             56
    ---------------------------------------------
    Total:                  210

shb_l.a: [12]
    exit.o                   20
    unwind_debug.o                     1
    ---------------------------------------------
    Total:                   20        1

    Gaps                      3        4
    Linker created                    40    8'192
-------------------------------------------------
    Grand Total:          1'997      709    8'348


*******************************************************************************
*** ENTRY LIST
***

Entry                       Address   Size  Type      Object
-----                       -------   ----  ----      ------
.iar.init_table$$Base    0x800'0728          --   Gb  - Linker created -
.iar.init_table$$Limit   0x800'0750          --   Gb  - Linker created -
?main                    0x800'084d         Code  Gb  cmain.o [11]
AllMode::AllMode(std::array<ILed *, (unsigned int)4> const &)
                         0x800'02f9   0x12  Code  Gb  AllMode.o [4]
Button::AddObserver(IButtonObserver &)
                         0x800'02e3   0x16  Code  Gb  Button.o [2]
Button::Button(IPinReadable const &)
                         0x800'0269   0x2a  Code  Gb  Button.o [2]
Button::IsPressed() const
                         0x800'0299   0x4a  Code  Gb  Button.o [2]
CSTACK$$Base            0x2000'00a0          --   Gb  - Linker created -
CSTACK$$Limit           0x2000'20a0          --   Gb  - Linker created -
ChessMode::ChessMode(std::array<ILed *, (unsigned int)4> const &)
                         0x800'0311   0x18  Code  Gb  ChessMode.o [5]
ChessMode::Clear()       0x800'032d   0x2a  Code  Gb  ChessMode.o [5]
Delay(unsigned int)      0x800'0173   0x16  Code  Gb  main.o [1]
Garland::Garland(std::array<IMode *, (unsigned int)4> const &)
                         0x800'0471   0x20  Code  Wk  main.o [1]
Garland::OnButtonPress()
                         0x800'0a69    0x8  Code  Wk  main.o [1]
Garland::SwitchNextMode()
                         0x800'065b   0x30  Code  Wk  main.o [1]
Garland::UpdateCurrentMode() const
                         0x800'0571   0x14  Code  Wk  main.o [1]
IButton::IButton()       0x800'05f9    0x2  Code  Wk  Button.o [2]
IButton::IButton() [subobject]
                         0x800'058d    0x8  Code  Wk  Button.o [2]
IButtonObserver::IButtonObserver()
                         0x800'061f    0x2  Code  Wk  main.o [1]
IButtonObserver::IButtonObserver() [subobject]
                         0x800'05e9    0x8  Code  Wk  main.o [1]
ILed::ILed()             0x800'05f7    0x2  Code  Wk  LED.o [3]
ILed::ILed() [subobject]
                         0x800'0585    0x8  Code  Wk  LED.o [3]
IMode::Clear()           0x800'05bf   0x2a  Code  Wk  AllMode.o [4]
IMode::IMode(std::array<ILed *, (unsigned int)4> const &)
                         0x800'05fd    0xc  Code  Wk  AllMode.o [4]
IMode::IMode(std::array<ILed *, (unsigned int)4> const &) [subobject]
                         0x800'05a9    0x8  Code  Wk  AllMode.o [4]
IMode::Update()          0x800'068f   0x2a  Code  Wk  AllMode.o [4]
IObservable::IObservable()
                         0x800'05fb    0x2  Code  Wk  Button.o [2]
IObservable::IObservable() [subobject]
                         0x800'0595    0x8  Code  Wk  Button.o [2]
InterruptHandler::DummyHandler()
                         0x800'046f    0x2  Code  Wk  StartUp.o [1]
InterruptHandler::Timer2Handler()
                         0x800'0873    0x2  Code  Wk  StartUp.o [1]
InterruptHandler::Timer5Handler()
                         0x800'0895   0x1c  Code  Wk  StartUp.o [1]
InterruptHandler::TimerHandler()
                         0x800'0751    0x2  Code  Wk  StartUp.o [1]
Led::Led(IPin const &)   0x800'022d   0x16  Code  Gb  LED.o [3]
Led::SwitchOff() const   0x800'0249   0x10  Code  Gb  LED.o [3]
Led::Toggle() const      0x800'0259   0x10  Code  Gb  LED.o [3]
Pin<GPIOC, (int)13>::IsHigh() const
                         0x800'09ef    0xe  Code  Wk  main.o [1]
Pin<GPIOC, (int)13>::Reset() const
                         0x800'0989   0x10  Code  Wk  main.o [1]
Pin<GPIOC, (int)13>::Toggle() const
                         0x800'0a21    0xc  Code  Wk  main.o [1]
Pin<GPIOC, (int)6>::IsHigh() const
                         0x800'09a9    0xe  Code  Wk  main.o [1]
Pin<GPIOC, (int)6>::Reset() const
                         0x800'0931   0x10  Code  Wk  main.o [1]
Pin<GPIOC, (int)6>::Toggle() const
                         0x800'0a2d    0xa  Code  Wk  main.o [1]
Pin<GPIOC, (int)7>::IsHigh() const
                         0x800'09c5    0xe  Code  Wk  main.o [1]
Pin<GPIOC, (int)7>::Reset() const
                         0x800'0959   0x10  Code  Wk  main.o [1]
Pin<GPIOC, (int)7>::Toggle() const
                         0x800'0a37    0xa  Code  Wk  main.o [1]
Pin<GPIOC, (int)8>::IsHigh() const
                         0x800'09d3    0xe  Code  Wk  main.o [1]
Pin<GPIOC, (int)8>::Reset() const
                         0x800'0969   0x10  Code  Wk  main.o [1]
Pin<GPIOC, (int)8>::Toggle() const
                         0x800'0a09    0xc  Code  Wk  main.o [1]
Pin<GPIOC, (int)9>::IsHigh() const
                         0x800'09e1    0xe  Code  Wk  main.o [1]
Pin<GPIOC, (int)9>::Reset() const
                         0x800'0979   0x10  Code  Wk  main.o [1]
Pin<GPIOC, (int)9>::Toggle() const
                         0x800'0a15    0xc  Code  Wk  main.o [1]
Region$$Table$$Base      0x800'0728          --   Gb  - Linker created -
Region$$Table$$Limit     0x800'0750          --   Gb  - Linker created -
SHT$$INIT_ARRAY$$Base    0x800'0a90          --   Gb  - Linker created -
SHT$$INIT_ARRAY$$Limit   0x800'0a94          --   Gb  - Linker created -
SHT$$PREINIT_ARRAY$$Base
                         0x800'0a90          --   Gb  - Linker created -
SHT$$PREINIT_ARRAY$$Limit
                         0x800'0a90          --   Gb  - Linker created -
SlideMode::CalculateNextIndex()
                         0x800'0431   0x3e  Code  Gb  SlideMode.o [6]
SlideMode::SlideMode(std::array<ILed *, (unsigned int)4> const &)
                         0x800'03d1   0x20  Code  Gb  SlideMode.o [6]
SlideMode::Update()      0x800'03f5   0x3c  Code  Gb  SlideMode.o [6]
Thunk for (offset -4) Pin<GPIOC, (int)13>::IsHigh() const
                         0x800'0a89    0x6  Code  Wk  main.o [1]
Thunk for (offset -4) Pin<GPIOC, (int)6>::IsHigh() const
                         0x800'0a71    0x6  Code  Wk  main.o [1]
Thunk for (offset -4) Pin<GPIOC, (int)7>::IsHigh() const
                         0x800'0a77    0x6  Code  Wk  main.o [1]
Thunk for (offset -4) Pin<GPIOC, (int)8>::IsHigh() const
                         0x800'0a7d    0x6  Code  Wk  main.o [1]
Thunk for (offset -4) Pin<GPIOC, (int)9>::IsHigh() const
                         0x800'0a83    0x6  Code  Wk  main.o [1]
TreeMode::TreeMode(std::array<ILed *, (unsigned int)4> const &)
                         0x800'0381   0x1c  Code  Gb  TreeMode.o [7]
TreeMode::Update()       0x800'03a1   0x30  Code  Gb  TreeMode.o [7]
Virtual function table for AllMode
                         0x800'08d0   0x10  Data  Wk  AllMode.o [4]
Virtual function table for Button
                         0x800'06e0   0x24  Data  Wk  Button.o [2]
Virtual function table for ChessMode
                         0x800'08e0   0x10  Data  Wk  ChessMode.o [5]
Virtual function table for Garland
                         0x800'09fc    0xc  Data  Wk  main.o [1]
Virtual function table for IMode
                         0x800'08c0   0x10  Data  Wk  AllMode.o [4]
Virtual function table for Led
                         0x800'08f0   0x10  Data  Wk  LED.o [3]
Virtual function table for Pin<GPIOC, (int)13>
                         0x800'07d4   0x20  Data  Wk  main.o [1]
Virtual function table for Pin<GPIOC, (int)6>
                         0x800'0754   0x20  Data  Wk  main.o [1]
Virtual function table for Pin<GPIOC, (int)7>
                         0x800'0774   0x20  Data  Wk  main.o [1]
Virtual function table for Pin<GPIOC, (int)8>
                         0x800'0794   0x20  Data  Wk  main.o [1]
Virtual function table for Pin<GPIOC, (int)9>
                         0x800'07b4   0x20  Data  Wk  main.o [1]
Virtual function table for SlideMode
                         0x800'0900   0x10  Data  Wk  SlideMode.o [6]
Virtual function table for TreeMode
                         0x800'0910   0x10  Data  Wk  TreeMode.o [7]
__call_ctors             0x800'0815   0x18  Code  Gb  cppinit.o [8]
__cmain                  0x800'084d         Code  Gb  cmain.o [11]
__exit                   0x800'0881   0x14  Code  Gb  exit.o [12]
__iar_copy_init3         0x800'0357   0x2a  Code  Gb  copy_init3.o [11]
__iar_cstart_call_ctors
                         0x800'07f5   0x20  Code  Gb  cmain_call_ctors.o [11]
__iar_data_init3         0x800'06b9   0x28  Code  Gb  data_init.o [11]
__iar_debug_exceptions   0x800'087e    0x1  Data  Gb  unwind_debug.o [12]
__iar_init_vfp           0x800'0705         Code  Gb  fpinit_M.o [10]
__iar_program_start      0x800'0999   0x10  Code  Gb  StartUp.o [1]
__iar_tls$$INIT_ARRAY$$Base
                         0x800'0a94          --   Gb  - Linker created -
__iar_tls$$INIT_ARRAY$$Limit
                         0x800'0a94          --   Gb  - Linker created -
__iar_zero_init3         0x800'0623   0x38  Code  Gb  zero_init3.o [11]
__low_level_init         0x800'086b    0x4  Code  Gb  low_level_init.o [8]
__sti__routine           0x800'011d   0x56  Code  Lc  main.o [1]
__vector_table           0x800'0000  0x11c  Data  Lc  StartUp.o [1]
_call_main               0x800'0859         Code  Gb  cmain.o [11]
_exit                    0x800'0875         Code  Gb  cexit.o [11]
allMode                 0x2000'0088    0x8  Data  Gb  main.o [1]
bool FieldValueBase<TIM5_SR_UIF_Values<TIM5::SR, (unsigned int)0, (unsigned int)1, ReadWriteMode, TIM5::TIM5SRBase>, TIM5::TIM5SRBase, (unsigned int)1>::IsSet<ReadWriteMode, void>()
                         0x800'08b1   0x10  Code  Wk  StartUp.o [1]
chessMode               0x2000'0090    0x8  Data  Gb  main.o [1]
decltype(((param#1.size)())) std::size<std::array<ILed *, (unsigned int)4>>(std::array<ILed *, (unsigned int)4> const &)
                         0x800'05b7    0x8  Code  Wk  ChessMode.o [5]
exit                     0x800'086f    0x4  Code  Gb  exit.o [8]
flag                    0x2000'0098    0x4  Data  Wk  main.o [1]
garland                 0x2000'005c    0xc  Data  Gb  main.o [1]
led1                    0x2000'0068    0x8  Data  Gb  main.o [1]
led2                    0x2000'0070    0x8  Data  Gb  main.o [1]
led3                    0x2000'0078    0x8  Data  Gb  main.o [1]
led4                    0x2000'0080    0x8  Data  Gb  main.o [1]
leds                    0x2000'0000   0x10  Data  Gb  main.o [1]
main                     0x800'0189   0x5c  Code  Gb  main.o [1]
modes                   0x2000'0010   0x10  Data  Gb  main.o [1]
pinC13                   0x800'0a60    0x8  Data  Wk  main.o [1]
pinC6                    0x800'0a40    0x8  Data  Wk  main.o [1]
pinC7                    0x800'0a48    0x8  Data  Wk  main.o [1]
pinC8                    0x800'0a50    0x8  Data  Wk  main.o [1]
pinC9                    0x800'0a58    0x8  Data  Wk  main.o [1]
slideMode               0x2000'0040   0x10  Data  Gb  main.o [1]
std::array<IButtonObserver *, (unsigned int)4>::operator [](unsigned int)
                         0x800'05a3    0x6  Code  Wk  Button.o [2]
std::array<IButtonObserver *, (unsigned int)4>::operator [](unsigned int) const
                         0x800'059d    0x6  Code  Wk  Button.o [2]
std::array<ILed *, (unsigned int)4>::begin() const
                         0x800'060d    0x8  Code  Wk  AllMode.o [4]
std::array<ILed *, (unsigned int)4>::data() const
                         0x800'0621    0x2  Code  Wk  AllMode.o [4]
std::array<ILed *, (unsigned int)4>::end() const
                         0x800'0615    0xa  Code  Wk  AllMode.o [4]
std::array<ILed *, (unsigned int)4>::operator [](unsigned int) const
                         0x800'05b1    0x6  Code  Wk  ChessMode.o [5]
std::array<ILed *, (unsigned int)4>::size() const
                         0x800'0609    0x4  Code  Wk  ChessMode.o [5]
std::array<IMode *, (unsigned int)4>::operator [](unsigned int) const
                         0x800'05f1    0x6  Code  Wk  main.o [1]
std::array<IMode *, (unsigned int)4>::size() const
                         0x800'068b    0x4  Code  Wk  main.o [1]
treeMode                0x2000'0050    0xc  Data  Gb  main.o [1]
unsigned int RegisterBase<(unsigned int)1073874960, (unsigned int)32, ReadMode>::Get<ReadMode, void>()
                         0x800'09b9    0xc  Code  Wk  main.o [1]
unsigned int RegisterBase<(unsigned int)1073874964, (unsigned int)32, ReadWriteMode>::Get<ReadWriteMode, void>()
                         0x800'0941    0xc  Code  Wk  main.o [1]
userButton1             0x2000'0020   0x20  Data  Gb  main.o [1]
void FieldValueBase<GPIOC_MODER_MODER15_Values<GPIOC::MODER, (unsigned int)12, (unsigned int)2, ReadWriteMode, GPIOC::GPIOCMODERBase>, GPIOC::GPIOCMODERBase, (unsigned int)1>::Set<ReadWriteMode, void>()
                         0x800'0521   0x14  Code  Wk  main.o [1]
void FieldValueBase<GPIOC_MODER_MODER15_Values<GPIOC::MODER, (unsigned int)14, (unsigned int)2, ReadWriteMode, GPIOC::GPIOCMODERBase>, GPIOC::GPIOCMODERBase, (unsigned int)1>::Set<ReadWriteMode, void>()
                         0x800'0535   0x14  Code  Wk  main.o [1]
void FieldValueBase<GPIOC_MODER_MODER15_Values<GPIOC::MODER, (unsigned int)16, (unsigned int)2, ReadWriteMode, GPIOC::GPIOCMODERBase>, GPIOC::GPIOCMODERBase, (unsigned int)1>::Set<ReadWriteMode, void>()
                         0x800'0549   0x14  Code  Wk  main.o [1]
void FieldValueBase<GPIOC_MODER_MODER15_Values<GPIOC::MODER, (unsigned int)18, (unsigned int)2, ReadWriteMode, GPIOC::GPIOCMODERBase>, GPIOC::GPIOCMODERBase, (unsigned int)1>::Set<ReadWriteMode, void>()
                         0x800'055d   0x14  Code  Wk  main.o [1]
void FieldValueBase<RCC_AHB1ENR_DMA2EN_Values<RCC::APB1ENR, (unsigned int)3, (unsigned int)1, ReadWriteMode, RCC::RCCAPB1ENRBase>, RCC::RCCAPB1ENRBase, (unsigned int)1>::Set<ReadWriteMode, void>()
                         0x800'04cd   0x14  Code  Wk  main.o [1]
void FieldValueBase<RCC_AHB1ENR_GPIOCEN_Values<RCC::AHB1ENR, (unsigned int)2, (unsigned int)1, ReadWriteMode, RCC::RCCAHB1ENRBase>, RCC::RCCAHB1ENRBase, (unsigned int)1>::Set<ReadWriteMode, void>()
                         0x800'050d   0x14  Code  Wk  main.o [1]
void FieldValueBase<TIM5_CR1_CEN_Values<TIM5::CR1, (unsigned int)0, (unsigned int)1, ReadWriteMode, TIM5::TIM5CR1Base>, TIM5::TIM5CR1Base, (unsigned int)1>::Set<ReadWriteMode, void>()
                         0x800'04b9   0x14  Code  Wk  main.o [1]
void FieldValueBase<TIM5_DIER_UIE_Values<TIM5::DIER, (unsigned int)0, (unsigned int)1, ReadWriteMode, TIM5::TIM5DIERBase>, TIM5::TIM5DIERBase, (unsigned int)1>::Set<ReadWriteMode, void>()
                         0x800'04f9   0x14  Code  Wk  main.o [1]
void FieldValueBase<TIM5_SR_UIF_Values<TIM5::SR, (unsigned int)0, (unsigned int)1, ReadWriteMode, TIM5::TIM5SRBase>, TIM5::TIM5SRBase, (unsigned int)0>::Set<ReadWriteMode, void>()
                         0x800'04a9   0x10  Code  Wk  main.o [1]
void RegisterBase<(unsigned int)1073744932, (unsigned int)32, ReadWriteMode>::Write<ReadWriteMode, void>(unsigned int)
                         0x800'049d    0xc  Code  Wk  main.o [1]
void RegisterBase<(unsigned int)1073744936, (unsigned int)32, ReadWriteMode>::Write<ReadWriteMode, void>(unsigned int)
                         0x800'04e1    0xc  Code  Wk  main.o [1]
void RegisterBase<(unsigned int)1073744940, (unsigned int)32, ReadWriteMode>::Write<ReadWriteMode, void>(unsigned int)
                         0x800'0491    0xc  Code  Wk  main.o [1]
void RegisterBase<(unsigned int)1073874964, (unsigned int)32, ReadWriteMode>::Toggle<ReadWriteMode, void>(unsigned int)
                         0x800'0921   0x10  Code  Wk  main.o [1]
void RegisterBase<(unsigned int)1073874964, (unsigned int)32, ReadWriteMode>::Write<ReadWriteMode, void>(unsigned int)
                         0x800'094d    0xc  Code  Wk  main.o [1]
void RegisterBase<(unsigned int)3758153988, (unsigned int)32, ReadWriteMode>::Write<ReadWriteMode, void>(unsigned int)
                         0x800'04ed    0xc  Code  Wk  main.o [1]


[1] = R:\POIP\POIP\POIP2\Rabots\Rabota_2\Debug\Obj
[2] = R:\POIP\POIP\POIP2\Rabots\Rabota_2\Debug\Obj\Components\Button
[3] = R:\POIP\POIP\POIP2\Rabots\Rabota_2\Debug\Obj\Components\LED
[4] = R:\POIP\POIP\POIP2\Rabots\Rabota_2\Debug\Obj\Modes\AllMode
[5] = R:\POIP\POIP\POIP2\Rabots\Rabota_2\Debug\Obj\Modes\ChessMode
[6] = R:\POIP\POIP\POIP2\Rabots\Rabota_2\Debug\Obj\Modes\SlideMode
[7] = R:\POIP\POIP\POIP2\Rabots\Rabota_2\Debug\Obj\Modes\TreeMode
[8] = dl7M_tlf.a
[9] = dlpprt7M_tl_fc.a
[10] = m7M_tls.a
[11] = rt7M_tl.a
[12] = shb_l.a

  1'997 bytes of readonly  code memory
    709 bytes of readonly  data memory
  8'348 bytes of readwrite data memory

Errors: none
Warnings: none
