###############################################################################
#
# IAR ELF Linker V9.30.1.335/W64 for ARM                  02/Dec/2022  17:58:59
# Copyright 2007-2022 IAR Systems AB.
#
#    Output file  =  R:\POIP\POIP\Project_7\Debug\Exe\Project_7.out
#    Map file     =  R:\POIP\POIP\Project_7\Debug\List\Project_7.map
#    Command line =
#        -f R:\POIP\POIP\Project_7\Debug\Exe\Project_7.out.rsp
#        (R:\POIP\POIP\Project_7\Debug\Obj\main.o --no_out_extension -o
#        R:\POIP\POIP\Project_7\Debug\Exe\Project_7.out --map
#        R:\POIP\POIP\Project_7\Debug\List\Project_7.map --config
#        R:\POIP\POIP\Project_7\Project_7.icf --semihosting --entry
#        __iar_program_start --vfe --text_out locale --cpu=Cortex-M4
#        --fpu=VFPv4_sp)
#
###############################################################################

*******************************************************************************
*** RUNTIME MODEL ATTRIBUTES
***

CppFlavor        = *
__CPP_Exceptions = Disabled
__CPP_Language   = C++14
__CPP_Library    = DLib
__CPP_Runtime    = 1
__Heap_Handler   = Basic
__SystemLibrary  = DLib
__dlib_version   = 6


*******************************************************************************
*** HEAP SELECTION
***

The basic heap was selected because --advanced_heap
was not specified and the application did not appear to
be primarily optimized for speed.


*******************************************************************************
*** PLACEMENT SUMMARY
***

"A0":  place at address 0x800'0000 { ro section .intvec };
"P1":  place in [from 0x800'0000 to 0x803'ffff] { ro };
define block CSTACK with size = 8K, alignment = 8 { };
define block HEAP with size = 0, alignment = 8 { };
"P2":  place in [from 0x2000'0000 to 0x2001'ffff] {
          rw, block CSTACK, block HEAP };
initialize by copy { rw };

  Section            Kind         Address    Size  Object
  -------            ----         -------    ----  ------
"A0":                                        0x40
  .intvec            ro code   0x800'0000    0x40  vector_table_M.o [5]
                             - 0x800'0040    0x40

"P1":                                       0x2dc
  .text              ro code   0x800'0040    0xec  main.o [1]
  .text              ro code   0x800'012c    0x34  main.o [1]
  .text              ro code   0x800'0160    0x10  main.o [1]
  .text              ro code   0x800'0170     0xc  main.o [1]
  .text              ro code   0x800'017c    0x14  main.o [1]
  .text              ro code   0x800'0190    0x14  main.o [1]
  .text              ro code   0x800'01a4    0x14  main.o [1]
  .text              ro code   0x800'01b8    0x14  main.o [1]
  .text              ro code   0x800'01cc    0x14  main.o [1]
  .text              ro code   0x800'01e0    0x10  main.o [1]
  .text              ro code   0x800'01f0    0x18  main.o [1]
  .text              ro code   0x800'0208    0x2a  copy_init3.o [5]
  .text              ro code   0x800'0232     0x2  vectortrap_M.o [5]
  .text              ro code   0x800'0234    0x28  data_init.o [5]
  .text              ro code   0x800'025c    0x22  fpinit_M.o [4]
  .iar.init_table    const     0x800'0280    0x14  - Linker created -
  .rodata            const     0x800'0294     0x1  unwind_debug.o [6]
  .text              ro code   0x800'0298    0x1e  cmain.o [5]
  .text              ro code   0x800'02b6     0x4  low_level_init.o [2]
  .text              ro code   0x800'02ba     0x4  exit.o [2]
  .text              ro code   0x800'02c0     0xa  cexit.o [5]
  .text              ro code   0x800'02cc    0x14  exit.o [6]
  .text              ro code   0x800'02e0    0x1c  cstartup_M.o [5]
  .rodata            const     0x800'02fc    0x10  main.o [1]
  Initializer bytes  const     0x800'030c    0x10  <for P2-1>
  .rodata            const     0x800'031c     0x0  copy_init3.o [5]
                             - 0x800'031c   0x2dc

"P2", part 1 of 2:                           0x10
  P2-1                        0x2000'0000     0xd  <Init block>
    .data            inited   0x2000'0000     0x4  main.o [1]
    .bss             inited   0x2000'0004     0x4  main.o [1]
    .data            inited   0x2000'0008     0x2  main.o [1]
    .data            inited   0x2000'000a     0x2  main.o [1]
    .bss             inited   0x2000'000c     0x1  main.o [1]
                            - 0x2000'000d     0xd

"P2", part 2 of 2:                         0x2000
  CSTACK                      0x2000'0010  0x2000  <Block>
    CSTACK           uninit   0x2000'0010  0x2000  <Block tail>
                            - 0x2000'2010  0x2000

Unused ranges:

         From           To      Size
         ----           --      ----
   0x800'031c   0x803'ffff  0x3'fce4
  0x2000'2010  0x2001'ffff  0x1'dff0


*******************************************************************************
*** INIT TABLE
***

          Address      Size
          -------      ----
Copy (__iar_copy_init3)
    1 source range, total size 0x10 (123% of destination):
           0x800'030c  0x10
    1 destination range, total size 0xd:
          0x2000'0000   0xd



*******************************************************************************
*** MODULE SUMMARY
***

    Module            ro code  ro data  rw data
    ------            -------  -------  -------
command line/config:
    -------------------------------------------
    Total:

R:\POIP\POIP\Project_7\Debug\Obj: [1]
    main.o                456       29       13
    -------------------------------------------
    Total:                456       29       13

dl7M_tln.a: [2]
    exit.o                  4
    low_level_init.o        4
    -------------------------------------------
    Total:                  8

dlpprt7M_tl_nc.a: [3]
    -------------------------------------------
    Total:

m7M_tls.a: [4]
    fpinit_M.o             34
    -------------------------------------------
    Total:                 34

rt7M_tl.a: [5]
    cexit.o                10
    cmain.o                30
    copy_init3.o           42
    cstartup_M.o           28
    data_init.o            40
    vector_table_M.o       64
    vectortrap_M.o          2
    -------------------------------------------
    Total:                216

shb_l.a: [6]
    exit.o                 20
    unwind_debug.o                   1
    -------------------------------------------
    Total:                 20        1

    Gaps                    7        2
    Linker created                  23    8'192
-----------------------------------------------
    Grand Total:          741       55    8'205


*******************************************************************************
*** ENTRY LIST
***

Entry                       Address  Size  Type      Object
-----                       -------  ----  ----      ------
.iar.init_table$$Base    0x800'0280         --   Gb  - Linker created -
.iar.init_table$$Limit   0x800'0294         --   Gb  - Linker created -
?main                    0x800'0299        Code  Gb  cmain.o [5]
BusFault_Handler         0x800'0233        Code  Wk  vectortrap_M.o [5]
ButtonRegimen(signed char)
                         0x800'0095  0x2a  Code  Gb  main.o [1]
CSTACK$$Base            0x2000'0010         --   Gb  - Linker created -
CSTACK$$Limit           0x2000'2010         --   Gb  - Linker created -
Chess()                  0x800'006f  0x26  Code  Gb  main.o [1]
Cristmas()               0x800'0053  0x10  Code  Gb  main.o [1]
CristmasTree<GPIOC::ODR, (int)6, (int)9, (int)8, (int)7>::Blink()
                         0x800'012d  0x34  Code  Wk  main.o [1]
CristmasTree<GPIOC::ODR, (int)6, (int)9, (int)8, (int)7>::currentLed
                        0x2000'0004   0x4  Data  Wk  main.o [1]
CristmasTree<GPIOC::ODR, (int)6, (int)9, (int)8, (int)7>::portNum
                         0x800'02fc  0x10  Data  Wk  main.o [1]
DebugMon_Handler         0x800'0233        Code  Wk  vectortrap_M.o [5]
Delay(int)               0x800'0041  0x12  Code  Gb  main.o [1]
HardFault_Handler        0x800'0233        Code  Wk  vectortrap_M.o [5]
MemManage_Handler        0x800'0233        Code  Wk  vectortrap_M.o [5]
Migalka()                0x800'0063   0xc  Code  Gb  main.o [1]
NMI_Handler              0x800'0233        Code  Wk  vectortrap_M.o [5]
PendSV_Handler           0x800'0233        Code  Wk  vectortrap_M.o [5]
Region$$Table$$Base      0x800'0280         --   Gb  - Linker created -
Region$$Table$$Limit     0x800'0294         --   Gb  - Linker created -
SVC_Handler              0x800'0233        Code  Wk  vectortrap_M.o [5]
SysTick_Handler          0x800'0233        Code  Wk  vectortrap_M.o [5]
UsageFault_Handler       0x800'0233        Code  Wk  vectortrap_M.o [5]
__cmain                  0x800'0299        Code  Gb  cmain.o [5]
__exit                   0x800'02cd  0x14  Code  Gb  exit.o [6]
__iar_copy_init3         0x800'0209  0x2a  Code  Gb  copy_init3.o [5]
__iar_data_init3         0x800'0235  0x28  Code  Gb  data_init.o [5]
__iar_debug_exceptions   0x800'0294   0x1  Data  Gb  unwind_debug.o [6]
__iar_init_vfp           0x800'025d        Code  Gb  fpinit_M.o [4]
__iar_program_start      0x800'02e1        Code  Gb  cstartup_M.o [5]
__low_level_init         0x800'02b7   0x4  Code  Gb  low_level_init.o [2]
__vector_table           0x800'0000        Data  Gb  vector_table_M.o [5]
_call_main               0x800'02a5        Code  Gb  cmain.o [5]
_exit                    0x800'02c1        Code  Gb  cexit.o [5]
bool FieldValueBase<GPIOC_IDR_IDR13_Values<GPIOC::IDR, (unsigned int)13, (unsigned int)1, ReadMode, GPIOC::GPIOCIDRBase>, GPIOC::GPIOCIDRBase, (unsigned int)0>::IsSet<ReadMode, void>()
                         0x800'01f1  0x18  Code  Wk  main.o [1]
clic                    0x2000'000c   0x1  Data  Gb  main.o [1]
exit                     0x800'02bb   0x4  Code  Gb  exit.o [2]
main                     0x800'00bf  0x5c  Code  Gb  main.o [1]
pt                      0x2000'000a   0x2  Data  Gb  main.o [1]
st                      0x2000'0008   0x2  Data  Gb  main.o [1]
timer                   0x2000'0000   0x4  Data  Gb  main.o [1]
void FieldValueBase<GPIOC_MODER_MODER15_Values<GPIOC::MODER, (unsigned int)12, (unsigned int)2, ReadWriteMode, GPIOC::GPIOCMODERBase>, GPIOC::GPIOCMODERBase, (unsigned int)1>::Set<ReadWriteMode, void>()
                         0x800'0191  0x14  Code  Wk  main.o [1]
void FieldValueBase<GPIOC_MODER_MODER15_Values<GPIOC::MODER, (unsigned int)14, (unsigned int)2, ReadWriteMode, GPIOC::GPIOCMODERBase>, GPIOC::GPIOCMODERBase, (unsigned int)1>::Set<ReadWriteMode, void>()
                         0x800'01a5  0x14  Code  Wk  main.o [1]
void FieldValueBase<GPIOC_MODER_MODER15_Values<GPIOC::MODER, (unsigned int)16, (unsigned int)2, ReadWriteMode, GPIOC::GPIOCMODERBase>, GPIOC::GPIOCMODERBase, (unsigned int)1>::Set<ReadWriteMode, void>()
                         0x800'01b9  0x14  Code  Wk  main.o [1]
void FieldValueBase<GPIOC_MODER_MODER15_Values<GPIOC::MODER, (unsigned int)18, (unsigned int)2, ReadWriteMode, GPIOC::GPIOCMODERBase>, GPIOC::GPIOCMODERBase, (unsigned int)1>::Set<ReadWriteMode, void>()
                         0x800'01cd  0x14  Code  Wk  main.o [1]
void FieldValueBase<GPIOC_MODER_MODER15_Values<GPIOC::MODER, (unsigned int)26, (unsigned int)2, ReadWriteMode, GPIOC::GPIOCMODERBase>, GPIOC::GPIOCMODERBase, (unsigned int)0>::Set<ReadWriteMode, void>()
                         0x800'01e1  0x10  Code  Wk  main.o [1]
void FieldValueBase<RCC_AHB1ENR_GPIOCEN_Values<RCC::AHB1ENR, (unsigned int)2, (unsigned int)1, ReadWriteMode, RCC::RCCAHB1ENRBase>, RCC::RCCAHB1ENRBase, (unsigned int)1>::Set<ReadWriteMode, void>()
                         0x800'017d  0x14  Code  Wk  main.o [1]
void RegisterBase<(unsigned int)1073874964, (unsigned int)32, ReadWriteMode>::Toggle<ReadWriteMode, void>(unsigned int)
                         0x800'0161  0x10  Code  Wk  main.o [1]
void RegisterBase<(unsigned int)1073874964, (unsigned int)32, ReadWriteMode>::Write<ReadWriteMode, void>(unsigned int)
                         0x800'0171   0xc  Code  Wk  main.o [1]


[1] = R:\POIP\POIP\Project_7\Debug\Obj
[2] = dl7M_tln.a
[3] = dlpprt7M_tl_nc.a
[4] = m7M_tls.a
[5] = rt7M_tl.a
[6] = shb_l.a

    741 bytes of readonly  code memory
     55 bytes of readonly  data memory
  8'205 bytes of readwrite data memory

Errors: none
Warnings: none
